. . ..D. E.** .  .D H H.  B.  
GA.   I. .@! WGE  . I..C.. .A 
.DF  B.ED.I E..E.#  CCAHR.H.AD
. . .. A\#B...D   CE G.H! .\  
D #. B.DF@  H  GW\#.EI#.\\  A.
*B. F C\ ICG  *.E#A*# H.W.## #
A  .I..\ I*IG* .BHE#FC   A@F.A
 .#...HD .CF  FD#CD.!.  . D*I\
D B  \A # D!.D!!H..!G!I H .*  
. \ .B* #BC.#  !  .97H.G@. . G
@.EC\WE@.   ..\* F6   \.... .\
F.. F . ..W W  # BG   IW.\.#! 
IG.5..H. @BE@**  E .   ECDC D.
 B CF. . ..*G     ..   .W. #I.
HD...II   ..  F A !C.FD. AAD *
 G#.  ..W.   .. B. B.@. IIDH! 
!CFBAB W   .B. 4. E.  D@I.....
 #.. BD BAA.H.H. G .. EH.  \. 
G.!I .#IB! !.* .AD.*@.@CC.@\CH
\GCE..1H.H .@   .  .WF\H@B H.W
.ICD\ . ..! D. G.FIGF@*BH  !.B
! IW. G   G. ....@#.  .AWG3*..
#HGG.*G.W\  G.I W  .F  CBH .. 
 !.@ WEAG . @A . #..#.I.\BH@  
HCG!F A.*. # A G@.A #*#*B  !H 
.. .# .WC.. *  G @W A!GB.AA   
@F.#W  .!. G2I..  LGG.I  *\ .E
 ..G #HII..IE! A\IIH..I.GB    
F..   .   D!IC\#**@#@ . .  # .
#..IB ! . .#G  *HC8.HA. ...I..

Growth 5
Razors 0
Water 1
Flooding 5
Waterproof 7
Trampoline A targets 1
Trampoline B targets 2
Trampoline C targets 3
Trampoline D targets 4
Trampoline E targets 5
Trampoline F targets 6
Trampoline G targets 7
Trampoline H targets 8
Trampoline I targets 9
