EAF..D .G  ..*AI*IC!BDG *AIG ICI!  .AC HD A G..!H IWD #.HWW.HF. BA\##!@ AG*! DCW
FDW  G.F.     EFI.G@\.GG. .BE\ .\W@.WGWB*#GG..!BAA!I!BEE\ .D *FD.H  ..C.BCDCHD!!
 W! FA!FC*@# .B #@EAW H ..F.CCIG##.B #. GF. .EW#. WA#GBDAH FHWFGCGE.DB.EF W.@D#\
WE .  .AA@.\D#  D.\  CA.!. #.E***.C  FH#B.!BI  .A.FID.II !I#BC!D..H.WEWABG* AIB*
 CFCAIA\.W.DE!G\! !F  BI\H..!EDDHIB.#C WE DAA@ D#DBHIW AH  5H\ICD*@@FFB# !GG\ #B
ED.WIB#H*DDHHA.GW. F.DA.I@E. D@!C..D.\HD!.#GF .F. H!\B!. AAA*G# F!# .@WB CH G# A
**FF.AG!A#E.  F#W GGFW\IDB!G GD!\DDA .EDIF.F.DD .#@*DF\#*HC*!I#.@#W!F.BFB#.EW AE
!#@DEHH#A.B F E H@E@.E!#@ HGB@#G E.DI*@AF@IDE#@FGC.A W.D@ .!FB*DC@EFED#.E B.D\W.
!#@..HCAGACD!.G!CC 6\GW AAI@\#.FF   . IEC.CF*\\*!.E  G@@DA@.\\HI#BB.@.H DC!AC@. 
CDF.@#*.!WEB!#\IH*.\W\ HDW.  FD.DWF.\!H@\ #A\!F F\.! . #.ECABWAEA\BEI EA\EA.*.G.
CAH GE W.\ E\I##.#D@\BI  . BC .CW!.G @EF##*CIGBB.E F@ B FFH!F H#EW\B. DGH\DC\\*!
H W*  EH  CCG\C.@AFF*#BIHFIFH \I C .HA*W# BD!\ \#B..BI B@DIAIW@@ \#@D HBA.HF#.!.
EH@ICIID*C\F..WAHB.GWA*DF ADBC.D* H E @H D.@B CHW#E W# F    F B.HG   A  G.\ E  A
CG II \ F*C.#! .#. #.#! F*\A. W*.B *@!.D@@.BHF#I F@H*!.AH#E..ADI#D\G.E !#H!!D.\@
IFI\D# GH@A@@ C.G@E.C@C .\\\GD@..WF.*WAI.\E .GA I D F@I*.EB HWCD ...A@..\A\H@A.D
B.A.. @.WC C. G*\ !FW!C W A I !DGFF@GEC .BG\A .E!GAG A .BIDF*E FB EG. C@! \ WD. 
F.DHG.. .EB #H*F H AA\.I G!# HIAC#IDW.W!E**.H  WE.GG HC. B.EABH.D\.D ..!D#EAC* .
BCFG!*E# E.W!\ .GH \I  B*WF\!.!\.D.*.GA * WC.C.E!H!.I AH\F.\H!H*H FWWDFF.!WW @!#
FE.FGI.\ @ G@  ! @EBWBW..@B ..D @IB##  .!. H.AWG#.#  .A.FFW. @.FI .I\. W*!H D\* 
 EG WA .#FE G#!\ @@AWW\C\H\A\.B@.  AD**C. 3GF # *F.#@W  \  @B  CEGDWEG.BEF !H#I.
 . .#B.IGG@W\ AB.##I. *!D.BBBB !G*B#C.*...A\C*.A#W#@ *GHI! G*!G..E.DCW   ACIGE @
 EE\W..B#*A.. EHDDEBAFH..G!.HGA.#FIGC.I*F@A*@EC! I.DW D#.G.! .#BIHDFDB CG.D!*AA.
 C.* !.AH!A.*GFG#*E  #D..C F\\F@EI*.#CDGW !AE. . .  .*D#  B A.I!.W. FF.@\*G IC*@
# !.#BC#CHGGFF\4D  C. * B.  B.DFBEEAGBABB C E* .\D\. !H#GH  E*.E@#.@IE@FBBB.IH G
.@W   I*C\@C#@FWH DAED. ..!AEE @. #ABF. ...IHG*\AWB@F!W. @.@A*GH*D.WH.I!\.DIW\.#
W. FBBA#BAF \@DDA!HAD\C.WIW IF @EH. . \@BAB* @.HFG @AGE.G!\G\!..G\ FB \F@ G\*@ I
H  .C   ..H AE.C I@..A\*GD.W@.#FIHHFG\. H#EE.D\#B G. AB BF.IBABG B.WC!WAGF\D .  
.ID !F.FW!#.E@ G.*W* ** ! II.B G@CGH\\\ADCDEDH..GGW.AGCDGCE .A !.#DA@..C#II!CW! 
@.C HW@B!DDHH..@. E\ E.IAEHIAH G AG\.#. #.AWEHWB.*W.CB .#D@@IDE #I . @FG#I. W\HG
 IAE*G.G EF DD!.IF#.I GC#E#DH*HWAD!@C HAHF\.CC \ .!D*# !\!\W.. \W.CB. .A@W\F#.#F
 ! WDF. DCH@CWCABDE\IC#. G!W !  GA.W!*.. .\.WWDG W##B#B.CH .I!D\E.WBGW B.HG*C  W
DH!\ !\.C#*FC!BHEC. \ IH!@*W#F WHB W.E. .HDHB.C.*E  BE#@\*@!C#@E.!AF*#H FBD F !W
C#.@ E.H.! BAI B\BBF@@\.\AD#.GCH IHW  FWGC HDIW.IH* #.E.#H.CB\.F. AW#.B.E#FFH WC
FFF..GCW. H@..#!.@GH F#.F..C*#HWA!B#H..*B.GEGBE.DF.DFDDH@. E# .IF@H*D.F#!HEEA A@
G.*EHH CW.WHHIEB AFDAI.F IH\*DF# !HA F# EHI!.GH.!GDI DB EIFG@CG C.E.I  !A \*! #G
I...F!G.B CAHC.WB..GF#\.\!AFF#W!I .## AE@ GE ! E.B#I#!DD.BE*I.F.DC..!HGF!. E*CBH
..A \.I* A CW. .FHCC \FFDIGF \HG!@CE I!! @WB.IDFED*#C@B**C\ B.FG  C. \.!.HE I. G
G.I.GWEBH .A HIA. A@ABGHID\HE# A.DCWE C!IFDH#GW\* #*#@WB#!# . WB.* HCA.I.A DH* F
BF\ C\.IBF\CI#HIB * F@ G.DG.H\.GD..*D@! \. G !!#H.@. !\@GC .D*FW#G*.@.* \.G@.A *
..*BDCB  HA. !.C.B.DC\I.!HG.. .B@.*GC.!.@EAI F .AIFF W I#\ *@.EB9AF#.D\CCC# FB \
BIW  D C@ F#*#F  @. .B\C WC #I!DAGF@@.D F.#F@  \B.F.I!*WWWBI@#GC A!@G#EHFIWH*D.G
WF EB.A#B@ @A* CW. .GDF WGEE.EH#@@ ..D\  FCF.#DG\.C!G... !A* FE#FG#\ G  WD \!C..
D@A#EAA C .*G.*.HG.D#H.\B DBED\.I.#BHD.DG *W  F!G.W.G!DFWDF  D#CAG A@F.B.G#D.FWB
\CB#C.FWEB*E @H@ WFEW#*FB.W . EW  DDH.#A  @GE.# * G* WH*!E.\DIF\BWAB*WWAED  .F*!
!E!A*W.WBEDH.E*DE@GEHAH * DF! \B@BE G@# \.C.!E*** G\..I. A*DF*WC.*.... H!.DEFE H
W!D.@E EF \.@! \@.*HGEIH#HI*BH. *! I\FBWWW@GC!B!.G .!DA. .AG@G.. H*..#W#FH.FF..A
W*B  IE*W@FFCWW #.W\GD .A ICE!*B! CA!*DABA . ACEB DIHHFG E\  DHA##ED#WC..DA.\I#\
\#E\DCGBFG!#.*\G  .*AA.HB\GFD.  B\.HB@DE. BHCA .@# .D@DH8IA  \HE *GW*AGG E .W.*\
C#WGF   HA#G.F#@IWH \!!FCA#...@B#\*ACF! #**G B!B.!D  BB@  H2B!FFAE.@A@. E E@E\ *
#@#HAB.!. DE\.!B E#.I!!C!CF#\ \..B\#E ..*.GF CCF* *F     I.CW.GDG@.A*A.GFI . \II
 C BD  A#A \B CAEAHB HD.HC!AFI#HAB A  B.C*.@ \.D F @.CD C*#*G\ F\G @..H@ \EHW\IW
BB!DG. H@@!AI!.CAB@BC*C C*.D.E .\#A I.GW. G.\GDFEA#B@F@IF*B\ CEB. @FCBDF..I*\.!.
GC.B* .\F..!WAWW.C .FGFW.@FGWCEEE.I@\..FGW\* DB.H.@ WCHD@W G.F.#GFEE@ IG G.#EI!E
HE*HBE.\.A.\BE..BWWA   G E\ .#BGF*@ #HDA #A. .DD\*FB!H@G..WAWI#!E@AC.*I@W.*IG!DW
BW H.*\#FG@.BDGEWD. WGI@@ #.DF@HC.#CH\C@DIG CF. C@! FD D\C.@WC.IC\IE\* #@BB.I FI
FD.WD HE#.CDW@AA  CBG DCH.I  G#* E E*I W EAD.IC.C !.\C# D\ @D#CBD\.#WWB@@B*F@IW.
.HGB* BA!#D..\CWFB CA#EDBEGW@..GB ICBH*I*BFAI! .# AG.A.E.I WA@ I. \H*IH#   *D# !
HHI.. #*\.@WBE! F. #IA*B.#\@C.\\ \AG AHA.W \@ B BEGG #.D\.@.A @G .!  AW. HB\ #E 
G#H#   GA.H@W FH@C.! FC*ID# H E\G\ I\F..#G*GEG# .I*I@B*IIC.G*W@.E* !A..A BI!AFB#
\BEEB##@#..#CGBFDC HF.D.E\BID#DCEC@ !.GI\GG ABA.E . *#FHE! EF*C IG EE.CC!WGCHC*@
#F *.H!EG.@!AA...#*.@W.  W .EG@FWI # I*B@FBB.WWGD.\!A!BIAI!.GBAD#DBAG.D.B!AFD.W.
 .I\. *F.HF   @\IF.BCGH C!FFEB *AFAD!.** \\#@..EB@G. ! C@!E@GH\FE.H..I#D #GDDD*#
HHH*. FALBICHC H.@AF.W AH!  D.DHCGA .G*.#\B.A.\*B H..@@F#D DA*H! .*.A GD!#IW.G  
CFAW.*E\*@C\.DA@*WE\B..A.  II\WGW*B*EDAD I! FAE IG\I\C\*C \GH..\FB WAW\G@H ..F@!
GI  .!F.G\F.A.!IC BEC..W.!B\@BD!HFF G!B\EBG.B F.W ..\BHI@WGW @  *!.C  HC!# *DF .
!BBE\C. B@DC!FEIA B!C!BDI #B#C#F.A.. G I*WCCBB# *H @@DD@GEFE. .D.#GB *G##W  #B B
DA#..  AA.BD C.W#CHEG.B W WIADIF *DDG!*HCH.GD!!*.D \#EC* ..\DBE I#\!@IE#I!#.\@ H
1 .A@.FIIWH.GGI  * !*@FA*GDAE@EBWB*\  .C@F BI@ D!EHAWW@I@A I..GI.W#H! .D. .H I..
D@!A .*.I..BH# H B.EDWFDW  F ECH.E. BE*IE!.B..EF@HW #BB! IF  *.\E\.DA!CH.E FEB#.
..\*.FBC WH. AI F \.F . **IC.!*.*C!DCA.G. W.\.. !!#. DCIBW\# * !AWC.@.. .WBD\#\H
\DWFI WI IF .HGAD..\E F*\A HEW.GAC.IW GH#!H #.*..@G\H\GEFG!#IIDBI#!I!GIBC@F.*G#\
\...I# A*A#.A.FF DEF#D.*\*.##ACB\D*FH@CH *\W GF.IFCAFEHF   @  HF.BA#C*B\GF.F#HCD
 IFH. #.CAG#!\W.! GC.C. I!.  \!\GA.* E\ICEI\I  .  E C!!\BCC.BGIB*EGGCC..*F@EH*IC
D# F.B.*F@* F..I!.H.DBFBB* .!..*B W.EHD WDH \\B@D\  F... ...   *\HIB.*IC CWAH@ !
.@B E IG D#*EDBCB# .!#! DF#..C*ACICB@IFWW*EIA!.EWEA.B W#FWG.A*I E. .! EII#IW#I *
W*G@W.FH\@FE*HIC!IF@@F.\B@.G\I\ \HHIB ..#. FA@DE ...W@..W.I WE@B\F*..D. F*WG*GWG
GGC.C!F @#DHC G*A.IF*BD#. ICBDEB* .D.G.DC*F!  # IWFI *\#AB..#..*##*@GBG.A@*  ADW
#H#  WD@\H#7@.\F H.IF.A\G.@\FBDWA DH  G  R##I.BW! CA.\ F@ . .W\  G.AD!H @BW..A.E
@IHFEA!CAHDF D.\DADHABFB.!.AA  HGD.*FD!.G #I@ .E.A. WWDW.A.D.FEI..GF\ IF  W*\   
\ \ I F#GW .F.DG  H@H IDD#A\EAW. .G! G..DEEICBFI\##A#*.A@GE BB#CG*C I CAH.\ E!D 

Growth 15
Razors 0
Water 1
Flooding 8 
Waterproof 5
Trampoline A targets 1
Trampoline B targets 2
Trampoline C targets 3
Trampoline D targets 4
Trampoline E targets 5
Trampoline F targets 6
Trampoline G targets 7
Trampoline H targets 8
Trampoline I targets 9
