 E DIHIF .FG.@*HCDIG!!E FFIEWEBBF**FW#H@. * D C#G@C#.I@B F*.I.FA *W .A
@WWC .DGC #BCIE .*D!!WIW.EB.F.C.\\..CDGIF E WI!D@#ECD...# H!.. @  . ..
DH @#.EF@ W. .GWD #HF  *GAE.I D.FB\.\FI*AFWFI #EHC!C\ B#A ..@E  @ .\\@
.I.H@AE.B *B\CDG  G !W!!D C.HI.AF#.WG\..*\ .W*.EI@EW! \ G.EF !EGCBBF..
BG\IG.WIWD *G !.A..B\FB.\AHH!*C.B*.* BWA  FH# BIHF@DA@E !WH. G F\.@. F
 .#G# C!HH A\E.*BH .WG.  .E @.DDE G*WB#D  E @D* EG@I #G..GF W..F .CC *
A!!!D.CBC GAIF.G6!F EA\.WC\.E.  EC!FD#CE.*HWH @ \CF#\B@!DCGFED BWH#.W\
I!WWB# CCI\.W*I#B\.B 9W.@.CG !@.FAD.*E@#.BAI\.##BF. DW ! ..\\\C!CI ..A
. #D#.@WD@EH IB..FH*  I@@\  !  H \!*H#WBDFG! !G!HE!DE F!GH B#EC\*C E.G
 .A.W.. EE.*GIA# *BH! A.C*FF.IH.A.FDW  @AIADDAA ..D BF  F  !.FI .*BECW
.CF DBDG WH\HW.BD.! !IB..* *I!C..E.FA.H  CB D I@.C BG!.HI*W.## *.HW !E
I F.\ B* @FF\. @I #DEDIWG*DAH\#F BD@D.E.@\G  EA *FGGWWEW@  WH...G @  B
FEC *@GW# A\D\AFG.!I#D FWH@#.I*A*B@AWI.\!D#.\I#@!IBDCH!A @F.#  .@.I@#W
DE!G.B B  CCH@E EAD E DDED   !HA GE.##AB!#E  GA.CID   E*W.C IWGDH   C.
 @#@ ......B @!DICHDA  W EG.DH.*..HG E.ABAE**@W *!#WHFC ..@WFB # CE # 
HCWI DFI W I #CBB.HC.DDH..FIWBWH*!F\@W. I\\I  HBWE..IECECIFFA IA.GIIE.
FC*FAGEGF.. A.E.I.EAA*  ...CICA .E@ *CI BB!.GF *!IACG*I AW !  @F.EH.F!
GID#W .  #ACH.FAH.H. BF#...!CW@!II! @.A\A* *#\.E@EH.EW#!CHA@GH   !H F#
 \FHC A.B .I#E#\ G*\!!*#..\!!H\.@*G  W@ABFIHA H . ICE#WB@.HA#C!\*..W \
@ DCW!FF#*I*DH* W.A I F\. FCDG@ E@WDD.@\ .BFGACGIW #B@.DACC GH\* *I!I 
B.BHD.W#CBA. G\*B!@! C!*!EHEE GEW.**#!! B ..   BC.CEC #H!FW\5W..BAD*G#
\HEGA@  C  *!H.GGF\*CE.WGB.@*#G*H*E@.!.A##D@ @IDCEB*  F W! ..A. E EC.G
H@#!#ICFEA#\ *AAWG.*!H !W@DB ..#BCD.@#ID H G#.B@W .#A F ID...F HGB H.G
8GH*.\#.  \ .B*I* IG DGEF\W\@!D!F*\* A*\.I.!B.B.IW...DWW   G\ H*DE#AD!
HC @C !A. G@C! * B.    AGFD!DC GH\. E\\..C * FD. #F..D W!..H WD.WH.B* 
#I..E.H.DE !WCFBC. FCIFD.C#.W@FH\C!*C*IH.! WW#! *  \W . FHW.I .WIDW. !
I*F#. .# \I .@HWBBH..#A A#EC  BA.  A.AG.#*A !!\EC\.H  @WIH.\ .\.CH!FEH
@A.A#..C!GD!AHBB.CF#.! !I.\I A@BEW!FI A .DC.F HAD. A*IHWE#.B.E AF..GEC
 H!W @* HWW.B.!A \AF .C!CD@E AE *HWGE\EGHE* C H \@W!.FH!.D#H ..DW !DHW
GGHHW\C..IWI.#!.I !WAG   EGCFAF! .DI BAI.W.*. .\! C@@FWW!B*H\BCE.E \FF
@..* . H#GI.\B!#D. . CW HF!GE\IH.W* B*IB..@W. # GBGF.W.D!.BE.H.!.@AF D
\ .G\ \I*FG@!C@CGRE@IBBFGH *EI!E.I.H@D.CC HW#FID.!#@!.BD W\##I @GE #  
I @F. . B! D D#C..!@D.C#F*.C\E@ \.#D@E A.. # .#.EH\@!DI#EW. WB.. GI.* 
CIC.CFI\AD#.@!.G  H  . C.!A#@#AE \DB.GID.F\.E  # IGEB# @#H#BGHFD\\.* *
E#.GI # FH A.  GGGW#AF.A.\H .  !W.*IHDB. I G!.*F...!@I. I CC# #\.*! B\
A DC4\H\ I.C@ED.IAW  *.HD#\W G .!# B*A*IDG#!#.. I \I@ H#G.H.!H#@I#\IB@
W. EG# H.\@  BWH E .W   .DG.\!.EDI* G \\C!@.B  D. DH AC. I*ADF**E.F! W
 #BI..!B#I A#I.  A..*FF@\@E!.E  \\ E@D I!FFW AB*..7..D@BHI.@\\EI@*CWIH
EFGG*EDF\  E\WA@!* . FWG ! W.DH CD. .GA\ A@ F!!*AI.B!\ # F.F*DWE!E\#\@
@ !*BB*.WA.  C  H @ADC...W.EEWEIE!\CG* A. . WDG@F@W.A # @HDF\A.H*CG.I 
 @BWB\GW *FDF.!I#.H.A..BAAGW1\\BH@I\. H.  AG I#WW# #*@!E.@AI\*@FH..WC.
G@ !EG .HIH!.CWE C.\.HE\E.! *.DE@ FGDI#IBI@.ABEE#C@BCFA# ABF.I.F@C *..
@\I EI.  F*D E .#@.CC *A.D. W DHGGWGE\D CIE F.DEWW.!CGC ID BID I**HG !
@IE #A.C.!#*#GF  W@# AW#CI .FW FEH.* GA FG .*#F# HA. F G.EWEW.EWF!W\ D
\ FBW.HC   B.AH.F..GE DCB.IG\F  F*W.I\ CB*D B H!@.A! *.  W#!EIBWD.G.!E
.FE. .#B!#AGAEF@FF!C.I.C E..#! I@@\D.\ DE.G@ * A..#C #.\.F FIHCI..GA!\
H..@AA\BH#.@*W.D!A B@!FWF\.!*DD G\@.W.EI. EG*.GA.@CC HWE..! .CF*FC*AEI
 C. IDG. CE@ CGCI.ID@ *A..W\.EWWH@C\.WB#.G .I.GCHDC * ..G#W@EW!\EC@FI!
HHW #.A#\A .D @E  #\DE.. ...!! WC.#EW@# C*H..E*AGDI*.E\A..HA*DD!.HEE.H
DG@\BB.F@C\\EA . D  ! C\#.** A#!#. F G AGH!D I.GBGGIEF BDGD G   \!F.AA
! . DE    !@ .DF#B.*I.HWE*!ADCW.F\\ DB!G!HF\H B\ FD\E.CH#. # !#!F #EA.
*A\   E.EB*  *E*C#*\.E\E#C.*\#BDAGI. GGH..DDFD.AAC!HW.# 2H!G.BDI \C . 
\E ## HE\HF#\F.EDIW...@F..@\CWA\*H DDD\ # . \ GB \.D BBG*@.E.  EG !I! 
BEE@HWH BF\W W .#*!#  EHI.E\@ \#BB F#G\GC@H.I F!G*# #! IHGWG @W  *.GB!
...\ F A IC#GIAA!A@ H.#GFCH *HG B#A.\BH.BA*H  *D .I.*..B. \ H G.* I# D
*DG .@.G.FGHA.*\\ BIA\HFF\.*E@ \DCEWEG !.BG AGG . G.I\GBWB. @FG HHI*@H
..EWGH\D#.*D*#DHAD#\AHC IF@.AA.CH.D*GIA@E.EH@ . F E# .E*.W.G#H#B WBC W
G !*\HAID.FW !.FD! EDCW@W#.*#A*G. .@HBII..EF@@GID \G\..FDD!#WDE\.\F@FE
 ##F\ @ \L@F #G@BCIFGF#@I.AI\ .#HF@@A\\A.I@B..WH*WI. .@.@*C@\.HD.E\F F
 A\ *CAGF BH\BE\ . .#E@E.!B\FD.. HB!E !DA HC*.WH!B\ H B.E*A#*H.D .C E.
 WG\FCA\.DGG.\.W#BIE@WGE.A  HDI #.#DB..GFAH@\! .G!.#.GA  CG. EICI E3..
@*!.H\.!.@. H.\ !EDF# DG@ # I@.BWW\.*@B# F EI@IA...#*G\  !.B.H.*!@*.CB
FCF I\.HD A#* !  ..DD@  AC* DCI#F.F. FI*C*#WA@C\!@.  \#HIC#E * .F.E!H@
!H  .!AF\I  H\!WEF  E GCH@.@\A# H.  .@ A. DB. AG.HG\AE!G .\ECE* BE@IEB
A IFW*\!F . \.**!DE!  A!!@\ AAE.*IB D@ GC *.  A*A!F.\ .HE HH@IAF*...* 
!WWE .ED .E*.FGIBD WW#.D..I..EB...AE.FG.WHAE #\ .I. #*WE#BHBDI G..B.FI
D A*AB.*.!I  .. D..*\A.W!..ED@ECBWEIFID  CDIA . F HC#FD#CH*DEDH.*.ACE#
 W A.B .@\ .FW  AWF#HE!BEC.A  @\!CEACWHFFC .I .\AE!*B EAC  ED*!HDAWW#H
H CEWD.FEI.W*. ..GE...A.CD!.F.@#E\ C*F#B ! G HC\* \WEDE..FDCA.IW.FW*..
E.F@ FW !AWH G!I. DDBD.FWW#DE@FAI\.B*A .DWE E@GD@*H* DGH.. .G@.W. FB#E

Growth 15
Razors 0
Water 1
Flooding 8 
Waterproof 5
Trampoline A targets 1
Trampoline B targets 2
Trampoline C targets 3
Trampoline D targets 4
Trampoline E targets 5
Trampoline F targets 6
Trampoline G targets 7
Trampoline H targets 8
Trampoline I targets 9
