. . ..A. C... .  .A H G.  @.  
E@.   I. ..* .FC  . H..!.. .\ 
.BD  W.CA.H B..D..  !A\HR.G *A
. .  . \..@...B   !C F.H* ..  
A .. W.BE.  H  F....CI....  \.
.W. D A. I!F  ..C.\.. G..... .
\  .I... H.IF. .@HB.D!   \.E.@
 .....GB .WD  EB.!A.#.  . A.I.
A @  .\ . A*.B**G..#F*I G ..  
. . .@. .@!..  *  .97G.F.. . F
..D!.#C.     ... E6   ..... ..
E.. D . . . #  . @E   I.....* 
IF.5..G. .@D...  C .   C!AW B 
 @ !D. . . .G     .     .. .I 
HA...HI   ..  D \ #A.EA. \@A .
 F..  ..#.   .  W. W... HIAH# 
#!D@@W .   .@. 4. D.  B.H ....
 ... WB W@\.G.G. E .. CG.  .  
F.*I ..H@* *.. .@A.....!!...!G
.F!C..1G.G ..   .  .#E.G.@ G #
.IWB. . ..* B. E.EIFE..WH  #.W
* I.. G   F. ......   .@.F3...
.HFF..E...  F.H #  .D  !WG  . 
 *.. #C\F . .\ . .... I .@H.  
H!F*E @..  . @ E. \ ....W  *G 
.. .. ..!.. .  F .. \#EW.\\   
.E..#  .*. E2I..  LEF.I  .. .D
 ..F .HII..IC* @.IIG..I.EW    
E..   .   B*I!....... . .  . .
.. IW * . ..F  .GA8 G\  ...I..

Growth 5
Razors 0
Water 1
Flooding 5
Waterproof 7
Trampoline A targets 1
Trampoline B targets 2
Trampoline C targets 3
Trampoline D targets 4
Trampoline E targets 5
Trampoline F targets 6
Trampoline G targets 7
Trampoline H targets 8
Trampoline I targets 9
