##############################################################################################################################################################################################################################################################################################################################################################################################################################################################################
#\..* \.  *...\. **.. .. . \.\* ..W... *.** .\* . .*.*.!...\ .\..\.....***\.*  .*..\**..*\..\@*..*.**  *.   **.\*.. **.* ! *.. .  . \.. * .*.   ..  *.  **. **..\.\* *\* .!.. .\  .!\ . . .   * **!.*  .\. *. ..*\.\ . ..\ .\.\*..*  *....  *..  .@   .. ***\\  . \! @\ *. *. .*\ .\  \\.\. .*\. .. *\* . \.*  . . .*....*\ . *..\ .  **.  *.*...* \*\..*\.. .\   .. \**.* *..**.*.....*.*\.   \*   \ .*\ ***. * * .\\..\.*.*\.\ .**...* ... \..#####                        #
#.. .! *!* ... *.*..* .\ ...*..\* \*\..\\.... ! .\ @ \.*  * * ... *.\  .** ....\  . ...! \ *.... **.*\ .. . .*.\. ****   .\ * *  .* . . . .   ...*  .  \.*.......\*.  .. \ *.\.... *..\ .*. **.*\..   **.\** ..\*. .. .\\ . . ... .. ...\.*.  .**\.* *  .****  .     ..* ..\.*.**\.\ .   ..*...\ ..\... *\*...**..*@\ ..*. . \.*.*..\...**.\. .\ !\ *. \*..*.. ....\*.*... ......**. *.\\***.@ !\ ..  ..* ...\.**\. * .\!\   *. *   ..*\ !**\  *\*.* #                       #
#*.*\..*..   . *...*.  . !  .. .\.... ..*\ @  \   .*...  *.... .*. \ .**  ... .*\.\.*.  . *.. *.**. \*\ .*..  .   .\.. \*\..\     ..* \.      *\ *\ .*.. ...* \....*  \..\.*.\..* **. *. *\**.\.   * *.\*.*. *\**..*.** . **. .**\ ..   .**.   .\  *.*\.*.*\... *\\**  \. **.*\ *.**   .. *.*\  . \..*\... *. . .. *\\. *.**   .***\. . . *..\ . .**..*.*..* ..  . ..\*.  ...  **.. ..\. ... . .* . .* .\.*. *...  .*. *\* *\* @...\.**.. \..*. .*   #                       #
# ...***...*.\ ** . . ..*. ..  *..**\*. **.**.\. * . .*  *.**.\*..\.\ .. . .* \. ..\.  .\*.  .\..\...*.. . .\*\.\\....**.*. .\*  .\ *\. .\*\\*\*\.**.\..   **.*   ...* \.  ..*\ * . \*. .* .** .. ..*.... *\.\.*  .   *. .\* **.. . W \  \.*.    * ..*..\.*..*. *.**.. ..*.* .**.*** ***.\  **   * .** **. \. .*\ *\.*.\**..*.\...*. . .  ..*. *\\**!*..* *\ * .....*....\\.***.. \  * \..\    *.* .*...**\.\..\  . \  *\. * *.\*.*. ...     ...*****#                       #
#..\  *\.**... * *...* *.*\ .@*..  **\....\*. .\.\.. ** \. @\  !.** *\. **.\\\ .*\ *..***..      .\* .    . * ... .\ .*.\.\*\.  *\   ...*.*. \.. *.  . * .*\... **.*\.\ ***\ .*.. . *.*. \ . . .\..*. . . . ...** \*..* .\.\..* .*  \  . . * **....\.*  .  ...\..*.*..\ .. . .*.\ *\ ..\ ** ...\*.  .!\***   ....\**\. .*. .\  *\**\ ..  ..  ....*.  .\. .*..***  . .\... * ..* . .*.*.. \. *.  .\  **  *.\ ..* *..*..*\*.** .. ...  . \*\. ..*.*.##*#                       #
#  . .    .  *.. .  \. **.\  ..*.\....\*..!\.  . . .....\.\. .!  .. .* \\*  *.\.*..**...* . . .*.*.**  *. * . \...*....... .* .  *\*\ .. *!*...*..   \...\.@...\ . .*.* *. *.@ ..*\ **..*.* *. \* *....*\ ... .* . . .\.  ..\ . \...*.*. .****..! ..*\ . . . @** ...* . .*...   ..*.. \.\*   . .*. * *.*  .. ** . \.*!.*.**** *. \*. \  **@*.*\ *.  *.*.\ *.\..\...\*.  *..  \. W* !\...   .**    ....  \  *.*.\*  * *.*. *..* * .  .** *. .*\\*.. ##                        #
#\.*\\  \*.*.*    .  . .** .\@.* .\..!..** @\*\. \. *. . .** *.. \..*.\. .* *.* .\*..*. . .. W .\.*\*  . .... .\  . .\ *\....\ *\. ..*.  ..**\\..\ .\ . .**   \\* *....\.\ .**\\*    !\...\..\    .. .*@*.*.. ....*  *\. *  .. *.   . .\.*\.**.*.*..!  ..\. .\.*...*\. . *  *.... .*.*  *. *.   .*   @ . ***... *...  \...\.\.*\*..  .. .\**.. *.**.*.\   *\.**  *..\*. . \*\     .  *\*..  *.\...*\. .\*....*  *\...**@ .!..* \ .    \  .  !.*.**#                          #
#..*...*. . *.* .. .. .**.. .. . *. \  .\\ \ .* \  ** *  .... * \ **\\.*  .\..*.\*  * \..* .\  !*...*  *   ...***.**\.*.\ .*.....**\..\*.  ..* *.**..   **.    **\. . ** *\*\* **  ..  .@.\. . * *.. * *\ *....\ **..  \ .**.* ..\..  . \.*... ... **\.\***\\..*\.\.**.\*. *.* .   ..*.*.  .  .\*\.\... .  \.\ \.  .\    *  *\.  \*\...** ..   . \*.*\. .. * .*  ..* *  ** ... *    **.@. .. \.  *.   *.\. .@\. .* * \.   \.\. ...  .\ ...*\ .. \.##                         #
# @.  ...* . *!. .\ .\*..* *    ..\.*. .. . ***    \\*  .*.\**...** . \.. .  \.**. .*.\ .*  .  *\ *.*... .* \.  *  \*.\*..*.*. \..*.*..\.\  . ... ..*. ...... ***.\.   *  **...*..*     *.   \..*.***. ..\....\* . ..\*.\ . .\. .\  !\*.! .. .**..*\. *. \..  \.  *\.. .   **.**\ * ..\ . ..*.*.. ! * * .. .. *\*... *. .. . ..  .\**.\...\*  .\..! .*  .*\.*.* ..**\*..*\\ *  **\  ** .*.**\*...\* .*.*W  \.\ \ * .\* .**. * ..* ..\  .*.. . .\.  .###                      #
# **\..!\.  ... *\..\ .. **\*. .\\.   . .. .@\. \....*.   \..!.. ... ... .     **  *.* \  \.* .** *\.. *...\*.\ ..*.  ..*..*..*.  .  . **  *\.  .*\*..  *.**.\ . ..*..\. *@* .**..* \\. *  .\***! * \\ \.*..\... .. \ .  .   *..\..*  .   \* *\* .\.*.. .*\.**. *\**\\ @. .  *.*.***. *. \.\.  ...\ . ** .\***. . .*.*  *.*.  * . . **.\..** \@...\...  *...* .\ \.. .**\  ..  *\..\.\.*..*** . . ..*.**. ...  .*.\ .. ... .. \ * * *\ \.\    * .*.   .#                     #
#\. \. \.\ \  **... \*\  \*..  .*.* .\ ... ...**.  . ..**\  .*\   *.*\.*.\ .  *.*.*. .*.  . . .\. *\*.  *.  **. \ *.     \ .. .****..  .. .**\   ...\. ..**.* .. \...*. ....* *. \*. .  *\ ...\\  *. . .\.*.* *.\     .@.\*@ .....*\ *\.\..*!*.\!* ..\  *.\ *.  ..*. **. **.....*..\..  *. **..*\ *\.\...**..\*.*..*.@*** * !\.. .. .*** \.\* .*\   *.  *. \.*\*.... .*....... **.\.\*\* .\***  *.!.*. \.  .  *\.... \.\ ..*.  .\ *.\.\..   . \ * *..  ##                    #
#.*..  .*.* .. ...*.*.  *.@\ .* . ..  . .*.*..**  *** . .. **... \* . *  .\\* \...*** **..  . . . .. ..*\.\*.\ \ .**\  .*.     !\*\.***\ .   .!\  *\* .  !.    .\.. ..** .. **\.  *!.\.\*.** ** .. *\*@*  . . ...*  ...* \ \*\** ** W*  .***..* .. * .. *.* * *.\\. .\* ...\*  *.\..*   *. *\ .** ...*.  .*\.!..\* . *\.......\ @ *\ ..*.\@*\\* *...*. ** ..*.\.*\*..**.  \ *  \.**  \...*.*\.. .\ *.\.....*. \.. .! .  .\ .**.\..\..  \.. . \.\.# #** \*#                   #
#**.*\. .\. .   \***.. ..*.. . . . *.*.. . .. *..**..*\*.*..\.   *..\ .*..* .. .. \.\ ...*.*. ..  !.    .**.\.*...\.  W\ .. . C.. *...**\  *     *.*.** *   . .\*.\.*\* *.\...* ..\   \*.\.  ** ** \.. ***\. \.\ * . .\.*....*...\. *\ \*. .\..\  ..  *  *.*.\.\*. . **\ ..!.  ...  \*. .....***\\ *\\..*... .\. .\.. * .* .*  \. \*\ .  \* ..* .  .*.  .   .   .*... ...*.*.  .\*!.\**!..\.* \ . *. ** \ .. ..  .*.....**.*...  .@ .   .  \  .. .# #\.**#                   #
#*...    * .** \*\..  . *.**.* .\*\.\..  . * .\...\ .\ .\*  * . .\**.. !.\.. .\. ... .* \....**...\..**@ *\. *.  .* * .     *\ **.\\*\. . ..!** *..*.*.\. .   . .*.  *....\ . . .*  \.\*\.*. ...\*\.*. **\ . .* *....  *. .* .\... ...*..  .. .*... . *. ..* . **.@\*..*.\ .. *!*.\  .  \*. *.*.* *.\ . .**.\ .*. ..* *\.*  * * \. \..  *..* ..*  .*...*\ * *\* .!...*   *...**. .@. .*  \.**   ***. .. . *.  ***....\*.\*\.* *..*.** .** ...\..  .\...\..#                  #
#* .\*.. ..... ..\  \.... *\ !*\..  .\  .  .*. \. *.* ***.. .\*. ..* .*.  \ ..**\**  **.\*.. ...  *... ....   *.* .*.*. .  \.*  *\*.. .. ..  **\.\   * .*\*. .   * *** .. ..  ..**\.. ...\*.\.. *.  ..*.\* .\.*\  **\ * \ \..\.*\*.*  ..\\*... \ *  . ..   .\ \.\.. *. ** .. \  **..\*. . ... .\.\.\.**. .\.. **  .\** *.\*.\ *.. ...*.    *  .* * * * ..\..  .\ \*... *.** . .** .* *\ ..  . *.\*..  . ** .. !*\ \ \  ..* .@ *\ *..*\ .. ... **\*  ! .*#.*#                 #
#*\. .\  .\*.**   .\*\..\ ..*\* *   \ *.\ **..\. \* .* .*..\ . \ *\.    **.   .*.*. . .. .. *.*. *..  .   * \ .\. .. * .\*  .\  \     *\. . \..**..**.  .. *  *\.**\.. **  .**..*.*. *. .....\..*....***** .......*. *. . .*..*..*@. . ..*.*.**. *\*. * .. .*\ ...**.*  .*@ \.\.. *\ *\ ****\*\. ..W \\**\ ....*.. \.. .*.\.... *  * ... * *...\ * . .*****  ..* ..\*\...... .\*\ @ .*.. . .\.!*..@  . *.* . @ .*  \ \..   *. \. **. . . . .\.....*.   ...##                 #
#*  .\* .\.. *\ \.  .....****.\* . *...*.\.... \.*..**  *.\. *.. *. \. ....     .\ .\*...\.*..**\*. \  .*..*    *  * .\**. * *    \..\.**..* . .... . \*\. .* ..* .   \..* !.\  .\.9.*.\  .\.  .\....\.\**. \** . \.\.......\.*.. \  ..**  *..\  . .\.\ * . @\.. ***.* \*.* *    ..*\.  ..**.* *..*  ..*. ...\*\ \*.\ \ *   *..*. *. *.  . ..**..**\ .......*.....\*.... .*\*.*. .. .*..  .*.\ **.. . ** \ ***.\ \  *.... ..*   \*\....*\.*.. ...**  *!\.   #                #
#.  * .\* . .....*..\ .. .\*.  *\*\** \.\  . . .**....\*..*\*\...*. ** *.*.** .\* .  .* . .** .... .**.**\*.\ \.**\. .\.*  . .!\. \. \*.* .!\  \*  \.\ **\.*. ..*. ..*.*.* * \ .*  .*** *\ .  ** * *... *. ...  *. ***....\....  ...\ **. *\   *.  .*.. **.    . *\.. * ..**\.  .\..*. . .*...\.*\\ *. .\ .\* *  .**** ** *.*......\.*\*.!.\*.\. .. \ ..  .\@* . ...  . .\.!*.. ..\ *\.... *** .*.*  .!*......... *\. .*.  *.  *.. *\..\.*\.\ *. . \**.* #.#                 #
#\**\  ..  ..\.\.. \  * .    **. \.*. . . * **.* *.\ **.@ *..**\ ..   .* . ..  ..\..**\ \  *.*.. \.\.!\.*..* *\ *. **\*  *\   .  ... *\.* ** . *\  .....*.  *   . .  * ** ..\.. *  . *\.*.\ .\....\ .\* ** .*\*..* *.\.. ..**\     .  *.*..   ..  .*  . *..\ .**.* \*   W .*    ..\*\!\   *.. *...... **. **. .. ... .*... * *\ * \**. ...\ *  . *.\ ! ..*.*\. .*..\*   \.\\.* W *\  *..  *\ ..*\ .    ..*\.\  . *.  \*\ * .  *.*\*.. . *..\\. ..****..\#\ #                 #
#  * .. *..\  ..*.\. ..\.\.**\.**.**  .\.*.\.*\. *. ..\ *.\... .\** *. .  . ..*  ........\**..*\..   \. * **\. .*.*  *.\ \  \*\***. .*. .*\.*.\* . .@..  . .\ ..*.  .. ..\ \ . \* \.\*\\****\.\.. ...\**.** .*. *\..    * \\\*. ..  .*.\ * . .@  . .** ...* .**..* .**  .\*.\* \@* .\.!*..... *.... *.... *..  \*\.*.\   ..\ @ *@...!.*.*..* . \..*..\\\*\ ..*.*.*..* *\  . .. \  .***   *!  **.***. *.\**...*.   ** ...!*..\..\..  . .\*. . *\\ .\...\ *.#                  #
#...\.. . .***\\..    ...**......! ..*  .\.. \ **.  \... .. *.* ..  ....*\. *.*.\. .* . . ..*...\  *.   .*..\.. ..\ ..*. ***!*.\...\..\  .*** *.. *.*... .\  \ ..  \* *...*.   .*.  ...  *....*\..  ***\.* .* ...* \*\*... * .\.. \* * **\*\* \**\*.*.*....  ..*.. ... \.*  .\ ... . *\. ..  .\.*   ..\*****\.\.   *\  .\..*\ .**.* .....\ .  .  *@ .\..*\@  .** \**  * .*    .  * .\.. *.  !\.*\.*  *\!. \ \  ..\.*  *.....\.\.\\.*  .\*\   \....#  ...##                   #
#. .*  .* * . *.  \.\*..\\.*.. * \ * . \**.    ..* .. *  .**. *   **\*.....\. .\..*. .* ....*\*. @   \...\ ...\*!* *\ * \***...**..  ..\. .. \. ... .. \   \* . **....*.*\.\..*.\\ . * .\*.. ***\ *W.***.. .....\.\*\ ** @*.  * .* . . ...  **.***. .\. .* .*\*.. **..\ .\.. .  *... \* ...*. . * . * ....\* *.*\*\** \*  *. ..*. *.. *\.*.*.\. *..*..*\...*  .* .\.*.*.***. ..  . **** ....*. \*  \* **  . * \ ** * .* .  .  * .***.*..\***@.!\**.*  ..#                    #
#\.**\ *.*.\* .\.. .... *  .** ** \. . .\\* ..  **.  .\  **. .*.  . **\..\*.\*... .\.\ ***  . .* ..  .  . .@.\ . .\* .*  *. .....* * .  * .*.     *  .*.\ .\* \  .  \*. *.* * *.   ***.* ..  .* *  ..*.**   \\ ** ....\.\  . \.. ..* . \. .\.. **... *\. *  . .*\ \.* \  **\.*. *. ..\..*..* ....*\ * *. . \ .... * .. . ..*..***... \. .  .\\ \..  .**.*.\. .*.   *..\..\.*\*\. .*..!*\. * .....* ** .. .   .....*  . ***.  .   \.\.\*\*\*\..*... ..*. #                    #
#. \*  \..\.* * .  . * ..   .*. \.   \. ...\ *... ..\ .**\.*  *  *.  *  . .*..*\ ...\   \. .*.**. \ ** ..*** *.\*  .  * ....*..* * * **  .\*.\.*.\*\ \* \* *.*.** ....\...  .*..\*.\\**. .*\ .*.. **...\.*  .*...*\ \.*..*\  .   \..*  .\*.    *. . .* .**  \  . \*.*    \* . .*.***. * \..* *  .*. *.. ..*... \*.!*.\  .\.** .**\. .   .*. ..*.**\..\.*..*.@*.\  ... .* . .!*.*. .\ * ** ..**!\ * *.. . . ... * *. *.\.\.\*\ .. .\.. ..*\.*. ... ** **#                     #
# **....    \      ...  \ \ *  . .. .\  .\ **. .*  ...*..*... **..**. .** *.*.\ \ ....\\ @*  .\.*..... .\..\*.. ...W.@\*.\**.. *.**. .\\.  .*...\ ***. *..\*\  *. !..*.* . .\.\*..* *..*\ ..... *... ....*   . \.**..* *..\!\... ***. .*...*. \.\.\.*** ...  ..*. .\  *.\*.*  ..*. . \ . .  .**. . \ .\ ...  *.. . .. .**  .*.*.  .\   .\  \. ..*.*.*.* .\.*. \    ..\ ...   *..*\ ..\...*  ....*\ ....**  .\. ..* .. . ... ..*\  **.* \...**..* .\. .#                      #
#\..\ .\.**...\  .  *    ....\ .  .    . . \...*... * .\*.** ... .. * ... .\...\..\   \....  \. .. .....**. !*...   *!*.* .  \****\  *.\.  .\  .* . .*\* ...*..@.. ..*....* ..2 * \ W. .*..\...*.** .@*  * *.. . .*..*\.\\. ..\. . \***..* .\*.  *.*  ..*. **\\**\\@*...*\*\..***\.*.\...  *\ \. .\.  .\.*.  \   *\**  *. .**..*.\.* **.!\\. *   . .. ..*.\. ....* \ ..\*\ ..**.  .\..  \*.  W ...**..\\.  \*   .\*.*.. .* .      ...* .. ..*\ \**#*\  #                     #
#  \ . *.!*  *     *. ..*..*.**\. * .   *. ..\.***\.*.. *...*..   .*\ * . \..\ *.**. ..\* *. *.\* .  *\..\  *.@ **  *** W . ...*..*\.\.. \***.* ..   . .  * .W*. \ \ *.\ ..W @. . . .\* .  .** \... *.\*.!\.*.*. ...\. .. .*\ ..\ *.* ..\   **.\.. .. .*.*... *.. \ *  \ .*!...\. \. \*.*. W... * @\      .. .\.*\... ..*.*  \.\ ..* ..*. .\*\...\     **\  **.* .. ..*... \*\.@*.\  . .   *.*. \.*.* . ** *. \@ .... \*.*. .*..\**... \.  ..*. *\.## #  #                   #
#* . . ....\*..\.\***. * ..**...  .\.......*  .**.. .   .....\...*\..*.\ *.  .\. ..  !*.. ....\*\ *.*.. . . .\.\**. ..\. * .. ....*..*.. . ..*\ *..** . \.. * .\..  ...*   ..*  .    ..*..****. \ .\..*..!* **.*  * .**.\.*. ..***.   . *.  *****\ *** ..*... .\* .. \.\. ..\  **. *  **W. .\   ....*  .*\ * ** \*.\.\    *. . .\.*.....   \.    .*\.\ *..*.*.*..*   **.  **.* .*  *.*.\.\*.\.\ .**..  *.*..   * \. \!.\ .. .*.  \...\ . *. *.\.@.* .#\#L #                  #
#..**.\*. **\ \ \ .*\   . ...\  .\   . .*..@\\**..\.\.   \***.\.. ..\.. .* .... *. ...\*.*  **** \. . .\ . .\ ...  . \.*\.\*\ .! \.\.*   ..***  *. ..\*. .* * *.* ..\* .   *.*\*\  **  .  **\\. *. \...* ..\.\ . \ ......*.*  .....** *  **\.\....\ ...* !*\*\*\*.* *.\.* .\.. ....* .. .....\ \ \*  .\*..*. .  .\\**.. .*.**\*   \. \ .*.   \   .. **.*. .\. .*.. *. .*.*.. .  *\ ...\*.* \..\.\.* .* ***\.\\.**..*. .  . *\* . .*. \.\ W.*\   ..\.*..\..#                  #
#* * \ . .\  ... *.  *...\.\ *. \ ..*  *. \*..* . .  *. .***. \.\**..**.*  *** . . \ .** .*... . . \* .. ...*... *.   ..**..*.*\ .  *\ \.  .** \.* . *.. \*.  *\.*\\..\.\  * ..\ .*.. .*..*..\*\.*   .*.  \ *.  @ .. .  \ *..    ....\..... !..\. .\ *..\..*. .**\*..  ..  *.\* * ..\ *.\...\ .. \* . *.*. \* \.   .. \. ..***\*\ . .**\. \@.... ...*.\*\\ .. *..\ .*  \.\.\.**. **.***.. * \*. *.*\ . !\..*. .\. \.\.\   .*..   ..* @ ***\** *. \.\   ##.#                  #
#* .\. .. \\*. \\.  *  \ *.*... *..* ! \*. ..\*\  .  *\. *. .*. .*.. ...*\*\..*.  .*. ..\ ..**\.\.*!*   .  .\. .*.  .**\**..*  ... \. *.*.* .\ .\ *  \ .. \ .*\ ** .*\  . *.*  .\**..W*.\\ .\.*. ..**...\   .!.*.\ \.\* ..\*  \******. !\. ....*. ....*.* ..    .*.*\..*. .\. *.*  \ .\.*.\*.. . ***\*.*. *  \.*. * \  . * *  !...**  \  ..*.**.**\ .\ .**\ \ ..  .*... ...  *....****.*.. ..** . .. . *..  **\.. ....*\ *  \ .** \. .\..*..*.. \.*\  ..#. #                 #
#.*\.  .  .. .@..*...\*.\..*. \*.@\@\.. \.. *.*.   . .*\ . **.\.*.** \R\. ..\.  *.... *.  *..  **..**  **.  .**..*. \*\ .  !.*  ..*.@..*...* ...\\W\.***. .     . *\. *.  \.*. *..@. *\\.\* * .. **\.  ..** *.*\*.. .*\...\*.\......* \\.. **..\..* *.\ ...*.. ***.\  .. @\* *\ .\..  .*. .*\* ..\.**.*.*\. . .. **... *.  . .*. ..   .@. * *  *.****.* ..*  ..\.\**  ... *.* * .**..*\.\. .  .  **. *.**..  *. *  **\.. .*   \*   .\**..\  . .   \... \#\.#                 #
#*   ...*. .. *.\*.  .... .* *.. W\** \..**\. . *. ......  *. *.. .... .*.     ...\ .** . *\....*.*....\*.*\ .....*  ...*...*..\ \.  *.*...*\.\ * .  ..*** .\.*  *... ..   .\****\*  *!**..*.* \. .**\.* \. *\.**  .!\..\!*\ . .* .\... .   ..**\ ..\ ..\. .*\*\ .* !.\ \ *. *** * .  . .*. .**\..... .***..*\!. \ .  *. .*\. . .. *..\. ...*\...... .  *  * .  . ...    \.*. \.**.....\..*.   *. ..  ...   *.\*...\.*.**.****..*. **.  .\*.  \. .* .  ..***#                #
#.\.* . ..\  . .*.. .*.**. *\*  *. \*. \...*.\* \*  \.. * .. \.  .**\.* *\ **.  .\ .\... .\..*.\*\.. .**..!*\.\.**.*\ * ** .\* .\. ...\*.....! \. *.   .*** ...*..*\..*. *\ ..\.\. ... *W\**\.\\*. *\ ..* *\  .\**.* . ** **..  .. .  ..**...\*. .  @. *  ..** ..\.*.*  *.\ \..\ .. .*..**\ . ***.\ .*\.\**.*.*.. .\.***\ .. \..... . *\@.  ....***. .*\*\.  *** **.  \. ..\  .\@.. .** ..... . \ . .\*!\ .\...** * .\.\*  *.\ \ \.***\.*. ** .\ \!. \*  !.##                #
#  *... \  . .  . .  ..... *..***\. .**.. \*\. *..  ....\ **.\. ....***\** .... **\.\\.*\ * \.* ..*\  *...   .* * .\** \ .  ..\.**\\ *.. * .**.. \.\   \.\..****. **. .   .\ \*.. .***\.   *...... .\..\*.*. *\**... .\.\ .. ** .* \. .\ .*  ...** \. .  ... *  * *. **   . .  .*\. *@....\. .**..** .*...\ *.  *...**.  * ...* ..    ..*.*. \ ...   . ...   . .\.\* \.*\***! ..\\ . ..*.* * \.*.  .  \*\.\   . .*..*.\ **. *  ..* .\@* * ...\ ..*\**.\..*  .#               #
#\..\.*.. . *\\.*\ \*\  * ... \.\.*.\*\.  \**.*.. .\@  .. .. \......  .!*.*** *\.. *  .. . .... *..   *. \ *.**..*  \*\* . ** . .   *..\ \... .. . ****.  * .**\. . .  . .  ..  *...\.** * *..\.*.... *.*.*. . *\\ *. * . ....\ .\. @.  . ...  \.. *\... ..  .*.@  !. . *.* ..* *.* .   \*.*. .. *.*. . *\ *\.  .  ** ...   .\.*. .\. @\\.\   .  . ... *.* .**..   * \*\ .. .  .** *.... * .** \ . ..*\*. .\* .. \  **. .*..\* *.. ..\. . **\. *\ **.**.\*#.#                #
#.*\* .* ....   ... ** \. ****!\..*. .*. ...\.**. *..*.  . .* .  ...\*  . **.**..    .*.\.*...**.  .***  . .\*. .. ...*.  *.*\.*.\*...*. !.\..*.  .*... .   **.* . \\\...  \ *  .\.*\ .  .\.  *..  \*!\...! ...*..   .\.   *\**** . ..  \   **  *..\*..@...*...*.\ **......\\ *.. .    *... .*.. *\..* *\. \ .      . .\.... *..  . \ ..*.**.\.*..   *.. .* ...   **...   .. \*...*. *    ..\**..  ...*\   .. ..... *. *..* \    **.\.\**.*. * ..*!.  *  *\#                 #
#. .* ...**  ..* \. .*\. \..\* *. .*  \* ..\  . .\. ..  **\ . .\.*..*.\.!\.\*  * \* \..\ . **...* @*...*...\ .*. \ *\*\* .\ ..\  . \ *..  \.\*\* .\! . *..  *...  . .\. * * .*....\\  .\*. . \..  .  .@.*..*\.\.*\ ..* .. .* *.**.\.  \... *@.\.*\ \....    ...... . .  ...*.**\*.   *.!\* .\* ....\*.*\.@..  ..*.* .. *  * .\.*\. *.**** *.**.\ ..* .  \  *...   ..*\ \*.. \.*..\*. \..* *. *@* .* .\*****. .  .*\.\. .  .\.  . ...    ....* *. *..*.#*\  #                 #
#\ ..***...  *..*   .@ ..\ ..\.*.\*..**W .\.*.*.  ! * ...*.. *.\.*..  *.* \*.. \\..    * *... . .  *.\.....  \.\.  . \...*** *....  *.*.**\ ..*.\ \.* **..*\.*.  \ *....   ..**. **..... * .*.\. .\.*  \ * .* * .*. ** . **.*..... ..*...*.. *.\..\*..*.. *..\..\..@ *\ *.*.*.*..*\ *  .** **\. . .*. .@\ \ \.*..**.\.\   . * \.**..  *.\ .  *\.**.*. \ . ** *@  .\ *.*.. * **.*...\ .\...*\..**.\.* *...\*  .   .  . \ * .  **.  .*.   .\ ..\. *..\.\ #. * #                #
#* .  .* \ . . *... ..*\ .. . **** ***..  * ...\..* *\ *.\. *!   ..\ *.*..*** ... \*.  * .* **\*. *\  ..*  . .*.. *... .....**.\** ... *.*  .!\ . .\. .*.. .\ * . ...**  .. ***  *...\.\ ..* ** ... .\.\... .\* .W\ .   **... *..  . ..  *  ..  . *..\*.\ *...* ...\\. .*.....*..**..  *...\..\.\ *..\ .. . ...\ *...**  .  *.. **  . **..*.*.** **. ! * .*\ * .*  .**.  .\*. *. .  ..*  !. .*.*.. . ..*. .\ **.**@    *.\ \*.\.*. \ *.  .  ** ... . ...  \* #               #
#*.* .***  **  * ..\\ . ...  *....\*..\ **. .  .* .***.*\...**  .. .*.\..... \   \..*** *..*.**. .** ..\ . * \.*  .. .\ ..\  *.  .. .\  *\ \  *.  \*. *.****\*. . **. \.  . .... .\ .\* \..***.\...  * *\ @. *. .*. **. .. .*.* . .  .*\*\.*.\ *. . **\*..* . * * .*\*\.**   *. \.*... \. .**  \  . . \ .. .     **. .. .\.\. *.*. .*\..* \*\.*.\.* !\*.* ....\** ..\.....*..\..**.   . ...\..*\.  ..  \ *  ...*.!.\   *  ..... *. \*\*.*\.*\. \. \  .* ...# #               #
#. \ ...* *.*.     .*.*   .\.. .\* .  *.**\. \ .  .*.\.\.\ .*...  .\**   ...* .*...@*....\****\  *.\. .! ..\         .**.*  \.  .*.***  .... *.* *  * . .  * .\ \ ..  . ..*..\*.\.**.  .... *\ . *  *.\....* ... ..   *\ *\.. . ...*.  ..  *. .\\...\**\. . **. ..  *\.*. *\ . \  ..* . \* !\..\.*\..*..*.  .  *...\.... .\..!**\*  .*.!. ..* **.\.*.... \..*.!\* . * *.* .. *. *. .\*. .\.*.  .. .\.\*.** **..**.  .  .*  .**  \ * \ .*.**..*  \. .* ..****#                #
#** *\.*.*\*.\.**  .\.. *. . *\* *.!....*\**  **.**. .@..*. ...  \. .*..W . . *.\. ...**  ...\...\* @ * \*.. .*..\*   *.** .\ *  ***..\ \ .* . .W  *..* ..... .. \.   .. ..\. **.*..\. .\  .@* ....\\...* \.*   ..***\. .**. . .* *  * .\\ * \ .\*. ..*  *.\.* *\ * .*\. \\.\ *.  !*.. **  ... *\...   ..  **  .  **. .  .*.\.....\* .\. \ . \*..  \**..\  \*\* .. **  *@*\*.   .*** .* . .*.\ **  **  \.* ** *\.*\\..* .  .*\ *. \ ..****. ..  .  .. *\. **#                #
#*. * *...*..* ..*. .*..** ..\ * ..***....\......**.**.* \ .*.  . .* *. \. *.*  *..\\..*\.  *.*. ..***.  \\.. .   W.  ....\ ..*\. \* * \ .... .*.\ \*.*\  \     .***.  *..\. * ..* .. ***.   *.  * .\*  ...*\ * \ ..***  ..\ \  \ .  \..   *..\.*.\ ..** \ *\.*.*\\ ..*\. *. *\.\ \.. \.. .....  ..*.   . * **@******. ..\.\. .W\* .. *. .*\. .*\..\    .. .**. *\ ..*\...   *@. ***\****  ** .*.* .*  \\.  .  @.*!. *.. .*.\ \.\.. * *.  \ . *..**   . *\.**##              #
#  *.*. .** .**\ \..*.*.*..* .\ .** .......\..*\...\. *.\ . *.\ \@.\ *\..****..\..\.  **@\\ . *   \..* . ....\. * \..* *\. *\**..\.* *..W* .  .. **.. .*.\.\. . **. .. .  **.*. *.**W *\...\*.\**. **. ** ..* **.. ***.\.\ \.*! .\\ .. .*  . .... .  .   .  * ..*.*.  \  *.. .  ...!*\.\.\ *\. ..*.*.......  \ *..\.*.*** .**.**.\\  .\ .*.* .** .\   \* ..\**  . ..*. *\  \....* * ..\...\.\\*. .   .  * *.  *.. *\. *  * .  .*.\ .* . \ ..*.. .\..\ \ *#*\...#             #
#.*.\..\*..\.\.. .* . *... *\.  * *.* .    ..\.. * ....*.\W.  *\ \.. .\ .\....  \*. .\.. *..\\.*.*.\ ..* *.*\* *. .... ** *  . ..  .... . ...**..\.\* \. ..   \ \.\ *\   *\.\.* \.*.  . .\*.* \.\*.*..  * *\. ..\  *\..\* .  .*  *** . **\       . .\. * ***\\* ...*@. .*..    * ..* .\**..\*.*    .\. .\ ...* *\*  .\... .* . .**... *  *\.....* .\*..*\*.   .*. *..* .\ *... \*.. .*...*  . ..\ .*.\ ..\..***..\.. *.@ * *\ !\. . . *.** .\ \.   .* .....\*\.####          #
#*. .**.*   !*.. \.\  .\* .*..* ...  *\*.*.* . \**.*.. .. ... **\ .*   *\**\...*.***  .**.*.*.*.  ***...*..*\. ...\..* .** \  \*. .*   *  \. .\  *.**..*.  ... *. \ ..\.\***\ @  ....* .\ \....  * .\. \.\..* *..  \  ..*\**\*. .*\..!\.* ..\*. . * *.*** **..   *****. ***.*\ *...**\ .\* .*..\**   **\\**  .*.\.\.*.*\ ...*   **..    .* *    ..\ **..!*    **.*\...\**.. *  . . ***.**.*.\**. \**.\  ... *..*.*  \.\ *.\.. . \**   . .**. ...*. *..* .\..* .#.\*#         #
#\!   .*!...... ...*.\**.**...\.\*\..\..*** *@*... .@..  *  \..\.\..\*. **.. * . .\ . \. *. * *  *.. *. .. .* \. .\*.\  .....\@ .  *.  . \ .. . \ ..\* .!*. *.\** .*.  .. . \.*.*\ .\.   . .*\*\ \  .**..*.*. \**....   \ .....\*\...\..\ * . *  .**.**\.\***  *\*..*.**.*.\*.*..*\*..**  . .*.*.. *\.*. *.* \....*\ ..   * .   ..**.**.\. \* ....*.*.\  *..\ !*....* ..  * \.** .\.* * \ *\*.*  .\  **.**\.*. .\. . *.*.*.\**\.* . . .\ *.*\\!\.\ .**.  ..*\ *\. #          #
#..*\.!* *. .   .. \..**\.**.  ...*.. .\... .\ B!\*... *.\*  **.\..  .  \...* ..* . *\..*   .** ....*\ .*\ \. * *.*.** *!* *..\ ***...**...\  * .* ..\ * *  *\..*\*.  *  *...\.**..  ..\*. .*\..* ..*..    *. .*\*. . .\.*.\ .**.. .. .\*.. *.\  \ *.\@*\*\..\**...*. *.  *.\  .  .\*..* ..**..**..*.!.  \\.*. *. ..\** .*   .   \ ...*.* \.* .*\  \.* ..*. .*.*. *.*   . . ... \  **\. ..  .*.  . . \.**\* .\  ..*.\.    *.. *..  *.   .* \*.*  ****. **\..  \#*#     #     #
#\... **.  *  .* \..\\.. ...!*.*. . \ \.*\.\* .\..!**\... . \.*. .\ .\* \. *. \ .\.*\ * .. .\..  * ..**\*\ ..*.\ ....\ .**.. \*\ .* ..*. . ...  .\ .\**.\*...\*..... ..  \... *..* \*.\. .  . . * ...**. . .*.. ... . .*..\!. *\*... .\ *.**\  .\. .\** *.* **. ... .\\.* \.... .*..\.**.* .    .\. .  .*..*.. .    ... **.*..*! ** .\. .*. . .. . ** *  .*\*.*\  .\*\.\ ..* \.....*. . *\. .. . .*\  @\  . . ..  \*\***.** ..*\*....\ ...\ .** **\.  ..... .. *..#####*#    #
#***..\. .\..\ ...  *.*. *\**\*@\ .\  . *. .*.\ *\.\. .. *W .*  * \. .*..*\. ...\. \. .@*\*. * .\...\.\  ...*... * \*. .. ..\..*\ \... \   .* @.\   *..* ***.*   \  .\*  .  * ** .*.. ..***    .\ . \ . . ***... \. .\ .. \ \.* ....* **.\**  *\.** .*.** ...... .\* *. \  *.\.\ .  .*....*\ *    *\*\  . \. .  .!.  ***.. \.* .\**.*  .\.\.*  * . ..  .* ..\* ...\ *  . \*. .\.*\..  * .**  ..  *..\*\. .*  .*@... .. ..\* \..   \ \..\.... .\ ..\\.*..\    . ..*\.....#    #
#.*.*\.  .....  \  *\ ....  \*.**.@ .* \..\\....**  ..\.. \* . \ . ..... ..    .** *. .* ... .\*.\ \. *\.\*\. .*.W. ..\ *.\ .* \ ..*. **.*. .*. .\**. .....    * . . ..\* ....@**W.\  ...*..  **.*.. **\ *.\**\* *  \ ...  * *. \*\.. *. *. ..*****.. ...  .\ .*\.\  . \.. .*. * . ...* * \. \ \\.\.* ..\! *  \ .  \* ... ** ..*. .\.  ...  * ... \ W  .\ . *\ .\ .*\ **...  ...*** \*  *\* *.  ..*\ .  . .  . .\  \ *.  *W\.. *.*.   **. \.*\.\ ...*\.\... !\\ *. *\ ##     #
#. *** ..   ..... *\ *. \.\... .. .\@. .***..* .....\..*\ .*  ..* \.\**\ . *\ .*. ..   * ....  \.*..* *!! . **......*\.@. . *.. .* ..*\.\*.\*... .*\*** ** ... *   \ \ ...\   ...** ..\ \*..*...*. .  . *..!..!.\...! *\..\.*.\ ..   \. \....****.*.*   * \.** \ .*..*.*..  @ .** . ..* . W*. .   * *. *..\   . .\ .\.... .\.  . *.. .*\..!.. *\** *\...*   ** *    *...**...\ ...\ .. ...\  * \** ..\ *\..*\ ...  .* . .*.. . .*\ .* .  *.**@ .**  ..\...*\*.\ *\ .##       #
#\* ...\. . * ..\  *\*.**..\.  *.. *   * .. *. .. *\.*\.*  . \* *  ..*.*. ...* ..   ..\  \ \.  .... . ** .* \ *   ...*      ..  ....!* . ***.** **. .*. * .. ...\\.  .   ..*.  *  *.\.. ..  *.*..  *\*.\.   ** .   ...*.\\. .\ ....  *.  *\.\ .*. .\.** . . *      ....\.  \.. . \..* *. .*. .**\.\ *. ..\.. .*..   *\ ...\*\*.. .\...\.\. ..*.** ...\.\ \ \ .  .. * ***. ....** **. .  .. **.* *.\.* *. * . \ .\*. .* .!\*\.\.*... .*. *.*. ..*\.** \ *  .*.    ....*#      #
#.*  * .*.***.** *\...*. .\ \W .\... * .\ *\*. *@ * .\  . \.* **..  .*.....**.     **\.  ..* *** **  . . . *.**..*. **.\.* . \.**  *.    .. ..* !\. \.. * ... \. *\\ *! \!\***.* *..  \.  ..* *.  *    .. **.* **\ . ..   *   .\ *\.*\  \. . \**\* . . \.. *. .* \..\ \ \* . *\*  * *\. \*.\..**.*. \ .\. .  \. . .*.*\* .*@ . ..*.. *   .\ ..**\.* ..  ..*  .*  ...... @ \ .*.*.*. \...  *..*.*.  .\*.. .**. .*..*..*.*\   \. * \ .**  . .  .. . ..  .  *. !.*....#*.#      #
# *. *. ..*....  ...\ *\. ..\  . .*.\*\ * ..   ..  \  .. *. ....\\ **** \.. *... .\.\..  **.*. .**. \..* ****.*.\.\*. *. *.. . ** ..*\   *.*.*@*\**. \ . ...   *\ .. . .*...\  \ ..\ \.* . *. .***\ .*.  ... ** . *  *.*...\* ... . *  @..\... . . \*@**.  .. .\ .\ .. .\*\ @\ .. *\..* ..*** ..* \. ..\. ..*     .. **   ........ .*. .\** ...**   ***. .\.. ...*    * .. *\.*. ...\   ...* *   \ ..\\ . *.. .\\*.\ .\*     ..*.\. *\.   *  *.\.*\. *\. .*..** ** ..##      #
#\.\*. .  .*\. *.  ...** *   *...**.*.....\.. .\ \ \*\** * *    .\*\ ..* \*.   *\\ ..  *.*.* \.\*.*..\\..W.**.. .* .*\*. .\  \ *..\.*  \***** .\ *..... \   .*\. \*.*..*.\*\*.**.*.   \\*\. .*.**.. *..***@.*.\ **\ ..*  .. .* \   .  *.*.*.. .. ...\..**\....... ** .. .*\*\***    \.\** ..   \..\ .*   *. .  . ..   . ..  .\.*  \. *  .*\.\. . .  ..* * \.. *\**  . .***\***. * \.* .*..\. !\!.   \..*\**. **..\.. \**.**.. .**. \... *.. .... ...*..\*\*\ *.\* . \# #     #
#\*.\.     **.**\ \.* .\  *..* \.*. .\   \*. \.\* .***\..\..   .. .   *. .\.\*  ..*\*.*\ .   \\*\ **.*\ **\*. * *\. *... .\ * ..*\* .** .\..\.* \...  \.. *\****. @**. ......\*.* ...* *. .*.* .*\..W**\..* \...\. . *. **\...*...  ..*\...*..***\* *.\*.*.*.**\...*. . \.. ..**\*.    .\  \  *..*.... .*\    \. **.*.\ **.. *. ... .. !\ . .**    . .. . \. *.\.*..\* *\.*.*. .* .*.  .* .\ *. *\***. .\..*.* .*..... ....*.  ... *.*... *. .! ..**..*\ **. ...* * \#\.#    #
#*! .  .. *.*..** ...\  .*.\.!.* .*  **.\.W* .    .. *..** @ * . \ . *.. .. *\\ * . ..*.\.**...  *.\*. *.**.* \\ .* \. ..*\..*...*.*\.*.*. ....  .**.  \. .*\.*.  \.\ ...\*  ...\*.... *..\**. *..\*..\.**.\  *.*. ...*.....* . .  * \***\ *\ *!* ...\.. *...***  * *  \.**@. .* *\...@\. . .\..... . **.*\*\ .*  * *.. ..*\*. ..** .\ \.*.*\.*. .*.\* .  ..*.\**....****\* .  \.* . . .\.  *\. *..*.  \  \.. *\.\.. \   .\.  . .*.\.*. **.\. . .*. . ...**..*\ .** .* ##    #
#.\ \.*\  **....!.*.  . \.\*. *...* \...  .\. .\. *...*.\*..*.   .!. .******. ..\.  **..!.*.**\.\  ..*.\.\. *   * . .*. . .\ *** \ *.\\ * *\ .* \ *.\ \.!\.* ...\\ * .*.\.** \\..*\. ...****. .* *.. *. ...**.* *..*  . . * .*.. .\!  ...* \ .     *.  .. *\ .\..** ... ..\\ **\ * *  .* . .* * *...... ..**. . ..\\..  \....    \.. * . .....\*\.*. *   **..*..**.  **.  ........   *..**.. *  *\ \***  ..\    ... \.**    \ \ \  .  .\.\ \..*. \ \.. * ... .. \...* .\.#   #
#     \ !..***** .. . ** . .. . . ... .  *.  . !* ...*..*..*.. .... .  .**\\ *.\ *...**   \..*.\  . .. ..* *\  *. \.*  . .  . .\* ***  .* .!  \ **.*. . .*..**\..*    .* *.\. @\...\ * \.....  @\. . *. . .**\****.. !*.**\. .*  .* *. ..\. .....  **\*.*\.  \**.*\  \.  .*.**..\.*...\ .** .... . *.\ \ *.\\ .\ ..*. .*.\. .*. \ \ \*. .*  .... .**.....\ . *  *.\\..*.\*.* *...\\..**. *.*** .\ \** .\*\\**\ .  .. .\..*...* *.  . .*..*\.... \.  ** . ..  .*.  .*.\# ##   #
#... * .  *...*...\ ..*..      **.......**   *\ . .\ .. ...\..\ .\ ...** .*.... **.\..*.. . *@*..*. ..\.**.* *\.    *..  .  ** .\*....*.**.  . *.* \  *. . *..W.    .  .....**.   ....  . . .  * ..*.. * \.*\ .*..  .\. .. ...*   . \*\* . ***.* .*.....**.***..... . . ...*..*\* . **.. *\..*\..*.... ..*\*.\*..\*.\..\.  .  .*...  .. . .  ... ... ..\ ....\.** . .**\. .**.\\.. ...\\.*\ . *   ... . *\*.. \* * * ... .**...!\ ** ...*...*\\!\\...\..... *  #   *# **# #  #
# **  .. ..\ .**. ** *\.  ****. *\*.. .*.. .**..\* . ...* ..*..*\*.* * *.\..  . .* \* * \\* .****.  *..\..*\ \*.. .\.**. ***...*.!\*.*.....*\ . @* ...*\ * *.\     \ ..** \ *@.*.*.\..\. *\.\\ .*  !\..**..*.* .. \...  .  . ****  \.*.  . .* ..  ... ..** .*. \  *W** *.\..\ .*\. \***  *.  ..  \.   .*..!.. ** *... ...\.W * .* * . .*   *\. .  .\.  .*..\ \  .*\ ***.\ ...*.  .*  \.*\.*  \***.\... \..... .**.* \*    \\. *\*@. .*..   *...**.  *  *\ * * ..\\*.#*.\@\ # #
# *..\.  \.** . . ..\.  *...**.\*\*\ .*\*\   .  .* .   ***\*..\. ....** ...*.   ..\. *.  .\. ...*.*..\. **\.\* .*\ . *.  .\ *.   *...*.**.*.*  *...   *. *...* \ . !.\ !**.**. .*. *\..*.\.**  *.\ .   .\*  ...\. *.*    ..* *.*  ..\*.\.**... .*   .   *.  *. *\*  . *.*  ... * \...\!**\ .**\* ..****.**.. . ***\.. **..  . .... \ . . \. .*\ . *..*..*..   ** \... *\ **\\.\.\ *.  ..\ . *...*  .*.  *\*.. . ...... \ ..*\.\ ... ... . ... ..*\ ..**\.....* *  . #######  #
# *... .* ..* .. .*. ! .  * * ..... *\*** \..   *.  .. .\.  \.\* *\*.\*  **.*.\.  ....*.*   . . .@. *..\...**\ .  .. *\.*.*.. **..*...\*.  ..  *.. *.*..*\ \  *.. . . ..*..*.  \**.. *...\ .\....* *.*\ ...* .. *\....**.. .*... ....\....... . .   \. .* .\.*..**.\ .*..* \ .\  ..\ .*.*.*\.\ .\\*.. .\*\\*. *  .* . *.\.  *\.*  * .  .....*.  \.\*  . .**..*.*.*   *.. ..  *.\ .\*..* *\ .**.**\..\ ..***    .  \ . * .. *  .  \ ..**  .*\ *.\* .... .   .\.*.\. ##\#      #
#  . \  *   .*\ . @.  ..***.*****.. *..* .  .*.*. . *... **..   *.* !.. \*.\.\ \  ..\.***\.**.\....... ***..* \   ...  *. \ . ..\*.. *..  .\ .*. .*.\ . .....**  .* \ * ..*.* .... .*.. ..* . ...*\.\.  *\*.  *.**. ....\ . .*\.* *\ *. * *. .\\ .**. *.  \.**  .*    ! .!.\\ . \ \  .  ...  .\ *\*\\.*.* \. \.*\.*\..*\.*. * *.  .\.  \.. . ......... * .** * . .    *\ .\**  . \.**\.  .\*.*\.*. * .. .   *   . ...*** .*.\   *.. ..\. .\*. **. .\  \ .\*\.\..*. *#  #     #
# ..  **\* ..  \*.. .!*.\*.*.*  .. \.\  .*.  ..@.** W*\. .....\\...* *. ..  \***. \ .\.\.*...\ **  \.\.\****...\ \ .. . \! \*  .**\....\   .\.\.\**\. *.. @*\@. ... ...\ *.\.**  . .* .*..*. *** **.*.\ .**.**. . ....   *\ ** .*..\ *  ..\ * *  *!. * \* *....*. . . *.* *. *.\. .\  *\. . ..@\\ .*...\. . .W* .*   *  .*\**  .\**.\.***\   .  . . ..*.  *.*. .\. .*.* *.\.***  ..*.\ **  \.** *\ .\.. .  * *** . **....  .   .. . * *.*\ . \*.  ..    *.\**.\..\* .\.#     #
# .....\.. .**..  . ...  ..* *.\*@ .    *.\ \..*....*. .*.**.\  *\\.. \.\***. * * ..**. \.. \ ... \...! **..  \ .. .  . ..* ..\ !.\.....**. . .  *  @ *\*.. @*   . . \ ..*.@\.. \. \.. *.*.. .**...*\\*  *.\.*\.  \ .    \ .*@* ... .** .*.**.@.\***.**.......\.*.*. *... ** *  \.*  .\** .* ....\.... \. *.*\ \.*\.\.!\@. .* . .\  ....* *\  .* .\.  .\*.  ! .  \  . . .  \. .*..*...*.*.*.*\. .  .***.*\.\ ..*   ..*\.**. *  *  \\*.*!\. \ \* * .\.***.*. \*. .\ .*..\#    #
# * .. *\    * *.* .*. *\* . .* *  .** *\.!  ....*.*\* .*..*  \\*.* . . .* *\..\.  *. .\.**.. .. ...\ . .. .\*.\  .. !\. .\    *   .*  .*..  .\. . .  ..*.* . . @ . *... \\\ ..\*\. **  *.  \**\   ** \  .**. ***.. * .. .  \!*\ .\\.*.\*.*.  ........ . \. ..** *\* .*.*..@ .**.\...  .\. .  ..\* \ .\.. *!\  .  .\.  ** * . * \**\  **  ..  .*     .. . *. ..**\*. .** .  .*!**.. .... *... .* *\*...*.... \  * \ .. *.\.* \ @    * ...**. . .*.....*****...!\  ...#\#     #
#\**.\ .**.. ..@* **\.*\**. *.  .\* ..*.. \\   . \  .*\\.  . \. .@* **\*.. .\.*  . !.  **..   .  *  **. ** .*.. .  .* .\.***.*\  ** \   .\ *. *.. **.\ \ \*\ ... \* **  *  **\*.. *.*. .. *. ..*  . *\*\ *..  \ ..\.* .*** *.*..\ . *...*.*.! .. !\ \.\ *.*  .**.. ...* \\ .*\*. \*\ *..*.\ ...    .\.* ** *...\\  ** ..\ \ . .W...* ...*.*** *. ..* .  \.*. \.*\.!* .** * * . *\.*.* .   *  . .\**.*.*\**  \  .\.    *\@. ! ... *..* \\ .\ .  \* \   ...  .. .*\.**.####    #
# . * . *..\.  \...*..**. ..* \.\ .*  *\   .*.\ .. . . ... .*\   .***.....*...*\. . \ * . .  ..W*.*.* . .*...\*\ *  \*.*..\. ..\\ ***.\... \ **..@.*.**...*.   .\\..\. .\.***...*\*\** * ..\.  .\.\.. .  *..*.  .\... *.\*\.*. \. *..\ * .*..* .* .\.*.\\*.*.\@. \. .*..  .*\.. ... ....**  .. *\*\*  * ..\* .\.  ***\. *.  .*\* \..\* .**.*.....*\*. *. .*\..@. . .\.*. .  \* .**.** ....* *. **** \.\*\...* . ..!.  ****.*\.    .*. .* *.****..   . @ **.\.*\.. #.*##**#   #
#.. *  .....\.*\.*..*..* .* *\.\*.**  ..* \ *   \.  !\*.* * .*. ...@\* * ...\*. *...... *\.. @*\. \** .* \**..\\  \   \*.  *\*.. . .* ..... *.\. . . .*\\. .\   .    * . *.\    *.*.....*\ * \.\. * .* . ...\. ..**. .. *.... .   .\. .*\ .. *..... ..  *...\. *..  \. *.\..*. \.*..\*.\*  *\. .\...  . .* * ..\ *.\. *..\..  ** \. .\ \.\***. . ...\.***\*. ..\ **...\.\*\. **.*.*\*..\*\.... \*\. .*.     .   *\.*\..*\. *.*** .* .*.* .* *.\. **. .  .*. ....* *.# ##\#   #
#.**... . ...*.. *\\. \. *.*..*\.* . **\... . *\ **\ .. ....*..* *..W. . *  ..*..\!..* .* * ...*\. ... . ..\ . .. . *\..*.. **  ..  .  *..*...\..... *!. *** . .\  .**  \ ..\*.\  **..\.@. \.!..  * **\ ..    *. **\\  *.* \.\.\..\  @ .* \**\ ** * .**..\ \.*.*..\    \.. .*. .*...*. *.* .*\.\... ...  *\.\ * ..*W* *  . *. .* .\ . .* ..\*.  *.\.  .*..  *. * . .   ** *  .\  ...* . !.. \. .\! W*\*.\..* !..\. @.. **. \.*\.. ..*.... .*.\\*  .\ * .*. * .**.*.*## .*#   #
# .\*..\* ***.\ \\. \. ...\.**. *. ... \ .  .* . * *..    ..*\.\ . \ .* .\  . *.*. .**. ...\.....\. * ..* .... * \ ..   ..  ..*..  ..\*\.   . ..   \.*\ .*.\. \.*.W...* !..  ** \  . . *..... *\**. *....\ \*  **.  . ..*. *  ..*... *\ *  ..*...\*..*W*\ \.. .\ . *.*\  *\.**\ **\ ....*.  . *\ *.   .****W* *...*.* . ..  * .. .. *... *  **. \. *. ..    \*\.   .  ...*   . .**\**\ ** *...   ..\...\.. *\.....  !\..*\ .*. *. *...* \.\!*.*\. \.  .*.   \*..*.*# ..##    #
#\ \* .... .* * \. .. ...**...**.. *.\*\*.**  . *.  .\ .  * .  \  .. ** .*. ... \\ \ *.  .*.** *@*.\. *.*\\*   **.*..*.**.  . **.\*\. *.* \. \..  * .*.**. . * @. . . ..**  ...\. ** .\. \. . . *** *  .. .!\..\.  .*. \  . *.  *. .**.*. ..*.\.  !\ . .W.\ .*   ...* .**... **.*\. .  **\.@\**.  *\..\. .*..*..**..*. .* * ****  ..\    .* .*\ *\*.*.\*.\ **. . . .    . ***\ . \ *  **\ *.* ..* ..* \ .  .***....* \ . **\* ..*\.**..*  ..*****. *  ..\\....#.....W*..#    #
#. .*. *   ** .\..\!!.*.\..   .**  .. . ..... . ** *\ ..  .*.**...\.*.* *.  .*\!  .\... * ..@.**...**..*\  .  .\.*..\..\..\.\..  .**.*..\*.*\* ***..*. .*... * .**\.*.\*..*\*. ***.    \*.*\ *\*.. \*\  \  @.* .@* .. * **   \*\. . .....*.\*. *..\*..*!\  *\\ *\\* ......*. .*\.*     .. ** \..*...*. \ *.\\*.  . .*  ..\  \.\ \...  \ ..**.\* . ...* .\* .. . \ *   *.. ... .\. \\.....*. .* *\.  .. * . ** * *\..*..  ..**.\***.*.\\. \* .\...**\** ..*\.*\. .... *.\.##  #
#.** .* .  ..  ..\*\ ** *.\*\  . .\W\ . \.*\  .*.... *..W**.... ..  ..\ \* **. .\.  *  \..\.***\   *  ..\ @ \.\..!\. *..*\***..*\.\* ** *.** .*...\ ..* \.*   .*** * *. * *..\ ..*  ..* .. ..!*..**......*..\.****. *.. .@ * .\  . .. .... *@* **\ . *\  .*\.  ....** \**.   *...**.. *  *..  W\   \.\ \.. ....*.*...\....  .* \*\.  *... .*  ..  ! .\*...*  .. ...\ .*** **.. *. .  .\* * ..* * .. .  .*. .....\ \ . .**. .*.****@.! * .**.\. ...* .*  .. ....\... *#\\ ..# #
# !. \..****..\ ..** \ .*@.@.. W\ . . ... * ..*  *.* . .\ . ** .. *  ... .\\...*.   .\ ..  *..*   ..\ *\.\\ . *.. * **.*\..** .    .*..\...\* .\    ..**... ..**.. .!\ .* \*. .*. .\.@.  ..*.\\* .* \**. .*. . ...... *. . .\\.\..* * * *\ .\*  .  ..\.*. .. * . * . * .  . \\***...\.\...  .* .\.   .*.\.** .  **.\\.  **...*  .* **\   **.. .  \ *\.  \** *\** . . .*....\**..\. .\..*..**. \ .  . .*\.*.* \* .*! . .*....*..\*.* ..  ..\!*  *\.. *\   ! ..**.   \.\ *\ \ ##
#*..* **\.*.\\*  \.**.*   \**.  . . *  .. .*.*!.*\*\* .\..\ .  .**.\..*.**.*. .*.. *.. ..\*.. ....\ *.\..***\.*.!.* \.. \.\*.. .\**...*.  . .   .\. * *\ .  ..*.. *  . *.* .. *** ..*.   ......\. . .*\\  .. .*\ \ *. !  . !\ .**.* . *... ..  ...* \*.. .**.  . .\...*.  .    .*..\ . *.\.*.\   \ **..*.. *\. ...*..*\...  ...*\..*. \. *****.. .*\*\..**.\..*\  . **  .\\ .\  *.\  **.* ****. .  .\ .*\... .***. ** *!!\ !**..**@\*..   \.* \..*\.* *.    *... * ....***.# #
#\.*\.*.\.\. \. *.* ...! \.   \*. \\...\  .*.*. . *.*. .  ..** *.**...\ \\.** .* **...\\ ****@**  ..... \*.. \.\. . .\* **.\*...!.** . *\ \.* *....\.*.  ..* ..* \.  .*.\  .\*.*.\* *  \ ...!...*   .*  .*.  \ . ..\.\.*!***.. ...* .*\*. \ . \.\ !***\.**.\.. . *..\*..@*.. *  *\ *  .\*\..**.**  .. **   ..* . \.  ***\**\..*. * .*..  ** *\* . . * .\...  \**. \*..** .*.\*.....*... .\\*...   ..  \.. *. ..*. ..*..\ . *. .....\ . ..***  . ... . .*\.. *\  .\  \**#....##
#. * * . * * * . ..*.  **  . . *.  \..  **. .\* .*.\..*  *......*. \... .*  .. ....   ...\..**\..*   ....*. ** .. . ..\ .\.\**   \ \*  ....*.*.*  \ ..\*  \.. *...\  \. \*\\*.** ....***..\ .\* *  \ .   \. .*.   *... . *.. * *\*...**.......  **. \*  . *.. ***\*\*. *..\ ..\ ** *\\...* \*...*\*    ...*..*.\..*\.. ...* * .*\.  .   ...***.\ *.   .*.**.\*.*.\.....*. ..*.\.. **** ......\ \.\ *.\.  *.*.  \.*\ . .*  *.*.*.  \..*.*\...***\  *..*   *...    *..**..*  ..#
# *. .*.  .* .  . .. ... .** \ . *\  \ **.@.... *. . .* \  . .*...*\ \..\*.\ * *\.\***. \**...*.\*@*  \.**.. .*.. ! . .\\..*.. .. . *.*@\*\.\ *.\.*   .*.. ......\.**  . \*  *..*   *@.... .\.* *@..\***. . .*..*\...\*.* *  *.\ \.*  ...   . ..\.*\ . . \.**\.***..\...!.*. *.\.. ** . \  . .*.\.   . \\.\  .  .\..  . . ..\.**...   ** . ...\ .*  *..*.* \ \ .!* * *@ *.*\*.*\ \\.**.. . . * . *.\ *  .*....* .. ..  *\  8* *.** ...**\   \\. *. **.\.\. \.\.\** .. .@.\ ###
#\** *. .*\ \*\.\*.. ..*.*.*.. *.... .*. *. ..\*.  .*... \.  ... *   .*. \ .* \..*...\.  ....    ..\  .*.\  ..* \ .\ ***.\ . *.  **..\*.. .***..*.!.\ *.\. **\ *..\.! *. .***.  ..**.* ** .. *.*** . . **. .\*. *.    *\\    ..   ..\. .. *. \ * .* *. ... ... .\.  * *\* *  .*....* . *. .  **    **\. . .\..*   \*  \. * *...!  \*  ... *. *.* \*.*..\...*.  .\..*  !*. \...***.**..\. ** .....* * . *  .*.*.   **. ***.*..\..\.  .*...*.. \ .\ **..*.  .\.* .*.\..\ ..*#  #
# .. *** .. .\  . .**\..@\.\*\.\ ** * .\\*\  \*.  *\. .\..  ..  .*.**.*...  *. \ .\. *.*. .*\ .\*.* W. *  .** . .\.\ *.*. .......*\ \.*.*. *\.*\.*. *.  *\*..  *.  \  .. **..**..\.. @*.\  .*****. *.*\...*\****.\*. **..*\** . *  *. *.. *..*.. ......* .\. .\* * .* . .\.** .\.*..****.*\***\ *.* **... .  .. **.. . .*. ** @  * . \**\ \  . *  . .\.*. ..  .. . .** \.\   ...*\W*.* ..\.  .  ** .*. \  ..\*\*.\ *\  . .\ ..\\ .   .. .*  ..* .*.* **.\..\.*\*... \ *#\#   #
# ..*...*. .\ . ** .\.\*......\. . \. *..*.. ..*\*..\*  * \.  *.\.\*.\ \.* ... . .** ....*..\....* \ *\.**..\*  *..\* *.  \.*.**** *.\.* *. .... . *..\.*... **.   .  \**** .. ..* ..*\ \.*\.**.*\*\.\ \ \*.*!\    \*\.... *.*. . ..\..*\ *.*...*\*.\*..\  . \***\.\***. .....   *.. \ **  *\. **....@  *.*\.\. *..*  ***\.*  .\W..*.....*..**.. ! .  **\*    .   \.\.** *.\..! \.*. . .\ . *..**  *\.. \  ..* *  *.*.. *. \\. \* *\ \. \. . ..\ @*. .*\  .....**..\.. *#    #
#**\... .\ \.  *.!  *\ . .**. *.. ** ..  . \ \..    \   *\.   .   \...* .*  *  *\ *......*..   * *  \  ..**. . ..**W.*.....\ .\..\\.**...*.\  ...* !*.*. .   .*.*.  .\.*.....* .\.. \* .. . *...*\* ..@.* *..   W  ..*.\\***\....\.\..\*\*!...* .*\* \.     .....*.*..*... *.  .***... .*  \.. .*..*..* *. ..**.* .\.  .   * *  . *... * ..*.\ *\*  .*. *..* *.. * \ ..* . *\..\... ..*..**  * . *..*.\ . **\ \.*\.**.  ..*...  *...  * .*    * **\ * *..   ** * \... #*##   #
#*\ ** *.. .\ *  \* .*. * **  . **** @ .    ..  *.\..**. ..*..* .\.**.* ..\*... *.* *  .. *..* **. *. .*  *. . \*. .*..*\..*  *.. .\*.*.*.\.  \.*. ***..* ***  .** .*... . . .. .\ *.*\.. *. ......\***..*\..\*..*.* ** *.\* . *\*\ @\*...*.* ..\*\... .  ..*\.\* *.**. \\ *  \.*.\. \*.*.*\ ..*\ \  .* ..\.\*.*.* **.  .*@ .* * .*.*.\. \W.* .*. . **\ *. .  \ .. *.\ *\ \*** \*.*.\..\*..... .*\*\.**. **\.***..\ .*... *..*.\.* . **.  \  .. .\. .\**  **\. . * .. ##@.#  #
# ...\..**\.* * ..*.*\  .W\.\*. \\\W  .*. *.\ .*.*. .**!. * ..\  * ....*\.*.*.    ..\\**  *. ..*.*\. . ..* ..**.\. *. \.*\ *** . *...\ .*\.  *. **..  \\.* * *.*.**\. . *. **.\      .. *.. .W\ .*\  ..*..* **\*.. **...\* .\  .*.*...  .**.\.\ *\..\!  *  ..  .. ......\*\.  * .... .  **. . *.* .\\.**. .*.. ...*..*.. **\ ..* .. * .***...\*...*\.D **.   \.* .\ ***..*..\.\ \ .  .   \*.. * *... ..  .\  ***\.   . *\.  *.. *\ *\ .\ .  * ......\.\. ... \  \\ .\. ..#   #
# *\.\*...*.*\..  . ....  * .**..*\  .*W. ........ *  .  .** \ .\. *. \. *. **.* \ .. .\  *  . . .. . \. .W ..*.*..*\ . \.**\... .*\*.**..*\.  .   \ . .\**.@...\.*.! *\.*  .  *.* *\*.*\   .\*. .    \.*..\.**\ *\.    *.\***.** .\ *.*\. .  . .. .*\  .\.**..**\* . \   ..*\ ***.**  ..* **\.. . .. *  .\.    *...\.....* ..\ .\..\   *. \.*.   *. . \.\.. \*. \. ...*\.  .*...  *. . *\.\ \*...\\.\.  ..  *..  ..**\ .  *.**\ *... . * .*.  *\ .\*..*.\*  **..*  \.#.@*#  #
#*. * ..* \*..@ *..     \*.  !.\ .* *\.\*\. * .**.**.. . \. *. .... **.\ ..*.. .   *.\ .*\.\.\* *.\** ...*\   . . *...\...*..\.. .\ .*\.*.....*...* ...*.*.** *... . .** \  . *\. *.**.\  *\  . .. ..\ \.\ * ..* **  .  .\\*.*\.**....*.. \\.  *\ *... .   .\ ..\  ..  ..\  ..\ ****.*.\.\ *.* ... .  .*.\.  ***.  * ...*..*   .\ @.**. **.\ .* . \.. \.*  \  .  ..\*.@..*\**.*\  *..\ \ . .. .\ *. \  . \  *.*. *\..*  *. .\.*. *.  .*..*.*\....\ ......*.. .*.# \.\ *\**#  #
#* .\\**.    *. ..*..  ... *. *...@...* \ . ....**..\**\*.  *.\ ... ...*\  \ \.  *..\.*. . .  \\.** ..\. *. * *   *\.\.  .. ... \*.\*.... \*\\.  .. ..* ***.. *   ..* . .. \.*  ...*\..*..*\.   .\**. .\*.***. .\.... *.\  . . . . .. **\\.*  .\...  **\**...W* \.\ *..\* \....*....*.\.\ ****.*.\*.*. \ * . @..\ .*\ * . *..* \ .. \.   .\..*.    *...\*  .. * *.\ W\\  . . .*.  ..   .  . .* ...*  ***. \  .  **.   * .   .\.. *. ..* .\*\...  *.\. ** ....\.*. #**.. .#   #
#\.  ..\  *  ** \.*\ *. *..\*. .*.. .\  ..*... \.. . .. \ ...**.*\. \ \ ** .*.\ .*. . ** .* **.. ..  *\ .\ \*.**.   ..  *..***. **..  \*\.\ .\ .*. . .**..* . \  . .. .**  .*   *.*. \**.. .*   \**\..*...*..*   .*!**\ \*.\. .*\...*....* *\*.*..*\.* *** . \.\.\* @* .* .*\ ..  \....*\....*  **...  ...*\ .  * *** .! ..* .\.*. .\.  *...\......**.* @\ *  . \.\ \   * **.*. \  *. .\.\     *   .*....*. .*\. .*. .\  *....  \..\*\@..*..\**. .\.\.*. \* .  *.\ .*    #   #
#*. *.  * .\.*.. ... .\.*.@.   . ..* .. \.......*..   .*.. *... *\.**.* .\  . .*\*.   *.* . .  .*.. .\..  .** *. *..*  \ ! . . .. . \. ...!  ..***\**.....\* \.....   .*  .*  *.* .**\..* ..**. ..*.. . *\.. *. . \\.\\  *. * *. .**.. .\.\\..\. \. @.  \**\.* *.*. .\ .   .*.*. \.  * .  .* .. *...* \**\.*..\*....* *...*.*\.*. .* * \...  ***.\ * \. ..*. .  .* \   ..*....\. *..  *.* *\** .    .\ .*.\\..   !*\.\.. .\. * .**.*.*...*\!*.*.... **. \   *\*  .. *. ##    #
#. *. \. ..*......\  *..*\ ....\\  **  \ ....\*....  . * . ..*.\. *.. . **** .  .. . *\*..\**\...*.\ . *\*..\... \ ..     ..\....*.** * .** . ..*. .** \ ..\*  .\  ..\ \.\*.... *\.\.*.** . .W **.\*.  ..*. *.\.@..   *\ ...**.** \*...*.\..   .\ * !\.*...*.*. .... * \** \.\*  . * . *.. *\ \.*.  .* *...\..*.   ** ...\*\*....... \..... * .* *.* * ..\.... ... .*..\..*\.. .\.....\*.\  \.\.\ \*.. .    *   \ *. **. \*\ . **..\*.**. @*...*\*  *..... .... *\.*.  .#    #
#*** \..**.**.. . .**. \* ...**** ... . ..  \.\  .\*\ \. * \..\*\.*. .......*.\.*.... .* \ *\*\. * .*.*..*.*.*. . ...***.* *. \..**.**.*@.@ . \ .\. ....\*\.*\* . *. . ** *...  . .. .\..\    *..* ..*  ..* ...\...*...\ .*!..*..  .* \! *..**.   ..\.   *.\\..  * \.*..*. . ....\ .** \\.... . .  \ * . . *\ .*** \*\.. *  *  **... .\.* \.\*.* .\.\..*  .\.*..\ \ .**.*\\.    *** .*.. *  .\@.. .  !.\. . .\.*..\   . . ... *.\  .* ..* ..*   .. \\  *.  **. .*. . \*#     #
#*...  .\.**..... .*.*..\........ * \* *\ * * * ..*..\W*..\  \.**\. .*\.  **... \.. .***. *. .\..\   *.*... .\* *  *...\ *\  *\\...\.***!** *..*** ..@* .\ *.\ .***.   ...*\.  .*\ * \  !. .\ ..*  ..\...*. \ .. *. **   **. ..\. *\.  .\ . **. .* . .. .  ...\..\  *.\. . *\..*** * \* \*.... \ *. ..**  *.@\ . . ...\  .*    ..\* \   *    *.***.*.*.  .  \*****.  .***. *.* \  .* \ \*.*...**.*.\ \.\ . \. *. * *\*\ \*.\ @ @..!.* \@..     .\* .. ... *\. \. *.  .# #    #
#.* .*.*.... *\.\  .*. **..\...\..*  . **.*** @..*\!\*\* . ... .. **\.  .\\*   *.*.\..\ **...\ *  .* ..** **. .\.. .*.\*\**\ *\.**\. *\***.   .\.*. *.\.   W  @ .*.*.\\ *\.\  .*   .\*.\...*. . .*! ..  *.\*\   **\ \.\@**\..* . *\\    *.* .**.*.    ..     *.* . .\@*.**  .  * *\! . *.. ***.*.*.\* .. ...**\.  . . \*. ** .      . *.\.\   *.\*. .\**.**  ...@. . ...* \. .*.\*.. ...\.* .* .*. **.* *   ..*\ . .**@  *\ \ ...W \.  .  *.*  **.   \... ...... \* * *# #   #
#\ \ * . ..\**.* \** \ ... *.*..\ *\. *..\. . **..**. \. *. @...* *.*\..\.\.. .\   .  !*. \.. **...    .* **  .*\W....\* ..***.\...*\**.*... .. ... ..    *.. *.**...** \.\ * \..*...\***.*. . * . \ * ..*.*.*..*\!. \.  . !* ...\ .. @.**. ..**.\..*\. **\*.  . .**.**...* !* * . \\ ..*\ * .\ ..  .   \ *.!\.  *\ .  ...*.\.. *... ..   .. *\..*...**. .. *..\..* .\.*.**..**.!. *.\  .*\\*.** **..*.....  ...\ *\... *.  ...\* \ . \  ..\.***. \ ..  .. **.  .\* .#. *#   #
#.*.*. *\.\.\*..*\ .    . ..*.. .\.. . **.*..\.\\.***. .  * * . ..\.  *\. .**. *.*   * *\.. **.. * . .**\\ **\ .  .*\\ .*..\...\  *\**..\  .. *.**** ..*\ ..* \.** ..*\ .. *.   .*..  ... * .* . **@*..\ . .\*@\  ..... ...\*  *  \*. \ *.. .*..... .....\!** . * .... ..*...**. \ * .**. .**.. .*.\ *.  ..* .*\.\.\.**.\ .     *..*.. ..*. \..\.** \*..*.*..*. * .* ...  .* .*. *.\*\. ..  .\*\*!\ !***  .  *.  .. .*.. \  \* .. ** \.\* . .. **. *\ \*.*\*\.\ * ..#\ #\.#  #
#\* \  *.* .**. * .**  .  *...*.\*. *. .*\.\ ..   .*.*..*..\* ** .  .**** *.   ... *   \ ..\.** *..*\*.... \\...\.\.*. .** .... \ *..\ !. ..\.. .*.* \*.   .*\... ..*.*  ..\ * ...*.*. .*\*......*. *\ \\  .\\...\. \.\. \ .*\..* *.**  *.. .. .  .. \ \ . . .* ...  \.*!\ *    *  .* *.*. ***\\...  *... \.\.*.\ * *....*  \ * *. *  .*  \.  \.\*. .* \.* .*.. ...* *. .\*\* . *..  * \  *\ .* ..*\ \.. *.    .*  ..*  *...* .* ..\ .. .**...** * .   .* *.*. ***. . .###   #
#... ..@ ..*.  **.*..*\* .. ... ..\. . ..*\*....*\ * .\*\* .. .*.\..*.. . *.\ \ \...* ....*\ *.\** .*. .  *\.. . *\ ..*\\.  . !....***. *  *.*. .W*. **.\.*\.* **\*\    ..  *\   .*\*.\\\*.\* . * \...\.    **..\* !\. .*.*.. *\ .\   \ *  ..\.*\*  **\... *... \ .*...*   ..  @. . . *\ *\.\. ..\ .\..\    ..... .*\ *..\ ..\*... !\*\.*.* ..W*. ....*.  \   @.. *.\. \* ...\.*..\ ..\.* ...\..  . .  ... . .  .. *.. ***  .  .*..!.. .*.\   .. *    * *  *. \   * \.*#     #
#*.*.\ * . *..\*. **...   *. .*. **\..\**. .*  .* ***.**\.. \ * .* .. .\. \..*...*. *  @..\.\@ *** \....@..  .*.  . .... .  .*....\@.*.*.  ..\\  .*.  . .    .**\..*    *\. .    .\ !*.  .. .   . * .. *.\.*\.!* ....\ .. .*\*.. **  ...**. *****. ...  .  . .. .. .*.\*..  **.***.**. .*...**\ ...**   \.*  @  . \.*\.*\  . .!*\.** **.*..*  *..*\.**... . ...*.\@.. ..* . *  ..   ** *..  *. .* .**.. ... * *\  *.*....\ ..** . ....\   ..\ ** *  * . .\ .!*.. .**#.#      #
#\..\  *. .\  .  ...\ \ . \\ \    *.*\ *.  !.** .\*.\.*@.\ *....*...*\ *  .\*.**.   *\.*.**  . ..\ \****.*.*.\. \**.*. !.\\  ...\.. \*  *. . .\   *** \ \ .*.. *.***.\ \.**. * *.**\.\ **\. .  **..\ . **.  .   .*\**.\\*..* .\   ...  * *..  .\. **\   * . **  \.\.\*.**.*..\... \.**. ... ....** . *\*.... .*.\  .. \. *.***. . .  *. **\. *\*  *.... .   .  .  @\ \. * ... *...*... . \* . \.*.*. \. . \.* . .  *\ ..**  *\.  .*\ * . \*.\..@ . .* *.*.\.\\*\.#\ .#       #
#***.*\.  \*.  * \ \. . . .*...**\..@ *.  .**..   \ .  .. .*\* ..\. ..\. *\ * \\*..\*  . \. .\.*\.....\* .*.*.\..\. **  *.@   .  .**.\  .\  .\   *...* . * .  .. .**  \  \...\ *. *..*. ..   **.   ..  .. @ . \ ........\. . \. *.  *.   . .*\\@.*. . .*..** .* *...*. ..\.. ..*\ W*..*. .*  .  *\  .. ..*.\   .*.   *   .\ \..   .. .\ .\ . \ .\\* . .*\*\   .**..*  .*\ *  .\.  *. *.\ .*\*...\.  ..***.. .\.\ * ..*.\... ... .*.*\.. !**** .* *. \ *\\*. *.*...  #        #
#.\*.*.*   . * ...** . .*... **\\ ..*** ...\\*... ...*.. *.. ..**   .  \.. .. .@. \..*  .**.**  **.@.  .. .**. \... *. *\ .  ** . *.. **..    . ** *** ..* *.***\. **..*..*   !*..*.*.*.*\* * .. .* *\.@.*.** *  *. **\ .  * .****...  ..  *. \. ..\..   .W. .... *..* .\ *. **  ****\.* .*\**..**.\ **  * ...* ..*\\.  ..* ..  \.\*\ * ..  .*\*...\ .  **..\*\. * *.\ **\.**\ ..\..@*\...*.\    . .*...\ \ ..*..*. *.*\* \\*. .\..* \ . ....! \. \*.* . .*****..\ #         #
#  ! . . \@.  \ ***.   \.***\.\.* \..\.. .*\.  .\.* *..\  **  . ..! . . *\.*..*.\..  **.  . . ..**\. . .*. .*.* **  .. .    \.  ***  *. .!\..   .**\..\ *.\.. .. * **\*..*.  . .  .. ..*. *\*.*.\*!*.*.  \ \*\.  *  .\**.* .  .*... .\ *\..*\...  \\*\\*..*\ . *.....**\ . ** \*\*\.*.*. . **!*\**\.*\. ....  * **. .@*. ...*. \. .*.*. ...**.\* ! ..\* ..*\....\*..**.*..*\... .*. *\ *...*.*  .*\..\  \. ..\.  ..\.* ..   ..   \.* *  . *\ .  **..*.. * @\.\   #.#         #
#   \  .  .\.\  *.**..*!\..*.**\...*. .. \\   *\... *\.\*...\*\. *\..*  .* .*. * ! \\\\.\.   .. ..**.  **.\  \. ... .  . .. .*\...* .* *.*...* \..... *...* *.  .* *....*\*.... .**  .*.... **.. *...*. *. ...* ... ..\. ..\* \.  \* * *.\.  .    . .!..  \.* .**.....\*  \..**.!\. ..*.\* ...\. ..\...\.!   *..*..\ .*.. .*\* .*..*  .. ...*. .* .   .. \\*..*\...*...  ..*. .*.. .. *** *\.\ *  *\**\.\*. .*..*\ .*  \*.  * **\\ *..    **.*.*. *\  \...\. *.. ##          #
# ...   . \ \.  .....\.... ****  * * * ..... *\. .. .. . .   ..  ...  *. . ..   ..\ . \. .. \..*! ... **.* *. *. . \....  . *\ * *.\ ... \**. \ *\*\  \*.*..*. .. ** *.*..*. . \ .. ....\** ..*. ..*.. .\\.\  .\* . .*.\. \* ..*..  *\ \.**.. . .* * . .\\. *.  *** .\@** . ..\*\   \ .*..  \..!. ..  \***\. .* ..  *.* **\.**...!..\.*\\*. ..\. \  .\*  .*.*.*\..*\.\   .\*.  .**.@ .* *.\*. *.\ *...*.*..\ .....*****\.*  .! .*.  .\.\.*.... *  . . *.\   ... \#           #
#* . ... ....*.@ .*.**....  \..  * *** *.\. \**\.* **  . ***\ .**. *.  ..\ . *. .\.*.  *.\ *..\*\* \..***. .**. .    ** \!*  ... .. \. .@.....\.\....* \.. ... *....\*.. .\.  * .. \  .\ *. .. .\  .. *.**** .  ...  ***.... *\.* ..*\. *.*....**.\. ...   .*.* .. \* ..\.     * . ...\*\* *.*\ ..**   .@...**.*  *.\...**..**  \  W .  . \.*\.*\ . \.*  .. .\.. *.. ..*.* @* ..*...\.\ .* *  * . @\. *\..W * \ *\*. ..A\.*\. * ....\  * .\\ * \.***. !..  .#*\##            #
#\*...\ \***  ****....*.\ . ...  .  .. ..\ .**.* \ *.\.\.*.\.***..*. \ \. !..!.    . .!... .\   .* ...\.*   \.\* *\....\. \   \.\ . !\ .** .....!.**...\. . .*..  *\*.*    . *. *   .* .\.\    *..  .@*\...  ...*..* ***  . .. ...\.* !** ***.  .*.*  ** .!\. \   ..**. **.. *.\.\.   .\**..\.*  .* * *W*  !.*\ . * **  *\  .\.\.. \ \.  *.*..  ..\ ..\  ..  .\..\   .\...\.  *\\.* .\. ...*\ *.\ . .. .  ..W ....*..**\.\...*.**\   *\.\\. .\ .  *.*.. *. *\....#           #
#  . \ \*\..**\.. **\.**.\*  .**\...  !\  *\*\\...\\ *  *. . ..\@.. .* ***\*.\*\ ..\.\  \ *.* .\.. . .**\* ..  . **..*. **....  .\..\. *.*\ . \ * . ..  .\*  .. \**.. *  .* ..*... .*\.**.. \.*..* .\.*. \\  . .*  .  ...* \.**\ . *. ..*\**\. .**.....*\.\ \..*.*\*.*.** *  .. \  **..** \..*.*\ .\. **. ..*.\. *  \* ....\ ... .*.\   ..***... * . .\*\  **...*..    *   ....  \*   . .  .**.\.*.** . .*  .* *\*\.\. *\*.*.. .** ...* *** .. ..\ ..\ *.\*..*\ . #          #
#****. *..  **   ....!*\.**..\**.\ **\..*. .*.* *\ .  . *. \\  *\ \ *..\.. .*** *.*\..* *.\*..*\. .  \ .\..\\   \.*  ..  . .\*..    .***..\   .***** *.**..\ *\ .**..\* !\ . *\\  .*.. *..* ... *  W.*.. .\...**.. \.  \*.\.... **.\.*.\.**.!\.     \*\.  ...**. **\ . \*.\*\ . .\ ..* *...\..  *  . \... **.\..*. .*.*...  ***.. .  .*   . \* \.**... . \.*.\ .*.  .**.*@* .! *..**.* . \* .. .\.  ..*..*.*\*...*.*..*.*. .*.* .*  ...**** .\\ ..* . ..* .*.* ##*.#         #
# .*\*\..\* ... *.   ** . .  . *\.\\.......  ..\. * .. ..  *.   **...*  \ ! !*.\ .  *\* *\*.\*..** . .. . \.  *.\\...*** .** *.\ ..* .*\... ***. ... . .. ..** . .\*.*  \.*.** **\ \   .*.. *.  .. ..*\. .. .**. . . *. .* \. .**.*.**\...*.\*.\  .. ..* ..**.\ **.*.. .*   ** *  . .* ..**. *  . \. . .  .**.!\.**\.*..  *..!. \ *. ...*\  .   .. \*.   .   .***.   .\  . .*. *.\..**\*..\  \*.. **   .\  .\.* \.**  .*..  .*  ....   \.\  \*\.* .....\* .*\ ***##          #
#\..@...\ ..\ * ..*.   .. *. **.*\..   ...\......\\**..  .\. .  ...   .\.\.. ***.\ ...** .. *.  *.\.. *.. .\....*..*\\ *  .  . .*.   *\.\.\.....  * .\..  \... . *..*.  ... .*  .  * ..**.. *\. .\.  *.\** .  .*  .\ **.*. \* *...* .  \  *\.*\*\ ..*    ....*.* !..  .  . *\* \. . .\ *  *.  ..\ .   *..\..***. ..@.**.....* .. *** \....\*. \..  ..  ..  .*.*\**\ .**\.  !\....W**\\..***!*..*\*\\*. *.. \* . .....  **    \*\..* . . .*\  ..  \  \ .*.\ .*..*\#           #
#* .@\..*.\ .*****\ \ \\ *\.*\*\\.. ** **\ * **\  \.. .**..* \.\ *\* \.* *.****@ ***. \* .  . .....\ ***\.\.. \*. * ...\.*.*\* .*\*...\ .\**\ .*.\. \*. .*. \ * .@ ** \**\**.* .   . .**.\*.  .\**.. .**.*\*.* * ..*..*.*\..\.****.\\.*.\.*.*\ .. ..   *\.***... **\.**\   .*....\.*... .\.. *   \..*...\..*.*.  *.**\*.@*\***  *...*\W*\  *. \@\ * * \*. .\.@*.\**\*.. *\.\ \*. .\*\*..\*...*@.* \ \.\**\*..\ \*\*.  @..*.\*..* \. \ \ .**\ . **\*\ \.*.*.*.\* #            #
##############################################################################################################################################################################################################################################################################################################################################################################################################################################################################

Water 14
Flooding 4
Waterproof 8
Razors 34
Growth 2
Trampoline A targets 2
Trampoline C targets 9
Trampoline B targets 2
Trampoline D targets 8