###########################################################################################################################################################################################################################################################################################################
# ... ..   .. **\*  ..  *\.*.\.\.**.* .*...**\.* . ...*.*  **\  .*.. .. *.*.*\* *.*   * ..W**\..!.*.   *. .\.. ... ***..\  .**. .\   *.. . * *..\.. *... *\.. * .*\\\.* *.*. * * .. *  .* ....**\..* . ..* .\*.    .\*. .\ *. !W.\  \... .\. **. \. W..  .  .\.. * ... \  \.***  .*.\**  .\* \  *#*#      #
#* **\ \.*\ \*.*....  .*.*\ .**\.**.*..**.  . .*   .*.. ..*..**  . ..*..\****.* ***  @.\. .. \.* ..*.**\ . *  . \..*.* .  * .\ .\*\\ . . .\* ...**\ ....\***\ . . *. .**.\*... *****!.  \\. *.*.    .*. .... ..\..*\. . .. ..*  * . .  .*  . **\. \..  .\. *  . *.\.. @.\    .* \*\ !*.*  ... *.* .#      #
#...***...*. .\.**.\ \*W..*...*.**..*. *.\.\*.  . . .\*.. *\ ..  \. .\ *\.... * .\W\ .*  *.*. **.\\ \..*.   . *\. *...   ... .***..*.\* ..*.  . * ...    \..  ..  .\....*\ ...\..\.. . * **\**. .\   .*\*. .  **  *.*. \.*.*...\.  .@ . . . \.*. .\* . .  \. \\* *.*@*. . \  \* .. *. ..*.\. *..#*\#      #
# **\.. *.* . .*..**.*..*.\   .*..  .. ..\  .  *.*.....\. **     .  \*..*.. *. .  .. *\.  ..\ .*..* ..\\   .  . .\. \  \. . .*.*.\ .* \@\ .*. *.\ .... .. .* .\... .* \..    .. *. *@..* ..**\. *.**... . *. ***\*.* * \*  . .\*. * *..*  . .***.*\.\  .\...*.* \ *..*\  *.. \..  \.   *..*. .\ .###      #
# .* .  .\*.\ .***.**..\@.*.*  . *...   ..!.@ .**.\..*\.. \*  *.     . \ . **.\*...\.. \ . *!*...\..@*  *.. *  .** . .*. .\...*\.* *. .*   \. .***  ..\. . . .\  \... . .\. .\.**\....*   . .*  .\..  .  .@**.\*. ..\\... \***.!\ \  *. *.\\ .\.W.****.   .\.\... \. .  ..*  . \..*...*.. \.  # #.\ #     #
#. .**\... ... .\.\!. .*...*!...*\  *..  .... \*.\.\..\ ...\ *. * \  \.. *.... \.**  *.*  *...***...... ... ..*.*.\.*@..\ .\*... ....\*   *... ..*...!... . **.. ...  \ \.*.*!.... *@* *  \* ..***  * @.\W... *\**.W@\.**\ * . . .  ..... .** *..**...*  **.   *.*.  .   . . ...\. \. .  . **** ...#      #
#\!!.**. .  .*  . .  **\  @    .. **. * **.**\.\\. ..**     .. .. . \.  *.*** *.\.....*. *\.. @  .@\    .\* .***.  *...\.\**. *  ***\ . \.\. . ..\ @  **. \..*.*  ... \...*.....* *.*. .   ..*!.*.. . *....\  \ ... *  ..  ...* *..\*...\ \ * *. ** \* ...*. .*.   \\  @.@*\   \.* . \ *\.*\...\ # .#     #
#.*\***. *. *. . \   ..\. **...* *.*. . ..**. *.** \... *\ ..   .  ..* ...*** .\*  * ...\*\.....\*..*\.\* \*..@*.  .\.* . .. \*  .**. *    *   * ***\ *  *!\ .*\...\\ .\ *.. .. *\\ *.\ *\.*.* .\...*@\. *. .\ *   ..\ \\*!...  ..*** *.. .*** *  **.. \.*.. **\**!..... *..*.*. **..\ . ...*!\*. **#     #
#\...*..*.  * *. ..\. **.\@ * .! *..* *  ..*. ! **.   \..** * *\*. .*. .*....  !\* ..* * ...**..!*\***..**.\  *\** . ***\ \* .*. . . .. . * \ *..\*\.\..\*..** \*  *\*\.  ... .*\.. ...\   *\*  * .\...\ .. .*..\*..*. . *\  . ....*. \**.. *. *.* .  . . .\..* ..*\.\!. .**@.\.\.\\ ..* * .. * \ #.#     #
#.   !*  \@....\*\ . \.\\** . *.. .*  .  \. @ \ \. .*  .. . .\\..     .      * \!. . * ** ***...\. ... .\.@   .  *.....\...@\*  . .\. .\..\.\.. ....\!  .* \....*.*.*.***.** \ .. * .* ..... . . .\* ... ..  . *.* .*.*    .. \ **@. . ** \.   *\.\*. .\ . . \..*...* * *.*\* .\.* \ . ...** .\ \..#      #
#.  . .*. ...\...*\   .* ...  .**  *   \..  .*   **\..* \.   . \     .   .*. * .\    \.* .*.@*  * \..\\ ***.. ..*.. *   .*\.   . *..  * \.* ...\ \.*.*@\..  ... * \ *\.* \**  .  .*  *.* .*.*.\ . ..\*\.**\. * \..*\..*\ . .*...*\*\.\ ** ..*. *.\. \   .\.\ . .* .\...\*\!.\.*. * .. .  *..\\.#.\ ##     #
#.! . ..*. .   .. *  .@.\\\  *.... .***.... *.\.**.   ... \\**..\** * .\ .\ \..\.\*.   .....\. .* ..*  *..*.   . . *. \...*   . .. .. \*...  ..**.*.....   .*.\ *\.!.\ *  ..\.* .\. *...\ **.. ..  ..\. *\ .\...*\....*.  . .. .\.*.W  *\*..**..*.**\.* \ *.  ..*\ .\. * . * .*\... *\.*\ .*. \ .* ..#    #
# @  ..**   *..  .**. . . \   ... . . .**.  .**.***. .*.*   **.* .\  .\*  * \    .\. .*....*    .  *.*** !.\  @.  ..  .  **. ...*\.   .*. *\.  .\.* *  . \. .\ \....!.*  .@... .....\  .. *.. \.* *.  .*. ... \\.* *   . *.*@\*\.\..*.*...* ..  . . .\\.. ..*.\@... *. * . \. *!@.. *. ! *.. ..\ .*** #   #
# . .\*.*\  .\* **\.  \ *.. \. .. * *.***. .**.\\.*  *.*. *\..*..*  .*. . *\   ...@..***. \\...  *\.*\....*....\ * \ \ .* *.   \.*..  \!..  .*\* .. .\.* . ..\ .*   .*\ . **.\..   *..**.\. *   . .*  .*...* ...*... \**.\*.\ *.*. . \.. ***.\.. . \..\*.  *. .**. .*... *. *.... .*\... *  .**...*\. #   #
#.. ...*..*.. ***.*.\.**\.* .*..\.. .\ .. . *..*\..*.......\W .....!. .  \  *.. \..\ .\.**..*. . . ...\.*. . .  *. .  \*** . *\.\.. .... . **\*. .\.*..**.\....*..**...  ... .  . .\.\.*\ * * .  ..\@\ . \..**   **..\..  . ..* **. *.  . .*\.      *.*.* ...*...** . .\.\.**  \ .*...*.     **....  .*#  #
#.\* *..  . \.*.... . .....* ....@* \** *..*.    .\\\* . \. .\*..**. \.*.   .  ...*  .  \.\*.\*.  * .\...   \*...*\.\. \.*. \*.*  ..*.* \  .\.**.**\...\\  ** ...... . .*. \**  .. ** .*.*\ \ . *\  **  .  .*.. ..******.  ....  *.!*\  *. . *...\..\ .*.*..\.\. . \ *.* *..*\...\..**#.*.* \.\ .\\ *.#   #
#\*.** .   !  *   .. ..... *..\.. *\.* !\..*. \. . *.* .@* . *\. ....\!. . \ **..\.\   ..... .\!\.*  !.*. *. ..*. *..\ *.. .* *..*    \.... . .. *. . *..\* \. .\.* *\*****.....  .*  *..\*.  . .. ..**.!  ***..\..  \\. \\. .\*\.. .@*.. ..*\*   . *.*. .  *.W* \   .** .\  .  \  *.   .* #.  .  ..#*#   #
#  \.\ . .. \..\..*\* . .\ **.*. \*  .     \.*.  ..* * .*.\*.\. \. ..   . . *W.**.\..*\..* . *\  .   .\.* \.. . @ . * *.*   . ..** \ * *\*.  * ..****..*... *.  *.*.***\*.. . ..*.**\  *. . . . *\.....\*\*.*\ . \. \\.\...*.\.    \.*..... ... \.\.* .\. .* *** ! . .*. \.. ... *\. .* \ #   .*   #*#    #
#\*.\..\\ *   .*...**  . *.** @ *. \**\ .*..*..... .*\*..**.*  ..*\ ....**.*\.\..* . .*@\.  \  *.* *.*  \. ******.*...\ **. ..\...****.  * .*.\. \ .*   !.. .. \. .*..\*.  **.  * *.*\ .* .. ..*\...   ..   .\ * ..\ *...\*\*   ***.\ *.  .\ \ *.*\*....\\....\ .*. **\.\*. . .*..* * .  .  *\### .* #    #
#*  ** . .\ . *..\*.*  **. ****\  \.*\. *.. .  *.*..* **.*.. *.. . ..** \...... *\..  \..  .* ...\*....\.  .**. .*..* .*.. \  .*.\.*\.\ \. \ *  . *...*  .* *.  *.*\... .  *\.\ . ..*.. *..  *\..*\ .*\. * \ ..\.  . ** \ ..\ *.*..  \.  *\ .. .  ..*.* *.*.. .... .*.*... .*. .. .\  \*. ...#   #.##     #
#**..\ * .   .\ .. *\\*.**\.* *.*\  . \ * ...\.\.  *!\..*.\.\*\*.* *......!.* ....*.\*. *\ ..\  *\. @\.. \*\*..  *\ . ..* **\ *.*..\ ..*..*  ..* ..**.*\ ..\. ... * .*!.  *.  *.\. .  .*.*.. \..*. .* .**.*.. ** W* .\.\...* \*  **. .*\*.  *\ .\*. \. \  \*  .\    .*..  \.*. *. *.. ..*.\ **### #       #
#*.  ..*  *\* *  **\.*..... ....\.. * . * .. *\ ! .\   ....* \..*.*.\*..@\...  ** \...\..*\*..  \. .*    .\..* *W. .\*  \ .\.*.**\.\..\.\.. \ *.  *!.\.**\.*.. .. ...\.*. *****.. . ..\.*.\    * .*\. ..\ ..* \** . . ..*..\.... \.*\ \..** ... *..*..**. **. .*** \  *.    **W \***\*.\ * \.*...#### #   #
#*.*  . .*.**.\ \.\.**..* **.\. . * ..*\...**.... \ . *.\. .\..   *. *.*..  ..   \*@**.\.. * \ * . *.\.*. *.\.*.*\..   *.\ . . \\ \*   .\** . *.*.\  ... .** .\*.\ .. ... \ ...\. . * ** ..\.  ***...W* *.  ......W* .\.*     .\.. . *   .\.\ *..... *... *.W** . . ...  \...\\\ *.  * .\.\ *.**\ \.\#\#  #
#*\.\. . \*.. **...\. \\....\ !  .*  .. \.\..  **. \ ** . * ..  . .\*. *.\...  .*!...*   \** ...   . ..\. *. *...* . * *.  * *..  .. *\\*\ .  *.*\  ... .\ * ..W .*\ *.. * ** *....\. *.*.*.\  *  .. .* .*...  .**\. *. \.. . .**.**.\.\*\.\  ..\* .*. *\ .* . ****\ .  \**.**@..\*  *\..\  .*\*..  #\*.# #
#.. .*  *.\* ..*....**.. .  *\ .  .\ . ..**!* \... ..  \*!.   * ... .  **.**.*. * ..\.*\.  .\ \.\ .. ...*.\*****\. *.*\.!\ * .. .*...... .*.* ..\** ..   ... *.\..*.*. * .*.. *\    \.*..*\...*. . *\***\.* \.....*.\*\ . **** .@ .\. ..\. *  .. *\ ..\. . \  *.....**. . ..*\. \.*. ..  .. . #.. \.*..#  #
#*\  *  \... *\  .! . .**\**..\ .\.@  ..*.*..\... .. .*..*. .\\.\ * \ ..* .. @. . ...*\** * .    .*. .*\.\.\***.. .  *.* .\. .*** .** .. \. \.. *.. * ..\@   *.. !\ .\ .* .   . . **..\.\* .* . .* ...*. *.\.*.\.  \..****.\   .\  ..**\.* \.\  \...  *\  ** .* ..*\.. ... . ..  \...\.\. *\**.\*.*\..#.# #
#.* *\ \.  \*. . *..*.\ .\@*.*.. *. \ .\. *\\ .  \ *.\ .*.\ .   *.**. .... ... *.\* .\  .\.\. . * . \.. ..\...*\ ..\  * \*   \.*\**.\\** . .. . **  *\      *  ..       . \*\***.**.. * .****. !\. ..*\*.*W.\.. *.*.*. \* \*... *.*..*\ ** W .**.*.\  ..... . .  W .\ .. .  .\**  .*. ! *W..*@ .*.***.**# #
#\*..*    \.\*.*\*.*...  *..   . .\*. .** .  ...\. *.* ** .  .*..*\.\ !\  .. .** ...      .*  \\. **..**.*.*\.*  \..*.  .\ \ ..\.!*....  ..\.*  W. .. *   ***.*   **. . *\ @..*\..**\**\.*..... .*... *.\..      ..\. ..\\ *.\.**.. \. \..\*.**. \.  .\*.\ . \. * . .\.* . .*\*  .*.@\*..  *\. .* **.* .# #
#..* *  * .  *... *...\.*.*\ *. .\*  ...  .\  *.. * *.***. . **** .\*. .*.. . *\* .** \*.\*.\ .\  *.**.. . .\ .*..*.*.. .  \ *!.  **...\.*.. ..\\ . *..*\ *\\ .  ..*.\. ....\\..* *.**.*\*\\ *\.... *.  . .\ *.\@\**\.\*.* !**\.. * .  .\  . *.\*..   *   *. ..\.\** . . . \....* . ..\. #*..* ..*. ....# #
# .*.* @.. .*.   ..  .*\.. .\.* \.* *!*..  .*\...*.  ....*\  .  *.\ ..\ \..**... *.... * .*\*\.. .. *. .*\   .\.. . .\** *..*.* .*..  .* \* .  .\ \...** .* *\  . *\* *\*\\ *. .. \.*. ..\.** ** \* *....*\* *  ..*.*. !\*..\.*\.. .*.\.*\ ***..   ..\.\* .. *\. **.**\ .. . .*   \.. ....*\..  .\ ... #  #
#  .*.*. ..\.  *.  \ *.*\.\...... ..***  *.*...* ..*@. @ .. . ... .*. *\ .*\*\.  .\   **    ..*    . \ *!.\. \.*.\*\.  \ . \\ .*..*..\..*.*. * .@ ..\.....* ..** .*.. .\*...*. \. * .. * * *. \.\*\ .  \.. .\. *.\! **@\ .@***   *... .*...\*...\\*\... * * \**\**.*.*.   ..* .*** . ..   \.  * *..\.*\.# #
#   * .*. .*\****.\... * *.. **\*. .\\.. *  *. . .\\..\.   .....\. . *\* *.** *  ..\*...  .** .\* . \ .*  .  \ ..** *.\.\ . * **\..*\..\..\... \   .  **.*.\.  .*....\ ..    \. .*\** \.*.. \ .. *.*.\   ..  \ \ .\*..*..\... \. \.*  .**  . . \. \*...*..\* *\.\ * .*  *. ...\. *  . .*  *   *\   . ..*# #
#  .\\  *. .***.**.\*  .* * @.   \ \.\.  \.*. . .** .*  ..   .\*\ ....\.*\....**.  *..\ .*. .  *.. *.  \..   .. ..  .\*.. .@\.*.. \\ \*\*.* .* .*.\...* .*.**\  * *  .\*..*\**....  *.. ** .* .*.\.. * . \.  . ..\.\ *...  ... ....\.\ ..\. .* .* .*.* .\  . .**  .  \  .  . **. *\ *!**. . .\.  .\ ..*#  #
#\ *...* ..\.*. *. *.\\..\  *.   .\. ..\  *\..*..\\.*\ **\.\.* ...\.*\. * . .*\. . .*    .. \***\*.\ *.*.*\  .  **.*  ...*\ ...  . .\...\*.* ..**\  ..\  . .\.* \...      . .\..*\...W...\   .* * ..\ * *   ..  .* ** .\.**\ .**.. **. \.*\* . ..**. !* ** .\*.*.** *.\  \..  .\** *. *. .* .  \...\. *#  #
#*..\! .  *..*\ .\**\\  .\ *..\ WW.@. .....** **\\ \.*. .*   \.\...  .  . . ... .*\ .\ .. ....*. . !..*...\ . ..\..... . ..\  *..\.*  .  . \ .... .\. *\** *.... .\*.*  *\  .*  .**.... \ ** ..** .. .\..\ * .*.*. *.  .*.\\ ***..\*....*.W..*\*\*... *  \ * ....*\...* ..    * .\\.\*. *\. * ..\. .*\ *# #
#\  **    . * .\  ...\.\  *. *..*\..\ . . .*\* ... . .   ***.. *   *. \.*... \..*.*. \ \ !\*  ...\.. .\!\....* .*.. . * .\.***.\ ..!.*.   * **  * .  .* .. \.* .   . . . .  .\.* .* .  *  .  **.**. *.. *.**. . *.\  .* *..  .. . *\.  \.  *\**. *@. \*..\..**\ **.   *.\.\\. * **.@*. \\     *.*  ** \*# #
# .\*\  . * *  .*. * . *\ **\*..\.*..*.*.*. . \    ..\.*....\  .*. ..*. **\ ..* .*\...\.. *..  .*. ...  ..*\ .* W .**..* *** *. *..\...\..\.....*. \*.** .* . . . . *..  * .\ *.... *  .* *\*\\...    **\.\ *\ \*. \. *\.*.*  \  *  ..  ***\.\.* .\..*\*\..*\..\** .\ \*...\. .\*. .* \ .. \*#   *.\# *\# #
#  ... .*!**... \ .\ *** ... .. *.\*   . .\  *. .\. \.   \   *\    .*..\.* ..****\. \ .. ..\  . ....  .   @  *..\.\..**.\.\  .*... ..\ . .*.. \ ** *.\*\.** .\  . .. ...**\..** .***.  *\.* !. .. .**\*... *.*....*.  . .* .. .* .\* .. ..! \ .* \.. * . . .* . *.\.. .\.*.   ....  ....* \*..\.\..\####  #
# \... .  ..   **\... *.\* \ *.*.\.. *  . *  ..  *\*\...\.. *  .*.\*. \* *.. *\**   .\ .*\  .\.*..\. .. **\ ** * ...**. ..*..*\@*\ . @. \ .   * . * .** . .  *!\.     * .\*. **..*@.\.\.. \.*    * ....  \.*\** ..* \   * .  *.*\ .** . \ \* . ** *\*.* \  . \  .*. * \ .\*..  .\ . .**\** .. ** *. #  #  #
# .  **\* .  . .** .. *.....!. \  .. * .\ *.*\\.* .. \  . .\.****!.* * ....\ ..*.*. .....**.  **. ..\*.*\ **.. \.. .... \..* W.*\     ... *  *... .   \ .\.  .   \ .. .* \**..\.**.*.\@.  \*\.*    \.. .\\\.*. .* .. *.*. *......  .\  .. .\.\ ...@*****   **... .  .*. \  ! ..*..* *.**.\ . *....\.*## # #
#. ..*\  ..  @  .** .@\.** .   .*..  *\*. . *.\.\*\ \.  .\*. ..    . * * *.* .**... \. . ..\**..* .     ***. \.\ *  ..\ \ ..\**. *.\.\  * *\*\.* . \  ...*.... ...*.\..**. ... .\. *.. . ......    .. *\*\ ..*. ..  \ .\* \..\.**  *.  .*..\ .\W* \.*.\*.** .*.\ . .*.. ..* . \. ..*.\.*..\**.@  #*### \# #
#*  .*..*\.*.*\ *. \ .  *.  *.\*..*\*. .    .\*..\ \... ...\ .  .*\ ** .\.*. ..  ***. .\. *.\*... .*..  *..* * . .. .\  .* . **.. ..\ . .*..* .*\ \ ..* *.* \*   .W\ * .\ *!..*\. ..*    . .*.. *\ !\ *\.     *\.\. ..\.. .. .* **.*  ... **.  .\ ...*.. .\ .\ **   * *...\.* ..\..   *\..**...!. \\ .*#  #
#..  .   *...*  **  *\\.* .  *.. \...\... \ \ ** . . \.**..*.. .*\. .*\*...*.*. **..*. . .. \ .  .@.   *\** ..\.*\ .\....\.* *.   *...\ *..\.\.\.   . \ ... *. .  ...* \**. !\**\.*.**.\*\ ...\ .* *.\*! .. \\.  *..*.*.  ...\. *\.\   . .*.\.*   .......**   *... \  .. *.     .\  .*.**. \ * *..!\..#####
#\\..  .\ ..*. ..*\..*\.\ . . .  * .\.*!. .\***.\ *\\..*.. *..  .    *.\  .\.. *!..**\. \ .  .. .... ..!*\. . . !.. ...\..** \ ..\   .* \.\ .* ..**. *\.*\*.\** .*\*..\. . \* *   .. .**....\*...*\.. .   . .. ..** ... ...\....*. . * @ ..\!\. .  .  \ * *. .* ...***.\ .*. .***W . ...* .**\ *. *#\ \ *.#
#*.  \.....*..* .. * .\ *.*. *.  \ \..\ ..** .. @.\ .\ .. * . ..   . .*. .*. . ***\\*.\.\ *.*.\* .  . *\*.  *\ .. **\.\. * \ ..\ . \  ..  .. .. ..\.. *\*. ... . \. * W.*. .* \ * ...*.*.\*.   @\   ..\. \*.*..* .*. .*\ \* ....* . .*.*\*  ...\.\. \*..\ .**..*** *.**....\* *.. *.*\.\..\....\*.*. .#####
#\ \ . *** .*.* \  @ ***\....  .*.*..\. \ . !*\ ..  *...  ...  .\*.* * *\*  **.*..  .. ....\. ..!.* \.\ ..*...  *\*.... .* .* .*.*. .* *..\.  ... ** ...*\***\ .* * . .*** **\.*.\ \*. .\.. *  ..\\.\* *\ \.. \.. .. *.* ..***.*..*.\.*.\*..* *.. ... .\.. .**. *.** W. *..   . *\.**.\\ .. **. .*  . #   #
#.* .  *.. ..*.**  .. ..*..\* \ *..*    !.\  **  .\...  ...   . ... .  .*..\..*.* * *... \     *\ *\. \. . *..\.\*..\.  *\*.. *\** . .*.. .\ .  *.*. * .. @@ .\ \ \.**\.\ .  * . * .. \ ...*.* * . \ . .    . .*\\*.\ .* .\*.. \    \ .*  \\...*.  \.. .*.*     **.\ .  \*.\.  .***** \\* .. \ ..* *...#  #
#\. * .*... ...\. ***.\*.  .. ...* . .*.. .*...\..*.  . *\.**   \ *. .*..*\.  .*.\* * .\*.**.**   \.\ .. ..\*. \...** *...\. !....\\ * ** **\!.  * \ *..*!.\ \*W ..\*\.\.\\ *    **** .. * * *. *\*..\ .*@.*\ ...\.. . .*\ .*  !.\*\    .*. . .@*.*. . **\**.\*..\ .\   ..     *\..*  ....  *..*.*\  **.# #
#\. *.  .**.. \  *  . ..*.   .* *\ * .**  .*\  \  *\* .\**.. .\*\*...* * **..\...   *.*....**\.   . **..\  ..\. .\ .\*.**\  \* .. .**. \...\.**   . .* \.\.*\ *. *\ \.*..*.*...* . **.**.\.  **@  **.\ ..\.*.*\. ..\\. *. *...*  ..* *@\ .\.    ...    *@*..  **... *\..*. *** ..*.. * #. ..  ..\# . .\*\##
#.*  .\..*.   .****** *\.* ...*\. *. *.****. .  **.. ****.\..... .. * . \...*. **.** \\  ...\.. ***\.\ . * .*.. **  ..\.\ **.*.. *...! .*  *..\ **.. ...\ \..\*.. ..  .\*.. .   ***...*. .****.\ **. .** .* . *.*..*. ..  ..\...\ **.\.. **\.......\\* ..**!.*... . .*.**@...*..\..*\*\.. .* . @.*   #### #
#\.   . \* .* .*. *\@ .*\.\.*\ .* \.\ *\.\.  *.....* *..*\. \.\!  \ . * ..** W **.*. .*** .\.. *****..   .  *  .*. .  **...\.\*\.* \ *  . **  ...***   \* .   *\** ..* .\* ** *.... . *\  . \.  ...! *.*\*. .*.\. \... .\ ..*\.*..*.   . \...**.**.* .* \\* * ** .\*\*\*.\ ***.* *** !*\  \.   .#.* .  #  #
#..\ .. .**  \*.**\.\.***\ ..*.\.*   .* *  ..*..  \*\..*.* *.*.. *..**  ..@. .. \*.*  . **\. \..*. *.\.. .  \ **\**   .  .**....@\* .\*\.\**\.*   \......* \.*..*.* *.  .. * .\  \\.. *.* **\\   .*.\ ***.*  .  \..**    . .. *.  .  **\\.\ \.. ....\ .\. .  \.. * . *\ *.* ..\. *\.  .. . ... . #*** . # #
#. **.* *..  .*\ .*.....* .* .    .*. . ..** .*@  \.*\.. \ \ . *\**.\*   * \ .***..@. *...* * *... ..*\  ..*..\..\* ***   ..  ... *.*...*.*** *  ..*..\.*..\ .*  *. .**. * . ...*... . \* .\. \**@\.*..*.*  .* .*..**.** **.\*.  \ .**.. @*@.  *  . * *W.\.. .\ \ \  *.*  . \ *.. *.* .. **.\\  \#.\*  #  #
#*  *.. .*.  *.\ *\ .** * .   . .* *. .* \**** * *. .*  . ..\. ** .*** *\ \. ...  ** \.  *... \@   .! * \*.*...  **\**\.**... .. .*@.. .*\* *..   \. . \*\.*\*.. .* \*.. **\.  \* \  *\.*.*.*...   \W**..\\**\ \. ... *.\  *...  .**... *  **  .  *\.\ * * .   *.. . * * .  **..\.\.\ *.....*.\#. .#.##   #
#.**** .*.*...*..**\ .*\*  \** .*.   * ...*.\..! . ! *!.   *.\..*. *\ .  .***  .  .. .   ..*   \.* \.. ....\* . *\..\..  \ \*\* * .\  \*....\** *.. . ...  . . . ..   *  * ...*...  \.*\** \* .\**   !.***..** .* * .\*\.\..@*\ *\.*..\*.\* *\*. *****   \ ..  \...  .....\ .\*\.\..**. \*..*\.*  *\.\.#  #
#**\!  .. .\ \..... W .*....*.\ .\ ....*\ . ..* ** ..\.\* *.**.\.*.\.\\.**..\..\     ..\.  ..*.. .\.\.\**.. *. .  \\ *.... *. . \**  \ \.\*\... . *\  * * ..*.\. .   \. * .  .*.\ *..\.*.* .. .. .\**\   *  *..**\..  *..*** \  .* .\ .\..  .*.\*.*****    * . * *   * . \ ** *....*.*. . \.* *\  *#.#.*# #
#\   \. .\ * .\ .\.\ * *\   .*..*..*.\*..    *** .\*   *. ...*. *  .  ***.*.\ \ *  *   . .. **. . * . ..* . *.\ .* .*.*.. .\.* *. \*. .\. ...*.*.*.*  . .  .**.******.*\.* *\*..*... \**. *...  \ \  *   .*.\*\*....  . .\....**\*.* .\..... ...**..* . *.\*\ .. . * *\  .**..  .* .\*\* ..\* . *.#\ ###  #
#.   .* ..*\.   ..*  .\ . *\....*.\..*.\*\**\  *.*@...*..\..\.. .*...!..**...*. .**. ..*.\...* *  .\ * \** \. .*.. .*... .. ** .\ ...*.*\.*. .   .... \\ .\W\.......** *.*....*.*.* *...*.  . ...*.\ .. * ... \  \  *\....* *... *.* \***. *  \. *....  .*... * . *.\* .  *\..  ..*..\ ...  *.  \* ##     #
#.* . \ ..** **** *. .  \ * . ....  *.  ...... . \*  *..\....**@. ..*  * * *\\*.*\...*. ....*. .*....\.... ***  ..\\.\\..*  \..*.... .\.*   . * .  .....*. .*.* **..*. . .  ....*** .*....*..**\*.**.\*.\ *      .* ..   ...*  \...*\..\***\ ..*** \ \** ..\.*. .. .\.*\ *.   .***.. ..*\   *\ \**. # #   #
#*..*\. ..**\!*..\.\* *.*  .   \* ..*..\***.* \.**.\....*.\*.*.\.*.*..****.\.*\..\.*.*  \ \ ..  \  .\. . .\.*.\.\..  \\ .. . .\*\...* .\*\ .  .  .*.\.. . . .    **.\...\.......*..\. *.\*.  .   .. * * **  ....*.* .. . .  \...  \   ....  * .\   .  .\ .\ *.*. ...\*...! .\* .**.*.\**  ..\* ...**## #  #
#.  ... .. .  ... *.. ..** .  * ..\*..\\..\ . ..**\.\..*!  . !*..*. .  *.*\*\.**.\. *.\*.*..  **  .. *\* .\.\ .\*.. *.**.*.**.**.\**\\* .   *.*\.*.*\. ***. .  . *.* .  .*.***\ *.... ***\  ..\..*. *.*\.\  \. \. .*.  \.\...*\  *. .* *    *  ...\.\...***..**.* .\  !.\ .**. ..**** **\*....*.\  @..*#  #
#.. .**\ .\   *.. \.. *..     ...\.*  .    .\ * ... .... .  .**@\.. *. .*.*.*.*  *\*...*\..\* .. ..\  *. .* .\.*.* W..!**\ **.\.\\ ***..\.\*  . .. ..  ..* \..   **   .\.....* .*\.*.  .\*  .  . **\*\**. **..*.***.. \  * \*.*. .**..\. \ **.\ .*.  \  ... \**..  \ .\*...*\** *.*** .. ..  *..\**#..#   #
# .* ...*\.. .*.* . *. ...   ..  ..!\. *...\..\ .\ .  ...\*. ..*.\*..  * .\.\....***. .* *\**   *. \*.\   *.*\.. .   **.\......  ........\.**. . ..**.** ...\.****.  *.  *...\. .*.... * .. *.\.*....*.**..\* ..\.\\ ........** .\.*. .*..*.*.\* ...*.. .* . *. .. .\ .\* .* .....**.. *\. ..* ...*#\ #   #
#\.. .  *.\ . .*    @ *\   *. ... ..   .*. ..  .     .\*\!..\.\.**.\* ..* .* *\ .. *.*.W . ***. @\ *\..* *\ .  .  . ..**  ..*..*. . \ \ \  .  . .***.  *.*@**..\.** .**  .. .*  *\. !. ..\ .... *.**.\ ..  ..\..** . \**\   **. * *   **.*.\..**. .\\. *.\ \ **@ .. ..\* .*  ....  . . .*.  ....*.\ ##    #
# ...*.\**..\ @..\ ** ..*..*...\.... \ *. . .*  ** .   ..\ .*.\*.* .*\  .  \*...*  . ..*\. .\.\*.\\.**...*.*\ **.\* ..\ *\  ***... *. ... \* \   ...*.\*\. ** .***..\*   . . * .  .\*\ \*.*.\**. .... ** ...*** ...  .\***\ .\ . .*\.  .*.\*...\** * . * *  \... .*  ...* \\.   ..#  * *.  *  ....##      #
#\*  .* * .*.*. .\.***  .*\.*\   .  ...* ***.*.\ .   .. .  \*.\  !* . .....   ...*.\.  \*\* **. \   *.@  .**** * ....\. \* ..... ....  .   \. .**\.** ..*  .\*.*\. ..*\*\*  .@\..**\.*. .*.\ ..* \ *  *.\ \ ..\\ \ *..*.\.    *.**\..** @**.  ..\*.*...**  *.* \* * .***\@ *.. *.*.. .\*\.*.\.\ ... #     #
# *\. **  ...*..\. **.\ @!  .*..**\. * ......\* ...*. .\  \..*...@. .**\ * . . .\**.. *** . *.*@ .**\** *.\*  *. **. *\* *\. ..  ..\*. \ .. \.\ .* .. *.\ .* *. * ..\*.*.\.\..* ***.\*.\ \.*.*\...\...** *\ *** * *\ .. .  . ....\*. *.\.** \.\ ...*...**\.*  . !   *\\. \ .*.   .*..  **\ *. .**\.#      #
#@* .\.*. .* .  . **\\..  . \........@ \ *\.  *\..    *  \@ .\ \ \** ..*\. *...  .\..*..* ..** * *.\. .\** *..***.\. .** \. . . \***.. ..\  *.  .\.. .* ..* *..\.  **. \* . .*.\ *.\...* . ....**...\ * \** . . ..\ *..*\. \.* *.*..**.*...\.....*\.*..*.***...*.*. . ..\.\ *...*  .. ..* .*.*..*  #      #
#*\.*. ..\.@* .*\\... .  ..*....*.*\ \*. ..*\\  *.\ * *.\.\ ..\ .*..\.*....   \.    .\ *. \..* *.!\...*  * @  ..*..\! .*  .\.***.**.. *@.\... * *.\\.** \*\ * *. ... ..\*.\...\. \**..\* ..  *..\* *. .*...\.  \*.. .* .* ..\.\*.\. ..\.. * \   .. ....   ..*... ... \... . * \ .* *\*.*.\..*..\. #       #
#.\ .*   *.** .   .\.**\.* ***..* ..*.  \.   .* .* ..\. .. .\\*\.   *.. .! * \. *.. \***. .  . .*  . \.* .** *\\.. .* *\ \**.**\ .    \ . .\*....\ .. .*..\*.\. \.** **.. .\**  **** *.*.!  ...@.*.*.. *\  .\\.W* \  .* *.. . ..  ...  \.\***.*.*  .... ......*.\... .***\.**\*  ..  .\.*.. \**# #        #
# .*.\ *.*\*  *\   *..* \*\   .\\.*.. *! * *.* .\    . .\ . *\.! *.@.* ***.\.\. .\.* ...* .**.. *.... . \ *\  @*.\..*..*\ **. *.* *\*...* ..   .*..*** *.  .* .\ \.. **..*\... *...*\......\* *.\  * * . **  .  ....*.... \.\.*  .\ \ \*  *\**. *.*.\.\*! .  \ ** * ....   * .*\* *\*\  \*..* \.*.##      #
#*.\.  . **. ..... . \.. .!** ** \.* .**.*. ..* *\    . *.\\ . ..*  *. .*\ *.   ..*\*. *!* ** *...\. *\\   *.\ *\!* ..*.**.**..   ...*. * *...  *\  .\ ..*\.*\*.**.... .\*. \.\.** ** **\* \**.....\ .\ \*..*.\ *.. * .\*..\..* .\. ..\ . *. . \.\* ** * \..* \*..\. .  .!\.* \ !..**... ..*. . ....#     #
#.... ** .*.\   .\   *. .\... *. ...*...* W ...*.   *.. .*..*.*\ **   **.*\@.  ..*... .. *\ ... W.\. . *\..**...\.. .\. *  .\.*.*\. \ \...  !*\..\  *  *\* \.**\*\\ .**. **\. ....\ \. .**. ....\*\.\  ...* *\..** \.. **. .   *!.\.. *.  * * \ *.*    ! **.. \. *.* ! . .  *.*. \.**. \\...\. *\.#*#     #
#*.* ..**.*\.**. ..\.! *.**!*  .. .\. **.\*\.\*. . .\ @* . **.\ !.* .\.*  .\ *.\ *\  * .\*. . **\**.. ..* *!.  ..**\.**\  .  *. * .\  .\ *..*.  .....*. ..  @..*\.**.!.\*..   *\. ..\*.**.\. .  . * *\ .. **.  *\....... * .   ..   * . *\**.*\ . \    ..*.**.\\ .*W*** \.*\* ! *. . \ .\ \  \\.##*@#     #
# **.* . **. ... \..\..*. . **.\...**@@.  **  \..  .**...  .. *..*\**.**\  . .  *. .\*..*\  . .**\... \..*\*.....\.  ...\...*..*..* \ ** * .  .**\@ *. .. .... *** @\* ..*.. .... * ..*.\..  *.*  **.. **\*.\. *.* . .  **\ \ .\..\.. * ..*.\. ..\...*   \\... .\.. ... .\*.... *. . . ..\...  #  ##      #
#\.\  .  *.  ** *.\ .. *... .*. *.**.*..* ..\.. .   \****.   . . **.\*..*. .***\.\***\...*  *\ ..\.*. .....*. \**. .** *...***... *.. . ..\** ..    ..   .  ...*  .\ **.*.*. **\       \*!. *.*. .** . ...  .   .*.\*. *.\. . *@  ** *.. ** ...   .   .\..   . ... \ *\  ..\ **.\. \ . \....*..#          #
#@.* * \.*  .\! .*...  .\... .* .*..\. .!\.*.\.  ..**.\* ..**\***\* *..**   *.* .**\.. ... *.*.*\* ..*.*\** . ..*.\ ....* ... .\   *    \. . \ * . . .\. .\  * . *@.... .**.\....  ...* * \.. .   ***.** . \ *. . ..*. .\   .*\ . .*... .\! *.***\ \  ***.     * \. * .\.*.  ..\** ..*  \ \. \**#         #
#.*..\  W.\!*. ..\ .*\ *  * \ *.\\** ** *.*   ... * .\.*. **. .*\ * ** .*.. . .  .*.* .. .*. .\*.*.*.**....*.  \..  ...\ !\.** *..\. \.....\ \ *..\ ..  *.....\ *   \  \  * . ..  .** ..**...\..\ ..\*\* \ ..\*.* **\\.. .\.\..  .*.* *.. * .\*\.. ..\...\ *  *.*.*.\. ... **.** . \  ..* .*#*##.##       #
# ..*..* \ *.\** .\*.**..*.. *.\****\...... * .\**. *... \.... *... \..\.\  ****.\.. *.*\*..  *.. . *\**\  .* *.\.\*. .* \. *...\***. ..\.\    ..\.  ***  ...\ .  \..*..\ ..**\. .\.. . .. .*.  .**. \.\.  \* \.*..**.*.. *.. \. ....*...*. *.*\ *\ . ***...*..\\  * ..*.  *. .\*. ..   .*\. . #\.*#      #
# . ***.*..\ .* .\ ..*.*.*\.**\ *\..***. . .*.* .**.*.*\*.*.   *.\ *..\**.\*..*.* ..*\.\..@ . * *  \ .. * .*\ *   .... .\ . ..\ .\\ ***...* .*. *.W ...\...!... !. *...\**\  \. .\***.\ *\  .* *.\..!*\    *.*. \. ***.  \..* . **. .\.. ..*.\. @* \ .*.* *\*.  .. \* .. ...\.  .*\. . . .*. .  ..#       #
#\* * \..\ ****.*\ * \@ .. \*..*.*.*....*. .\ .  \!.*   *\\  ...* ..* ..**.. **... ...  .\.**\.. *\ *.  .\.\..*..... \ *  .*.\ .*!.*.\* **. *.... .  \.*. *\*.  . .*.\ *.. **\  \.** ..*. .. .. ..*. .. *\\. .. .  .*.\.\.. *\.*.*\ ..\  .@. **.**  . .* *. \... .*..  . .  ..*  ..! .\ \  . . ..  #      #
# ..*\*.  \.. .*  ..\.. \ . ...\* ****. . * .. *\ .  *.** * ..  .*  .\.... ..*\ * .\. \*\ ..**. .\* \.  *.\ ....  \   .*..*.. * .   .\....\.. *\\!\... * *. *\.\ \\* .***\ *. ..***..* . .*.. *   *     \. . ..\.. .@.. ...!.  .*.*.* . . ..\.* \*  *\.. . .. . .\.\ ...  . .. \\.*  .*   # ... # #       #
#\ .... \*\.\ ....***\*\  \...*.\ .*\.!**.. *.*.. *  .*.* *..*  . \ *...\ . *. .\. .\..*.. ...*\ .**.***.*.*. . . ..*.. *.\ .** .* * *.. **  *..* .* . \ \*. ..* ..  *.*. *. . .\... ! **.*.*\.   .  .  *..  .**\.* .*\*.**....*..*.*\ * \ *. . ..**    *. .*\* \. . \.*.   \ .*  ... \ \. ** ## L        #
#...* ..\.... * ****..* * *.\. ..  .* ..\.*\\..*\*.. \**. .\ ...... .  \ *.*\*\ ..\ .\*. \. . *.*\.* *.**..\ \*  \ \*\ *. @. .   *..\.****.. \. ..  \.\   ... *.. .\.. .\ *. *\** ..* **.\*\* .\ .  \ .**..*.\.. ..*\. .. ..*. . *. .  . .*\. .*.\*\ .\ * \\. *. ** ...*. *\. ...* * *.\..*. .#\#         #
#.* *\.** . .\. **@.\.* .\* *..... **   ..\ * .\....\.*.**. . *\ *\\. ***\.. . .@. .*\  \*.**.*...** .\*... \ * \*..\ \****.  .\ \*\ . **.*..... \**  .. . \  *\..\.\.. .*. *.* .   . *...\..   ..   ***\...     *. .\   ..   .. . ..\.****  * * .\.*..\@*\.*...  *\.. .  * .*.\..\..\  *  .. .*#         #
#.. .*..*\ . . **..\.. .  .\ . .   .*. \...\. \*..**.**... . \.\ *.\*..!.    . * *  .*...* . \*. ..* **...*\.*\@.*\. \. .\. \  ... *. .......\..*.\.  *. *  ...   !..*.\  .\.* @**..... .\.@ ..    *** * \.*.\** . \..\. .* *.\...*  *..** .***..\.... *.**..  .\.*.. .*\..  *. *.*  .*.* .  !.#          #
#\ * *.....   *.*.****.\... .  **.* @\.*..*.   ..*.*\..* . .   . .**... \  . ....**.*.** . * . .***.*\ . .*  ...*....   *.    . . \.*.* *.*. ...*.*\.. ...\    ... .*.*.. ..*..\ \.*.  *..*. *.. .\**. . .\   .\.*\\..*\*\  .\* *.*    .\*\* ..  *\\\ . ...   \.  * .   .*\\ ..*.\... .\ * .#.* #         #
#    .\    ...**. *\..    \.*..*. .!\\ *.* *..   .*\ *\.\*. **\**. *. \*****  *... ....  * * **\ *.*..*\.\*  . \.**.* .  ...\ . * ..\  .. ..\*. \ .. ..*\. . .. \* ...  *.*..*\.\ ..\* \\.*. . .\..*.\ ...* .... .* *.. \ .* * .. .\.*  *.*\.*  ...\*\* .\... \ *\..\* .*** \ \. . .  \.*@ \*#.#          #
#... \. .   *.*** **..\**.\\..\*   **\ *..*.. ..* ..... \.*  .*@.  ..*. .\*.\*..****   ....* .\. ..\.\..\\.. .\ ...*. \.\  *.   \.**.\**.**.\*\....  .  .*\. .. ...* ***  . \*  @.* ..*.. .\*.  ...*.*...*.  *. .\. .....  . \.\*  *. . . ** ...   *.*.   ** ..*\.**. **.*. .. .... *. ...\.* *#          #
#\.*.   ..\ .\.\. .*\ *\**..*..W*  \. .**\* \ *..@\.  ...*!. \...\..   * * ...*\.*.. *.. **.  **.* *\\*****\**   \ . *. \ .\* .\..*\*.*..  !\* ..\.\ .   \..@*  \ *.*.*.\.\... ..  \*. .\ .*\\.\.\ .. ...* \.*.  . \.*  \..*  .....**.  \  ... \ *\\...   \**.\\.  \*\*. . . *   ** * *  \    #           #
#.*.* . ..! ..... ...\ *.\..   *\ * .*..\ ...****.**\*. *..*.  .* **. \.*. .  .. ..\ \*...... \..*.\....**\.*.  ...**....* .. .. *.\...*.. \.*  ** *.......\**.\.\. *.*\..*. .\ .\. .*...* . ..*... * ..... \\\.    *. . *...\.\.\. . * . \..\.****..* .*\*\... *\ .***.    *. *.\*.**\ .\ *\#            #
#\ .\ * *..*\.* **. ..*.*** *.... . ...\!...\**..* ...\\** ..\  *. .**. .   .  ....**.* *..\ .  .@.*\.\  ..*.*\.*. ..*  W*   **. \*.\*.*** * *. ... ** \*  \ * .* @. **\..*   . **\. \.\\*.*.* *\. *\.  *\*. * * . *\.  ..\*.  ..***. \* .  *.**.\   *****..*.*..*  * \. **.*  ..... .  .*....#           #
#. \ . .\*.*  ..\\..\\. *.....\.\.   . * . .*\.. *....*  *.\... . .  \* . ...*\ .* @. * . \  *. .** * ..**.*\..*\*  \....@\**.*! \*  *\.* ** !  *.*..*\..**. \ **.. \* ...\\.\*.*\ * * *...*...\.*..*..\*. . . .*\ \  \.* *. ..*.* . *\*.\\*.. .. \. . .\..!. .. .* * .. .... *  \*.. *. . \**#           #
#.\  *  .. .W .**. ....*\  . **.. *.\@\. ...* * .*.*  . \**..\\. . .*..  \*\... ..*@\* \\   .**\ \.. *\. \**. *  . @.*  \. .\. . .\\*\ \*..*!@  *.. \** . * ..*.* ..*.\*\. *  *\. ... .*  *.. ** \ ... ..* * .* . *..\ ..\\ **.. .*  \.***@*. *  ..@\.. *. .**.*. . ..\  .\   \ \.*  !. . *###            #
#\* *..**.*\*\** .. .. *.* .\*.\..... ..\ ! . .*.... \.  ...\*\  **.\*\ .*\. \\.\...*.*.. ***.*..*!.  \..  \ *.*. .\..\ . * *..**.. ....\.\*\*..* .. .*.  *\  \**. ..\*\.\ .*\ * *.  \*.  \* **.*...\**.*\.*.\. ...\..\ \  *..\ .!\ \W ***..* @**  *.*.***\. ****  . .... *.\. **.*..* @*..*@#            #
#*\ \.\*....\.*. . \** . .  .!.*. *\.    \.\*. *..\* . *. .\    \*..*.*.*.. \ .*..\ .\**... .*.\*\ . \.   \. **...  \ . *.* * .. \.. * *.**... . \.*  *. ..  *...\.*....*\.   .\\.  *.\ **.. \.!\   ..... *.\*   .\..*.**..\ .*  .... .\..\\  \.. \...*.**. *.W\.\ \  . .\ .*\*.* .... *. \#\#            #
#* ..**.. .\*... *.* . \*\* *.*..** .* * .! * ..\  . . . . ..  * . .*@.* .\ .*\.*.*.\ .\.*..*  .  .... *.   *\**. \..  *\  .***.\.\  \...\..*..* . *\***.\*.\*..* \* \ \. .*\  .**.\...*\.\*    *\  *  *\.. .* *..*  .*\.** **. ..*\\.*  .*.  ..*....*. .* **\*.. \\.\! *.\ .**.. ***. * * *#             #
#*\ **..  ! *\ *\ . \.  ..\****.\..*.*.*  * . ..* .*\*..  ..*..    . \ . .*. W *....*  . .. .\ *  *\. .\.  *. .* *. W\.*..* .*...*  .  .* * ..  ..\.\... *.. *...\.. . .  ..*.**.*** **. ..*\*..  *.*.* ! .\  \..*.. \*  \.*..\* ..\ ...*\.   * *.\ *..\ * ..  . . ..** *\   *\ ..\.*.\###.#              #
#.* ** .  . . *.   *. ..\. .\. .  .*.   . ... ..*. ..**.. ...*. **.*..  . .. !.\.  *.  \\.*. .. .****... ..\.. .*.   .R.. *\*\ ... *\\. . * .**.  ..\ *\ \ \ .\..  * ..\**\ .**..\.@ *\ *. ...*. \.. .. * *.*..**\.  .*  . .  ..  . .\. . . *...*.* .. *** **\.   ****.*.*. ...*...*  . *##               #
#*. *.!*\. .. .. *** ..\**    .* . \. * . ...   ..\ .*..\.. ..*..\ **\  ..\..****  *\ . ..  ..\. W ... . *\...  *.*... *. .\*.**\.*..    .*. ..**. \*\*\  \.\*.  . * .!.W\*... \*  ..*...*\*\.**\ . *\* . .*.\ *\ .\ \@ *. * \ *\   . ..   *.\***\.*** \.*\.*\\ \..****....* \.  **.. * ..*#              #
#.\ . *\*  . . .*.*..* ..**.*. \   .. .**......\*..*. ..* ..\*.. *.  . \ *.\*. .. * . **.  * **\ \  .\\**. * .  \.\ .**.*. ***.\*.\\ .\..\\.\.  ... . *.... .*\  ** *.. *....\..! * !*\ ..*....\*\* ..*  .   .\.*.   *. .\ \ *\*   . *  ...   \.*  .*\ .* \...\*. \* \* *\ . ..*...\@*. .\#               #
#*   .\\..*  * .. .  .. *.***. **..*\..   * \ . ** **.*\.**  .  . \*. *. .*. \.* . . . **\ .\*  ..*  **.* \*..\ .. . *\ .  ..* **\. .......\..*..* .\ .\ *   *\. . *. .....\***.  ..**.. .\.... .. . .\**!\ .  *. *\.!*  ** *... ....! * .*  *.\..  .. \. ! . ...**.\ .\   . . .  *..*.. .#               #
#\ *..*\.\. .*..*\* \.*..**..\*.! \.. .  ***..  \. \\.\. .***  ..  .. \ . . .  \.... \ * . ... .W..  .. .**.\..*\**\.....   \ .*.*. ..\   .  .****\.  .* . . .@\* .\  ....  **.\@ ...*.*.  \\ . .*. **..\... . \.  * *  *.. **.  * .\ *.  .\ \.** **.* .\. . .*. .** . \. ...  ...\* *****#               #
#.*..*..  @.. .@.\\*.\. . .**.  \ .*.  * .      ..*  ..*. \ *\. .*.\ \*  .** . **..**. .*..*\ **..\   ..*\...\***....  .* \.* . **.* .*..   . *\..* .  *.  *\..**\  *. \  .* *  ***... *@\ ..  *..\* *  .\.  * W***.\. \   \**\.*  ..*\  .** ....**. * . ..   . . .*.*.  *..  .*\... .#...#               #
#  * ..**\  *\    ...@**    *.!  .!...\.**\\ .\\*.....\*.   \.*  .   *. !**  *.\*** .. *@  .** \   ...*....*.***. . ....* .* .\ .*.\  .  . \***.*\. .*...*\ .  .. \** .  .!.*. *.\ *..\..  W *.. . ...\.\ .\.*  ..*.*\ * .**.. .* .  ..\\ *. \*  . .\...  *  .\*.\. ..  *..\* . . ...\*.*. #              #
#\.. *...@..\.. \. .*.\. . .\  ** .. ...*.*\.\ ...  .\.*...    *   . .  *.    \*. \  . . .  ... \.* \..*.  ..*..*\*...*  .* \ *. .\.. *  **....\* \..  * ... *\  * ..\\  . ***. .... .*  *.. . @. ...\* ** * .*. ... * *\ .. .*... \. \..\.\  ...*\ .!..*... ..*..*\.*@.*. **\     .\. .. *#              #
# ...  . .*. .\ . ....    ..*. .     \*...  * .. * *.!*.\.. \ \. \\ *   **. .*.*  \*. ...\ \ **..**@ ..* \...*... \*.....*.*. .*.\ **.\. ***.*...  *..*.  . ..* **    *  \\..**.! *..**. .*\ . * *\.* . \. ..\.\ . * \*\.*. .\. *  . . .......\**** ...\* .. \ \.. *...*  ..\*.\# * ... .##               #
# \**. \. .\. . .* .   ..   * .   ..* ...\ .\ *.\. * \* . \*.*.\ .. . **..\ .. ..\ . . **. !*.\.\ **    \...\. .. *. .**.\ . *..**W..  .* ****.@.  .*  .*   \.* .*.**  .* . *..*\*!.**\.   .\  . \*..  . .. ! . \  . .*.\. *. .. ***\ .* \ .  . ... * . *  ..  ..* .. **\.* ...* ..  \*. * #              #
#  ..\... .!\**\ \   \ ... \.. .*.\.*\* ** *.**  .\.*.  .\.\....*. . ..*\** ..*. .  *.**. *.* *.!\*.  ** .*\\* **. \ . .!. **. \ . *..*..\..*\*\\ \*. **\.*..*..   ..\  **.\* * .\. *** ***   .    * *.*....\  *.. . *** \. \\..\....*. . .  *. *.*.*.  ! . \ .*@\ *\.*.  . ** . ... .*\..\\#             #
#\**\.**    * ..\.*\ .  ..*...  .\ . ..\.\ .\.*\   .* .*  \  **\*@ *\**.*.W \ .*   .!*...   * .. . .***** .*.....  *\    ...*\. *...*... * .*.\  *.* .**  ...*...\    .*\\  **. ** *.. \*.*.\  * *.\ \   . ** \* \ \!* . \\ . ...**\ .*.*\.\.\ .. *.. .*.   . .\\ .**\**.. *...\.**  .. # *#              #
#**. .*. * ...\ *..*. ..*...*.*\ .*...\*\.  ..\. .*** !..\  .....\*.. ...\ *.\..\  . ... .* . * ..\.\.* ** *\  ...\. *.  .  ..*.\*... ** .. ..\.** ..  **.\*\.*.*.**.....\.\.\.\.  . ..... .*.  ..  . * .  ... * .*.\*. \**    * .\ *..\...*.*.. \. .*..* * \.*.*  .. .**..\ !.... .  # ###               #
#@. *.**.\ \** ...\ ..\\.\....    *  . . . ..@*\.. .\ *  .  . \*...\.*.   \.\   **..*. * ...* . \  ..*.....**\.\  .*\\.**.\....\ ... \*.\** \. ..\ ..\*.  ... .\. ...\.  .  *  * .. ** . \.*** ..* *\ ..  *\*  *.    *  .. **. ...***\.* . ..**\    ..*\*.  ..\.. * \. .\.\ * ...\*\ .#..#                #
#*\ ..!\   ... .\* * \   .*   . . .@ . .  *...*.. \...*.* ..*.  . ***...  **!*\ .. \*\*.*..*.\*.   ... .  .  *.*.* ..\..\ W.*. . .. ..*..\.... \**.*\.. . \.\.\.\*.*..\ . \.*. .\**.*****..*.. *.... .*   .**..\* ..\*.**..*.  . ..\.\.*..*\*.* .*...*.*.****  .*\..*.  . .\.\  \*.*   \ #                #
#** *   \  .\\\ *\**  *\*\..*.    \*\**.\ **\**.* .*\.*..  **\*\..**\\\ .\..*. **.*.**.*.*\.\  .**. .\.\. .**  .****\ ...@. \* \. \ \*.@ **.*** \@.*.. \***   *.*  *** .*..*\*\ **.\*...*\*\**\ \*.\ *...*\ . *.\... ..*\.*\.. .*\   .\ .\.**.***.  \.\***.*\\@.*.\ !   * \ ** *. *\ \ ..#                #
###########################################################################################################################################################################################################################################################################################################

Water 70
Flooding 14
Waterproof 5
Razors 48
Growth 33
