##############################################################################################################################################################
#                                                                                                                               #  ## #       #              #
#                                                                                                                              #*##\. #    ###\#             #
#                                                                                                          #  #   #   #       #\..\  #.## #*\..#             #
#                                                                                                         # ##.###*# #.#       ##\#*  *#.# *   #             #
#                                                                                    ##    #     #        # ## *\\..#\.###       ##\  .#*. . #\*#            #
#                                                                                   #\ #  #.# ### #      #*.* \.**# ## **.#      #. .\#*!\  \ .#      #      #
#                                                                                  #\ ##  #. #..*.#       ##*#.\*\**#*.*##\#      #*. \*. ***.*####  #\#     #
#                                                                                  #*  .##.#. .***#         #  .**.*.\**#..# # ###\.  \#. .**.. . \##.*# #   #
#                                                                                  #.*.###\..#\ ...##     ##*\.\# \...\ ....#\#..\!**\**.*..*\ . \#.#\* # #  #
#                                                                                  #.\   \ .***.**#*.### #\...**\#.\ \**.\*#\.#\ *.*. *..*.\. . .#*.#..#..#  #
#                                                                                   # . ...*.\...*...#**####\\*\...#.!* ...*#.\. *\.  . *..#. .\*..\.*. \#   #
#                                                                          ###      # .*\ *.. * ..*..#.*..*#.\  .\#.* . *  ## #  .\..\.**\ \\ . .\W\ . .#### #
#                                                                         #.  #      ###...*.*.....\#\  #..******..*.....** .*.**\*.. .!.* # \.. ** *. ***. ##
#                                                                    #     # .#     #*.\*\\.*.....\ \*  **.**.. \.    .!*\**.#\.\ . .\ *  .\...\ #  ....... \#
#                                                                   # ###  #*\ #   # * .*  .. *..***.. @.*.*\.  .\  \\. ..\ *.\\. ***..   *  *.*...\. \*.. *.#
#                                                                   #\#.\## **\#   #*#\..  . *.* ... *\.....   * . * ***.\*@*#.** @\..\! ..\.. .*  * ..# *  .#
#                                                                  ## . *#  **.#####.. .  *.\..... **....#  \.\. . *... *\...*\\.  *  .*.*\ *. ..*.*. .\ \   #
#                                                                 # .\ *.\* .\ # .*.**.. . \.... ...\*\ .. *.*. \# \*. .* ..\  * *... ***. *. \ \.\*\  **  \*#
#                                                                 #\\!#.. *.\ *\# .*#.*.# .* *\ \ .**.* ... *... .\.@@.*. \\ . .\  ..\**.**\ *..... * .*\  .*#
#                                                                 #*  . ... *....*...*.\ . \*.. . ..*.  \#* *\*..*.***..\*.* .* . .   *\*!. .\**  \  . \!. .*#
#                                                                  #  . ..****\. #.... **..*.\  * **.\.  ..*.\ \..*..*\  **.*. .  . .W\.***. .** * \.\.\ \...#
#                                                                  #. \.*..\.\.\# # .*\*.*.*. ...... *@. .\.. . \ \* .W\ .* *.* .*\.\.. *. *  . **. *.\..  ..#
#                                                                  #* .@.. *\  .\ .. **\..\ .*.. .***\*.. ...*. \ .. .\*.\  ... .\ * .!\.\ \.*.*.**\..* *.\. #
#                                                              ## #*.*\. .    **. * ... .*..* ** *..**.\. .\ .. . \. \*.*  * . \ ..\ .. *.\. ..   *.*..* \!*.#
#                                                             #* #\   **@*.! . .*\* *  \*.\\\**. ** \. \ .\*\ .\ * .\*........ ...**. \*\.\.*\*  *\ **  *..* #
#                                                            #.. *  . .. ...**\**..\* ...@. . .*\.\...*.** \*  .   \**\ * .*.     ...   *...*.. *\**..*  *..*#
#                                              #             # .*...* *\  .*\. *.*\ ... .** . \.*  .* . ...... \ . \..*.*  *.\* . . * . . *..   *  .*!*\ .. .#
#                                             #\##           #\ .**\**.*..*\. *. **.** \ .. \\* \..\.   .. \ .*.. .\\\..*. \ *** .*..  ...*.***\!\*\.  * **.\#
#                                             #*#.#         #. .#\*... !\ .........*.  .  \*....*\ \.@ \\.*.* *.   .  .\.*. .*\.. *. ..* ..*... * . .  ..**\.#
#                                             #.. #         #   .*..*. .***\ \*.*.*.\  *****\\* .\. *. .\*. ... .*.\.* *\*    \** .*.*.*!..**. \.*!  ....*. *#
#                                            #.  #*##     ## #..\*. .**..*.@\.  . .@\ .....**  ...\.\ .. . *. **\ *.*..*\* *. .\ *\** *. .*.* *.\@\ . \ *\. .#
#                                           ##*.*#. \#   #..#..\ . . .... *. *\**\.*..\ \.\.@. .\ .\*.*..*.     @.*.. .\...  * .*.\..*. *.. . .\ ** .\.*** .*#
#                                        # #.## ..\ .\#   #*  \ \*.\\*.\..** . *....* .*.........\ ....**.\..  \**\.*  .\..W\ *. .   *... !. !  *.. ..\*.*. .#
#                                       #\##\  .* *\.#   #..    @* @ * .. . .  *** .*!*..\.  . \  *.  \**..  .* .@.\*..*.  .  **  \. . * *.\ .. \*..\ ..**.\.#
#                                      #...##*.\ *. \ ###  .  ..\.*  ...* . *.. * \...\***\* * ... .*..\. . ..***\*.. *.!. **. *  ...  \*.\*... .**\**\ *\\. #
#                                       #*..## .. ** ...*.*** .*  .. . .*. .** .*    * .*\.@..*. . \* *.* .  ..* *\.*  . .\...*..\ .*\..  *....***\*   ...\*.#
#                                    ###.\*. \.****.\** *...\..  .* .  *\..*.. ** \\ *  !.**. !\..  .\\.*\  ..*...  **..@.\ . * . * *.. ***.\*\\.... .**. *..#
#                                   #* ##.** .\*...  *. \*. *. *. *\* * ...* \. .  .*.*.\*\\  .    .*.. * .  ...   \.*...*.* ..\*@. * * .*\!...*.** .*.*.* *.#
#                                  #* .#.#\  * .. .*!.*\.\*..*.   . . .* *..\...*\*\..*\ *.****.*.\.*\\.. \ .  **..\ *\.!*....  **\*.\*  * **  ...\*\. *.* ..#
#                                 ##.  .\  .@\\ **  \.    *\.  . .*..  . \*\**  ....\ \ ..*.*.. ... .... *  \. *. *. ..* .* ...*\* * *. \.*.. *... *   . .  .#
#                                # * *\..\*#\  *.*. . \ **.** \* *@* \*\  \.**  *.. *\. *\ ..*\.* ..** * .\* . .*  \. .*. .*.\\ ..*\*.\  *..*.  \.  ... *\ *\#
#                               # ###* .*..  #.. *** *\.\.* .\.... ..*.....**.... * .. ...\**. ...**. *  . \ \*.\\*.\  .. \*..*  .\ * * \ . \.\ ..*. \* . ...#
#                            # #*##\*\*  .   *\. ... ..** . *.  *.\  *  . \ *  .  . . \..  .*.\.*.*.. \\* \\*\. \ *    \.* \\  *. **..!...\*.*** \.*. .*  \*\#
#                          ##*##\.*\..#\#.\\ \ *. . * .*. . .@ .**.\\ . ...*..\.* .  *\*\ !\.\*** *.\.\..*.\ ..   *\ ..*.*\.*.. \ \.  . .\\**!..  *..*... ...#
#                    #    #.*\*  # .*. .#.\ *.  \* . * .**. ..\ ....\ ..@ * \*..**\**\*.  .** . .\ *.*\.\ ..*.   \.. \ .  .\.\.. \ .  * .. ..* .* ** *. *.!*\#
#                   #.#    #*.. ..*....* ***.*   **\...***.  .* ***\ \ *....!\\\.. .\ .....*..*. . .*.. ... *  \*..*..*   ** . \ ..*.***. *.\.. \.*.*\  *.\. #
#                   #\*#   #*#  * .  @.*  \.\.*..\...\ \*. .\ .. \*  ...**...\    *\.     . *..    * *..  * .*\..\ \ \..\*\..**\* ..\*..  .** \ ..**\   .  *\#
#                    #.\#  #\***....\..*... ... .. \..  .\ \. .*.\..  . .  \ *..***\ \. .*.*..**.!\  .*@*.. ..*  * .. *.**.*.**.\* .*\*.* *.\...*  *\  !*.* .#
#                 # #.\.## ##@**.* * *.*\.*.* .***.  .   ... .  ..   \ ..   *. .*.** .\  .*...*.  .\ . * .\ *\.*.. .. .. .*. .*. \*\.   .\ ..\\\..* * .\\*  *#
#                #\#   **.#*** .*\*.  ... .   .  * .    *..  * .***.\@  *\*... \....*\.  \* *   .**.  .\\.* *..**  ... ..*\.. ..*... !. ..  *....\ ...* *\* *#
#                #*.*..\*# .#\. *.**.*\* \.* .\**. .*...**. .\. . **\ \..****.. .****.*..*  . \\ *\.   .* * .\ .* .*..**\*\ *.* *.*.\* *.  \...\ .\  *.** . .#
#              ##\*#\*\ .#\ *.  W  \.. ...\\\ *\. .\.*\..\.\..\ *. .*.*.* .\. * *.... **\. .\..  ...    *\. *. ... . *...**.*\* .* **...\ * *. .*\W  .. * ..*#
#             #**   ...* #. ..  . ..*\ .\ *.**!*.\ .*. ***. .*. * . ...*. . ..W\.* *.\ * *. ....\. * .\..   .\ .** *.. *\..**.*\...\.*.\ .. ..* .  *.  .. ...#
#              #.#  \ **### \!*\. **.!..\ .*.* * *.**.*\.*... . * \\.* *\ .\\*. .\.   *. .\*.** * . *. **\* *...*. .*.** .*.. * *\.* *... \. .. * ..  ....*\ #
#             #.*.  ..**  . ..***\..\  ......*.* ..*....*\!\* * .   ..\*.  **\*\ .  **. .*..*\.\.*.!*   *.\.@*...\..*\. . *\.\..**\**.\  .!*.. \.\ ..*!. **  #
#              #\# .*... .\   *.\.  * ....*...\.*..****. *... .. \. .  . \*.*...    .   *....* . * .* ..\*.*..*.....\* *\ . .. .\.*.\.. \. **. ... .**.\ .\ .#
#              # .\  *.\.... \...**.*\..*\. \.. * \.\..  * *. *  **..*  ..**.\ **** . *.**. ..\.\  ...    W.. .. . *\. ...*..   .\.** ...*\.\.*\ .**.  ..*.. #
#             #\. .* . .  .**  .**. ..  * .*.\.*.*.    .\*** \.  .*\ . . \. .. *..\  \ *.**\ .WW  . *.*** ***\  \\ . *.*\...   * *. **  \*  ..*.*.... ..\\.\ #
#             #.. *\*\**\.*\..\*\. * *\**  *\. ..*\.*  **@** .*\ *. \*\ ..*\*.*. *.*.!.*.* * . *.\ *... . @*  *  .\  \*.\  ..*.*\.**... **. * ...\ \. *  .\ *#
#          ###.\. .#***.  \ .*  ..*.\.  .. ..*\ ...* .*.\.*..*  .. . *.*\........*......**.*\\ . .*. ..\. ...*.. .*** .  * .*.. . *...**.\. *\ .*.!.*\.** @*.#
#       ### *# . . .#.\*.. *\. ..*\ \.. \\* \..*.*\*. ... ...\*......\ .\  .  .  .  \. ..*.\*    .. .!*.*.**..  \.*..\.. *. * \   *\* .\*\ ..   .\ *** ..*.**#
#      # *##.. .    **...\..* ..@. \..* .*\ . .. * . *\. **..*.\*. ...* * .* ....*. .\ *.\..*  . *.. ...*\. .\ * *. ..*\ . .. \...* ..* .  **.*\.* ..  .*\  .#
#      #*...   .\...... .. *\ * .\ \..*. .     \..*\*..**.. . *.\.\*. . ..\..*\  *.. *\\*. \..***.  .\*. .* **.\ .\.\ \.. *.   **\.*....*..\. *  . .*.\.** **#
#       ###* *\.  . .\.\ *\.. ..\ *.*** *.  *\*\*\.*.  *.*\*  ....*. .\..\*.\.\.\.  *\..*.\.\ .. .\ **..!\ ***.*..!. ... *\*\.**.  *... *\\.  *.**\*  .. *..*#
#          #\* \ ......  *. *\.\  ..*!*.\  \... . \*.*. **.*\*\ @..**. . .\***. *  . *..\*.... *.***\\ .*   ...\.\   . .**   ****...** .\  .*.\ ..\*\ *.*\**.#
#    #L   #...* **@. @..\. \.  *..  .*.  \ .*. .\ .\....*.*. * .\** ..*.. *.*\.*.\*. * *. .  . \.*.\. \* .*   . .. @    ... ....\*. \** *** ..*..\ .* \   .. #
#   #  ### *\.* ..* @*.. . ..\.    ***  ..\*. .\    * .    **\ *.\..*\*.*\. .* *.**\   ..*.. *   ..    \  . *.  @. .\.\**.*\.  .*\....*\.\. * \* .  .. .* *\*#
#   #  ..\..#. .* \ *!. .   ****\**.\\.*\ .\.. . .  ...  . ...  * !..**..  .*.\**.....\  *****.  .* .   .!*  *  .*   .**\** \.\.*..* . *.* * ... . .*\ .\.\. #
#    # \.*.\ * \ .. .. \. *\.**...*.... ..  ...\ .  *.\. **  ..*.@.*  *.\.*\.. .\*  *.**\...\* . \.  .  ..@.*\  *.*\  ...*.\.*.. .\..\  .\.**.**\.\ *.\ .\.* #
#   #\. !\*.. *\...*\.*. \.....*. .  \ ..\\ *.* .*  * \@.\....*.* *.W...*...\ \.**  \...  . ** * . \*. ..\...*  \*\.....*\.*.. **. * ...  *\*\..*.  **\ !.*..#
#   ##\. .\  \..*\ * *. ...*. ..*  \.. .\..* \..\....  ..  .*.  .*. \..*. \...* \ . .. *.\\ .... ..........\ . . *. * . *.*.*..\...** .......\.*.\.\*\*  \.. #
# ##.#*\*.!\\ ** * *\. * . .\.\... ..*   *..    *\.**.* *\. ..* .!. ..\.  ..\** .*\*.. \*  ..    **.*.*.. .*. .. \*.* \*.. ..\.*.**.* *. .*.* *.**** .. . .\.#
##.. *. \ .*  **.@* .\.*  .\ \W .*.\*... *.\ . @*\.*..*...\ \...*\.  .... **....*. .*  ..**.*\*.*\..*...*...\   \.* * .. *.*....***.. .\ * *  \  .\.\. . .  .#
##.. .. . ...*.. *. *.** ** @ * .\  ..  .. \.** **\. *\  \*.**\  .\ \*. \**..* *\..*. *\*...*..*\.*. * .*. *....*.*..   *\** *\ *.*\ ..**\ . ..... \*  ***\. #
#\ \. * *  *..   ..\.*.*\.... .  . *...* .. \*. . .*\. *.*. .\..  \   *.  \  . * *...   **\.. \ *. .*.  .**... \..*.*. . *****  . ..  \. .*.*.*.    . . \ **\#
###.*.*  \ .\* .*. . .\*.*. *  . .\.\  .  *\.**\ **\... .. .  .\ .\.  . *.\ *\ \*\. .    *! \ *.\*.. .\.*.. \...*.*.   * .*...\.**@\  .*\\.*. . ..\.  . . \.*#
#.. #.\ *. *.* .\ ...\ *.\.*.\*\*\.\ ..   \* .*....* ...\.  . *.. .  .....    \! .*      * \.... *. \   .**..\  ..*.\ \*.\  *..*\.\.\..\.. *\.   .. .\ ..*. \#
#***\ .**   \*  * \. *  *  \\.**.*. .... .. **.... .\*.*.* **.*.\.  *.  .. ... **.*.   . ...*.\  ..*. . *.*..  .* ..\\.. **..\.....*.  .. \....***.  *.  .\  #
#.\#.* *.   .* .. \* ..*. *.**@.\.*...\*. * * .. .  .. . ..\....\* ..*\...   . .\*\! *..*.\* .... @\.* \* ....\@  ** .   . .!...*. ..***..  ..*.*.*. .. .....#
#\.* .... * **.  .*..\*. \...*.\* . . \*  *** . ..   .* \  .*..**.  **. ...   .. ..* ....... .\. \.  \\..\.   ..**\. ..\ .. *  W\*.. ...**** \ *. .\ **.*.*  #
#** \*.*.  ..\\ *..*. \ ** *\. **\....!. *\..\ ...\**. ... *.\.@.*\ .*.*  . \* \ *\.. .\.\ *.* \.\ ** \. *..!.. .\  . *.* \.*\*.**. *.\..\*\**  .** ...   .**#
#\.. \\ .\  . *\.** .* \.\   *\.\ ****\.\..*  .. .*.\..\ *\. .\W...*.***..   \ * .\* .**\.*..**..! *.\  * .\   \ ..  *.*.. * ...*...* *\ ..***\ ... \ . .  .\#
#\..* .**.. \ .* .. **..\*\ . . *.**\**\*... .\*..*  .\ .\**   ! *.\\* .*. .* .. \*. **\ .\ ...* .. . .\ * *\*  ..*..\  *..\\.\ .*..  ..    *. *. ... *.. *..#
#**** .... .*.\.* .  *@...... .... **.. **. . ..\..  .. ..\. ..  * . *\.\. *.*\  W...\* \.. *... .   \*..  \..*.*\. \..*. * ..   ..\.\\. ..!.\...\.  *\ \ * *#
# .*. !  .  .\*   .  \...\  . \ * *..\    *  ..  *.. ** \.. *\ .@.**\..@ .\.*\ .* \*\..*\  ..\*\ !  ***...*     .\  .\..***..*. . .....   .  ..\..*\*\  .  *.#
#*..*.. .\*\..*.**. * .\ **\*\..\ .**\.  \*\..\..* .*.. .* \ .\\. ..  ***\..*\ .*.. \.*.!..   .    .\ *. .**\\.*  . @ .* *\*  **.  .. ***\\ .... .\*.. .  .\.#
#.* . . .. .. ...*.  .* *.* . .  .... *\*.. .\.* .*..*\**.  .*.**.*..*..*..**...... \*. . . * \  *\ *.**.\.\.*...*.W\*.**. . .*** * ...*. .*\  *.  *** . . *.#
#. .* ..*.. \ ..\.\ \   .**.\\.  *.  .  *\. ..**.\**\.. .\ . .\.*.*\*. .\*...*.\*   .*.    *  .... *\. * ..* \*.*\* .*.* .* **....\ . *\.* .* \...\.@.* \.*. #
# ... \.. *\ *\***\.* ...*..*  . \* .\  ..* ...*.*\* ...*.** .\.* .*.. * ..\*. .\ .\ .**\. * **\..*W*..W .*. ..**@*..\ . *.. \.\.*.\.  . .* . .\.\* @*!.\ .**#
#*.. .. \ *  * .*.*.. \ *..**..\..\\*.@*   ....\\. .*.\\.....\. .\ .\..\  .*\ *. .. * \ . ..\... *.. \. . * .* \.\..* @ \. **.\..*..\ .\ .\*. . . .*... ...\*#
#* * !** ..\*. . *\...  \. * * *.*\..*  ..* *\..** \. . *.   ...      \ .*..\ @ ..\.. .*.*.*W.  ..** .\ *\.. W .  . ...\ \ **.. *.. .\ .* *.\  *  \..  .    .#
#*. .  \ . \..@  \. *\ \   .\*\! \ **... \.\.\ \..    **.  .\ \*\ *  *. ..*.**.\ ** .  .*. *.*  ***..  ..*\.. ..*. .  **. ...* .\* ..*.** .*\\*. ..  . **.*. #
#.\*\.** ...* .  .\  *.*.*.\.. \ .*..*\\ .    ... . . \*.. *.....*. ..... ..\..* .*  .  *  .\....\\  . . * \\.  .  ** \.. .*. .  .  .***..W *...  *\ . .. * .#
#\**..* \\ *  \* .* *\ ..\\. .**\.\.* *.**   .*.* \*.. .\ *.\\**  **.  *\.**.    *.**  *.*.*.. *\.\..... \. .*** . .\..\** * .  *  .**.... \**   . ..*  .\   #
#*.. .. .\ ...* .\*..  ......  .*.*\*   . \**!\ *...**. ..**..* * .*.  ..\.*..\\..... .\ \*. **\ . *.*\** * ***..\\.\  *.**..* *.\  ..*... .*.\*\*\*\ \**..**#
#@.\\.  *.  *\.* .*    \ ..*  *\*\! !*  .* \\\...\.. .. .**.\  \  . .**..* .*\ **.\\.     ..*..\  \ ....\**..*\.   . \ * . *.. .. * ..*    . **\ ..  * .. ..*#
#.**.   .. .!* . ..  *..*  .* .\ ***..\..*..* ... . *\ . *\. . .. .*..   **  * @\..\ .**.. ...\*.**.\ @\ ...*W *\  .*. \. \    \  *.\*.  . \ .  .   ..* * ...#
#..*   .   . .*.* .. .  \**.* . *. .*.  . * .\..  ..*.. ..\.\ **.  ..*\..\*..... .\. *.\  .*\ ..\ . * \ *  *. .\*.  * .\.\.*\\ .\.\.*. .*....  ..\. ..\..*\.\#
#.\\ *\ .\* .\ \. ..\. W*.. .\ ***.* . *\ ....* *\ *. * **.*. .@..* ........ .* *\ *\.*** .*.\. *      .. .  .\!...* *.*\...*....\.... \\.***.\**.   .*..*..*#
#.  .. \...*\. \* . .\.. . \*  .....\\.@*\**\ \\ *\ * * ..\\*... \. *.*..*. ..* \. * **\.\.* .* \*... . . * \.*\ .!. .     ..\*\.@. . .*....*\ ***\..\.*..* *#
#..*. *.  \..*.\.* ..... *  ***!.\ *...* . *.* ..\*....  *....**  . .... \.*. .  ..**.*  *..  .. ..*  * \ ... ..* *  * ..* . ..  .* @ .** \.\.!* *.* . .  .\*#
#* ... .  . .\*  *\*  .. ....... .*..*.. . \.*.\* .*. . ... *.*..*** .** ...*. . ..* .\.. ** .. ..*.* ...*.\  . .   *.\....    .\ *.* \*\*\  . .  . ..\......#
#.  .* . .*.*.* ..*.*..* \. \ .*. ..\. @\...*.*!\*\... * .\*\.. ..*...**\ *.*** \.*.  . \**.\.\* *...\.. .*  ..  * * *  \\..\.\ .  .*\.. *\**\  !* ..*...*.. #
#  *.\.\... .*.  .**\.\.\.*.*  .  *  .\*    .*.\.*   .* .. .  * * .** . *.***..!. .\..   \  .** *.***.* *** \\ *.\. \. **...*  *.\ ....  .. *.* ...*\**.*. \.#
#*\... *. ...** . .\.*.* . \.    *.\  **\*... .  . *\ .**\ *  .\*  *\   \ \.\.  ..*   ..*.\...\.@.*** .*..*.!... .  *  *.\ .***  .   * \ *  . *.   ...*..*. .#
#\*W\ .*\.*  . *  .....*.   * .\.*  **..**\.  . .. . . .*\ .\  .  ..*.... ...*... *\.\ *. .    *. .*\. .*.*. * ...\*..*\.....  \. *  .**.. .... ...*..*\.*\. #
#.*.*.*.\.* .....*.*.  \ .... *.  !.*  \. *  \* .* \  .\.\.....*..  \ \. \.\**.   . * .*.!\*.!* \ **.*.*@ .** .* *..*...*\   *... \\**  .   *.\  \ . ..\*.*..#
#\.*. \ . \.  *...W. ..*\.\..\** *.. . ....**.. .**. . .** \.. *\ .\..**.... *  .** *.\.\.*.. . .\..*. .* \..* *.*  .  *   ..*\\*\!*  * . * . *...*.*   .....#
#. ...     \ ..\ ..\ @\.*** *.*\ . . .\ \ .*. .\.*..  .*.\*.*.  . *..*...    \**\.\  **\* . *.. . ..\*  .*\\ .\ *...*..\\   *\ . . *\.** .. . *.**.*...* ....#
# .  . .. *  ... **  .* ..  \..*\ \.  .\. .*....\.*...  \ * .\ ****. *\ *  .*...*.* .\...* .\ *. ...   *\.*\.*. .** *   .** \  *  .* *!*!.  \.\*** . \.@.** .#
#\. . *\  . \ ..\*. \..W..* .... \ *\*.. ... *  .*. .\ \. \   **. .  .. *. @.. .\*. .. *...*..**\*\*\  .* .**.\ . * . ...\...*     .  *. .*@\* .** \. \. *!* #
#..  *\*.*\....*  .\. *. \.*\* \.. ..*.\* \.\*.\ . **  . \.   *.\.*\.*...\.@. *\..*\...\.*..* .  .*. .\ . * *.*  ... \\. .**** .\*... .****. .\**. .* .  .\. #
#\. *..*. * *..*.....\*!. .*.*\*@. ..   * *  **  *\*...* *  * .**..**.!.*...\**..\. . *.* **.\  \\  *..  .*..\*!. . **  .*\***.  ..* * ***\ \*..\ .\. \ .*.  #
#.\W.W**\..** \.*\*\..*** .\ ....  \ .    *  . ...**..   . .\. *.. .\ ..*....\*.. \* *. .  .**\..   ** \.. \ ... . .*\\ @.*\.* \ . *.* *.\*@.!\ *  .. ..* .* #
#\.  .*.  \ .* .\*. .* \* .... *..*. .*\ *.  . \\.** *..  .**..*  *\..  .  .  *. .\  .    ....* * **..*.  *.\  .\.*.\..** \... .  . .* .   *\ *.\ \*. **.* * #
# \** . \.. **.  *..*.\ . *  *.....* ....\ . * **........* \. .\ ..*. . \*..***\**. . .\.*.* ..*\  **.    .*.* *.***  *.. .*\  *  .* .*.\ ..*  .  .  ..*\.\.*#
# .@\    . \**.\* .\.....\.. .*....*.... *   *  *  * \ **.   *.*\ \*..* ... *.**..\.*\ .....\  \.@*...\@* \.**.. *.. **.* *** *.*.*. \.\*  .* *\ *@.  .W*  . #
#.*. *.**. .*. .\.  *\.. ..*\..   *.\\* .* ......\.\ * . .*. \..  . *@ ..*** ...* *\.  . **..  .\..  *...\ \... \. *...** *** *.* ..\ *. *... * .. \ .* ..  .#
#\*..* **  *. * *..*** * ! * .\.. *..*.  \ ..\. . .*.*...\**  *\**  *@\ .\.\.**\.* .!  ***\.\*  ... .*.**..  .\*.\*..*.\\    .**.  *\ .  *.. ..\*  ..*. .   .#
#...*!* .. ..\* .\. ..\.*. *. *.*.....**...*\   .\ *.**.\.**\.W** . *\.\ *****. * *\. ....*..*\. . .... ..* *  .. * .. .*\. @ ..*  . \  \ \...\.* ..\**  .* *#
#..  .....* .  .  .*\*. .  .*!*..*  .**..\ *  \ \ .* **   .\.\..*@..\* ....*\**.. **  . ..**. ..  .* ! * **\. ..**..\. *.  .\.**.\. .  .* \W\. .* .  .\.\@.* #
#.** ..\..\ * *.* *\ ..* .. @\.\ .  ..*.***\ *  ..** *.*  . .*  .\ \ .. .  .\...\\W     .\..**\\**...*\.\**.\. ..*. .\..  .   *.. . ..\  . . * . . .\ ..  .*\#
#\*.!\.**\**\ * * \  ..... *\.... *   . *.*\ ..*.*.* **.*  . .*.*.  . *\.**\ . ..   . .****.  .\  *..\.*.\ .. .*.** .*. *.**\   \. . . . .    .  ** *.  .* *.#
#\...*...... \.\!*\*\*..\**.*.\.\.. *. *\...*\ ...   ..*\ . .\.*. .*. .  .* ....\ *. . *...*.\...**...*.  *.\..  *.**** ...!.\... .  *.* . ..  \.*.*  *. \ . #
#*** * .\.*.\ \..**. .... *.... * ..\..*.*  .* ......* .*** \@ .*.**\. . . *..****.\.*..****. . *.*..... ..  *.\.* *\.* *\. ..\.* . *  . .*.*.\.\  .*...\...*#
#.* ...!\ .. .\.***.* *   * \   *. .. \.*.\  .  ..*  .*.*..  **.\.!. ..@*  * ..*\.*\ .*\ \....  \.*\***...\.*.*.*.  ..* ...\*..* ..*\ *  . ..*...\**. ! .  *\#
#.\. \*.  .....*\ * *\..  . . . \\*.\*. .**  *.. .!*.*....   ..   * \  .  *.\  **..*. .  . .*. \ **.*.**. .  ..\*..*  .  * *.*. .  \. \ * **\. \ ..\@ .  \\..#
#\ .. ...\ .*\.\ .\ .\ .* ..*  *...*.  . .. .** .***..**.*  ** ... \...***..  \*...  .  \... **.*\*.\.***. .* *. .**\* *..\** . .  .. . *\.\.. ..*!\.\.* .\ .#
# *\\ *. \.*..   .** .* .   *. .*. . *. ..\* *   \.. .* *\ ...\.\  * . .*.\  ..\*...*. *\..\*.\ \* . ..*.\. *. \  \**.*..* ...*.\ \. \. .\ .\..*. * . ..\  ..#
# *.. *\  ***.\*  *.  ..**\ ..  .. .  . . \\\. *...\  ..*.\..\ . . \ * *.* !     .\\.\.* .\ .\. **\*..*. . .R \ *...... \* * . ..  . .* **.\ . . ****  .**\* #
#*.\*... ..\ .*.  *. *.*.!. ..   *\ **\\*.\**\ . \.* .\....*  .  .\ .. **\ \  * ***.  \*\.@  .. ....*\.@*\. . .\*.\ *\* . *. .* *\  ...\*.*.. . \ *.. *\*..* #
#.\*... \ ..***\   .\* *. ... *.*. W.*.\..  ..  . ...*. *..\ . .*..***. . .\**.. .\.**.*. . *  \   \..\.@.*.. . ..*.  \  @\.*\\.\.\.* ..*.*     \...**..*..*.#
# .* .  ..  .  . . *.* *.\. *. ..\  . .*\*\...  \*   \*\!!* ...\.  *.! \** ....*  . .!\.*\. * .\.\. .\.\..\****.. . *..**@.\ ..\***  ..\.*.. \...\ .**\..*.*\#
#\.*\.*.\* .  *    *\...* .*..*\.  .\  .... \*. .***..@.\..    ..  .*......\@...* *.*...* *..** \*\  . .@. ..*.\  *.*.\*\.*.**  .\....*..**   .* . ... \ *** #
# ....\*..\\ *..*@\.*\*\.  **  .* *..**     .... ..*...\**.**\.* *\ .*..\  * . *!\.\.*. ..   .*...   .  .. \ .*.. *.. ... .\*\ .\.    ** *. .. ..\... .*  ..*#
#\.* *..*\* **\\\ *\. *. .\ ** ..\ **\\...\.\*.*.***.*\.*. .   . .. !*  *.*. .\..*.. .\*.\!.*\** \.!\.@\. *.*** * ..*@.** .... \.** * ....  . \.* .\ * *.\.. #
#.*.* ..\ *\.. .  ..* **..\* ...   ..*. .* *. \..*\.\...**.!**.. . *.\ .*\. \*    *.* ...\  \ *.*.. . .   .*....\.*.\.. .\*\ \  \.** .  .  .  ... .\*. . ..*.#
#\..*.\...*.*.* .*. ** .*. . . * . . .***\..\ \ .. .  .*..\**.* * \\\*.   .\.***  .\. \*\....\..!  .\ .\*..\. \...*. . *..* . .. *.** *...\ * . !   .\ .\ *..#
# \ .\.** *. .* \** .  \.*\*..** \  * . . \\ ..* .  \. . ..*.*. *!**.** .. .\... .   . \..\ .*\. **    .**..* .* *.  *W...**..*......*.*\ .*\ . *..\. \**\.\.#
#.*  .*....\ .@\..  * * .\ ..\*.\...... \ .**\ .**\**. ... ..*...*.....   \.* ***.   \..*\  *.\.*. \ .....* .\  .. *.\.*\\*\.  ** \  . *** .  .\*   .*..!*.**#
#\.*  *  .\.*@..  . \*\ \*..*!*.*  \*.* \****.. . .* ..!\  .*. *.!* **  *\*\  .\*. . .\*\. . **.. \.... ..*. ..*\  ..* ..*. *\...*  *\  *. \.*\..\*\.. .\\. .#
#*..      .  .....\.....\ \......*...* \ ..\...... ..\..    *\.* ***.  .\...  .*. \*   . . * \\.\..* .*.**..  *\...\ *...*\**..\*..*\**.* . \..** *.. \ * \  #
#.. . ..* * ..\...\*\  ....  \*. .*..\   \. .*.\*@. \  \*\ .  \*.*.\  *\ ....*..\  .  \  **... *.. . ..** \ ...*\. *..\.\.  .*. .\*  ....\..  **\ . . .\* *.*#
#!*. ..\* *.\  \ *... \\\. . .*.  .\....\.*\* . **  ..*.*****..*....  .*  .  .   .\ .*....  .**..\*  \*.\*.*...*... .\*  .. .....! .*. \ . ..... \@.. ..  .\.#
#\*..* *\ \\.\. *.   *  \ \.*..\   .   .\. ....... .  * .*\*\....*\ .. @ *\..\.** *** .@*..\ .**\.\.*\ .*.\.\..  **\..... .!  *   ** . .\ ****.**. * .**  .  #
#.. \..* *. . .\.*  *. . .!.*...\ \. .  .. * .  ..\.  .  \*\.  .....!  ..\* .* .. ...\*.** ..\.\ ..\..   .      . ..\.*.\ *** * . .**..*.\*.. * ***.. .. .  \#
#.. * .\...\.\* .\ *.\*. **.*.\    .\\.*.*.\. .*. .\**\.... \ \  .. . \.\*.\.*.\*\. ...**...  .    . .\.*.*\..***\..*.. .. ..*. .*.* .\...\*... .*..*..*   ..#
#.  \**** .! ... . ...* \..*.  **...  \*.\...*\ *\ ..*..   **.**.* . *\..*\..*\. .*.!\ .\.* ***.\*... ..*..  \.. \. *.*..*\...*  *   \***\!*\*\ ..\.. .. .* *#
#\ *..*\.\. *  *.. .....** *. *\. . .\.\\.. \*...  \ . \ . ..* * *    .* ..\.*..\*..**@ .*  .** ..* ..* .* .*\.  .\ .*.\..*...  ... \..* **.**\. . ..* ..** .#
#  . ... *\..**\..*\.. ..*..\ *..   * \ .\  ..  .\  .\ .\*. .*..\\ ..*. . \.\..\..**\.  * *. .\**\...***.** *.\.\ *.... \..*.*  ..*..**.*\ .*   *\\..    \.. #
# .  .*.*. \*\*..\.  ..*. .  \.\..*.@ .* * \   . .*\* .*..\  \ .. . .*. .*\..*  *\..*** . .* . ** *..  \ . .\..** ..\!* .* . .. \.* *....** .***. .*.**\ ... #
#.. ...*.   *..*.. .*  *\*. \\ \.\* \  * .   * . \  .*.. .*.*\ \W*.**..\*    ..\..* ...  . .\.*** *** *. ..\*. *\ * *..    \. .  ..\.*\  ... *\..  .\..**..* #
# \  ....* .** ..\..* .**\ ..\ . .* . .....*. \** \**.*..@.\... . ....\..!*\.  . . .* .*\.\ *\**.. *  **.*\. .. *.. * .\**..*.\...\  . * ...*\.\  .!*.**..   #
#*. \ ..\ .  .. *.  ......  \  * **. ** ..  .  *... * .\..\.   \ **\.\* *.** ....* ***. .** **.* * .@...*. .  .*.*\*..\*.\*.*\.  **.\.*..*. * ..\ *.  .  ** .#
#.* \. \ .*\** ..*  .. .*!.. . . ..\\.*.\.. *. .\.\ .\ . . . . ... *\...*..\ *\ *. ..  ...... @.  ...  .. \@ ..*  .. **.**\. .*W*...*.. *.. \** *.  *.\ *..* #
#.*.. *.   . \   . ..** . .\.*@..\.* .\.  ..*\***  **...\ . ** .* *...*...\*\. *.*.\ .  *\\*\ .  \ . .\** ...\ .**. .*\..!* \.\.\.. ** ...**.*...*..** *\ *. #
#\.\.\.* \*.*  ** ..* .\ . ..**.*.*. ..  *!\*  \*..*.  \. \....\. *. ... . .  ..*. @  **  .*. .. ..*.. .*.\   \.\ *. ..** ...   .* *\* * \.. . .*.. ....*W\**#
#! .  .*\ * \* ..*****.*     \. ...  *.  .\ * .. * ..\* . .\*.\*. ** .*. * *  ...  .*****. ..**\.  .\\.*.*. \.. ..*..*. .*..   ... * . . ...*  ..\.  \ .*....#
#\    .. .. .**  * *..**. .\..\. . \..*. .*..   .. *.*.   .**  *. . . \. \ .*.  . *...*. *.\\.   \\* . * *.* ..\.*..\.\. .. . .\  *. .  . *...*.\ *...\*. .\ #
#*** *.*\\*. .\  ...*  .* \*....   . \..    @\ .  *  * ..*  . .*  .\  .\..  .  \ .\   *.*\..* .\*.  ... *..\ *.*\.\ * \ .. \ .. **..   \\... . *.*\*  . **. *#
#. .\  *  .\ ..... .    . .*  * \ ** **  \**  .*. *.*.*.\* .@   * ...*..\*..\. ...* *\..\ *\.*.*.\*.\.\*\ .* . \\..\. .** *.  * *.* !. *..\.* .*\. . .*.\..\*#
#. *. ..\..   \  .  .  \  \*.... \.. . .*.*..* .** . ...\.. .** *.\..*....** \.  **.**.* .\ ...**....\.\. .*\\*.**..\* ...\. *.. .*...\.*\ ***.*. *. .* * .**#
#. .\  . .*..*\  \ * *..\.\**   \!..  \***.@. ** *\....\ .\*\.! .*.. \ .* *\.. . *@****\. * .\ ***\ @ **\ *.*\. \.\ *..  \..... . *.* . . .\....\@\  ..*.*\ .#
#.   \. . .*\.  * \. .*** **.*. .* *...*...\. ** * .  *..\***   ***..\. .*..  ...\. \ *  ...* . \.\.\ .. . ..*.\\ . .. \.\*. .\* *... * * *.* .*..*.\ *.*...\#
#**\* .  .** ...***....  .*.. .  .... .. .\.*   .*\. * .\*...\.\...**.\.\...*.. \@..W\* .\ *. .. \ . \ \.\..**. *\. * .. ..*.\.\\*    * * . \  .\....*  .**\.#
#. **  .*.. .\.* ...\  \ ..  * .*** .\ *. .\.\  \. ... . * \..*..\* ..*\* .\* *..*. *.\ .*...**   .\..\.\ .*..\  .*\.\. . *\  .* *. . * *.\ . *\.*\! ** .*\ .#
#  *... \  ...*. . \** .. * * @* ..\ . **...\ .\.*.  .   ......\  .   @.*** * \ \.* * ..*.  \*  .  .*.* .. *..  * .. .*..**.  .**.@ ! **\ .* \  *... .* **.* #
#. \......*\ *.\ *\... . .\.. .*.  *.**....***\. .\ \* .\W  ** .* * *.\.*.@ \ .*****...\*. \.*.  **..\\...*\ \\.. \ ... *... . .\.* **** . * .*  *\.\\. \.**.#
#.. \ * * ...*\. ** .\.* **. ** *\*\.. \. .\.. . *.\*   .* * .* *  .**.   . .\  *\... .  \ ..!* \*.\\....\*  \.\ *.  ..\*\.\..    . \.\*.*\ .*\  *. \ * **\*\#
# ..**.*... *!.\.. *\. ...*.. \*\..*...\ .* .*  ..  ..  .* . \ * .\*\!.\* \ *.**. * \*. * *.* . ..   . \* \\.. ...*****...  .\.*.*.* . .\..\  *  \*\.*..  .  #
#  .\**.   .\.*. . ...**\ ..   \.\ \ .\*. .  . .*W\.*. * ..**..\. !\. \ ...*.* .\ *\.\..*..*..****   ... .* * \**..\*.*. * .*. * @*.\ \* ..  ...*. ..@. * * .#
#\\.**.\ .*..**.**\.\......\.\ .  *..*.  .  *\.* \*\.**\.**.* .   . . ..!.*..  *. ..*.*.  .. \..*. \. ..*  .. .. \*.*...* .\*.   .\   ... *\*.*.\ *  .\.. \* #
#.\ .**  *..*...\**\*\ * .*  .  *\.* .* .. ...\.*.*@....\*\*\ ..*. .  \.*\..\.*...*.***   .  .**. \    ** . \*..... .\  **\ ..*  *.\*.* .*....  ....* * ....*#
#\.\ *. .*.*  . ..* .* ..*  *  .***.*.*. .\.. \*\ *\\ *@* .. \\\... **  @*\.  . * *\...\ .. .. .  .* \**\.* .**.  \ .  *..*   . .*..\ ***..\ *. \.\ * . *.**.#
#. .\*..*.*.@**.. * .\.. . **..\..* . . .\.* *.* *..*\*\.. \\..**  ...*. .*.. . .*. * \*. \  ... *\.\ ..*\***.* .\*.***  .* *\**\.*....**..**\.. .**..*\... .#
#***.**..\.\**\ . . *..* . ...* *.. *.*  \..*.\. .  ...*   .* \.. \ *\\ . .  \ .*.*....\   . * .*. ..*\ ..*  .*\  .*. ...\.\ *\*.*\ . *.*. \.\*.\  ..\..* \.*#
# *.\.\.\*... *\*\ *\  * .**\ ... .. *.*..*.**.. * . . \.* \...  * .** .\. \*.* \ . !.*.\\.*.** ..\ *\*  *   *\ *...\**..   .*.. .\  .*.**..\*.\**.. **..  *.#
#\* .. **. .  ...... ..*\@   .. .*.. .*.. . *...!!. .  .*. ..\. .\.*..  . *...  !...  **.. .\... . ..**   \***  *. **...*.   \*.   *  \\.*     ....  \ *   . #
#..\\ \!*.*@*.\.\  .  ..\ . . . .*.*. \*.\..\ * .*. *.*\ .**.* . *....\ *. ... ... *.**** *...**\.    .\\* . .\\.* @@* *.....** .\.. \.\\.  *\ ..*...*  ...**#
#\ .\..**.*\.\. !  . *.*\*\... *.. ...*\*. \**!  .* **.* *. \  . *..  ...* .*.!\ \.\.\. .    ..*.\ \  .. *......\ *.\.** . *..!** \*.    . .\. *\.\***.*\ .*.#
#*. .. *.\ ..* \. ..**\.. * *.*.\  . .* *.*... *. ..\\ . \.\.  .\\   . ...  \..  .     .....  *..*..\.\*.  *\...!..*...\**. *@* .\** .*. \*\*\.. \ **.*.\*. .#
#..*\\ **  ..\**.\\**\. .**..  . .*\ *...*.\*  \ .*..  .\. . \ . * \ . .  ... *.  .* \..* . \\..\. \.*....\* *\*.**\.   .\ *\*.\ *... .\\*\*.  * .*!. .\..  .#
#**.*  . **. ..*...*..*\\*.*...  *.  .  .*\*.**. *..\ * .\ .* *..*\.\  ..**\.... .*.*  .. * *\ ..\..**.** .* . . .* ...\   . .\** .   * . @.. ..***   ..  \ *#
#\ \. ..\*.*.. .. .*\ ...\..* *\.*.** .  .   .** ****  .. *   \*.* **.. * \.* \.\. . *\.* .*   .**....*..*.*  . \ . \.   ! !.....**.**...\ .**..*.. .! ..\...#
#.*.* \ ..*. \...*\\ .* *.... @. \....*.. \\ .......\ .   ...  . . .* **\..*. .  . \** .\.*. **.*\.*\ \  *..   ..\...*   *. *. *.\. *\. . * *.\ . \ * .. * \*#
#.\.\.. *.*.*.. \. * **\ .   * * .\  \....* . *. \* *.  * \ .\*\* . ....****. * .!.. .. * * \....*..\ . \...*  .\. .**\   \*.\ \..\ . *.*  .* .**. ..\.**.*.*#
#\. .....\.@.*.*. ..*.* *. \ .!\ ...\.. ..*.\ .... .\* .   ..  *\....\*.\ \ .*.\....\   * .. .* .\.\*.\ . .*. *\ \.*@**  .\.\. **.* \\*... \W. .... *...**\ .#
#*. \**... . *  .\  . ***..\*.  .. .*... ** *.*. *.  . @ \ .\\ .....  . **.* .\. **** .\* *\* .  *\ ** . ..!.*  \. .... .   .\ .* .*...*. *.\*.   * *   *!.  #
#** *.*\.\.\. . ..*.* !.\*.*.*!\  . * \\\*.\* .\.\**....    ...*.  . ** .  . ..\*.**.  *!*..*  .\. .. . ......*\ ...* ..  \\. *@.*  ...*... .** *.*\. *.. \ *#
# . .* .* *  .  * . . \. ...!**@\. ...*.\*\ . * *...*@ .. \   *\*.  \... *\  .  .\.* .***\.\** *.*\ \  .. .*!.*\.*  .* * *.*\ ...\ . .\.** \ ..*\*. .*..**\ *#
# @*.. **...\ \*** .**    * .\...*.**.*... . *.     ..  .  \ ...*  *.. ... ! ...*\*.   *. . **..   . \*..\  *\*. . .*\ .  \..  *\.*.\. .... *.. .*..*\ .  . *#
#\ . .\.*\ **\...*\.\ .**\. * .\ .\*.\..*\\ .*  *\**    \.** .. . ..*. \**  . . \*.  ..\*\.\ *..* . ...\ .***..\.**. **   W . .*. .  @. . .\.  *...*\..*  *. #
# *    *.*.\ . .*\.... *.*. \*\ . *.\****....*\*.@ .\*\*..**.** *.   @..* ..*..\...\ . .!. ...* . .  .* .* .\**.. .*.**  . .  **.*  *. \*. .*.*\ ..*.\ .*..\*#
#.\    *..**\*.\*..\  .*.* ...  * .. .\*.\. ** ..*\*.****  .* .**\*.  * . ! *  . \..*.  . ..\ . **.. *. .  . *@    * .\.  .*..\.**. ... ..*   .*\.@..  \.  ..#
#**.. ......*..@. .*..*  *   .\.. \.*   *!**.\\*.*.. *.\*\.. . .\... .. .\* * *\ ..**. . .*. . *.* ****.*\. *.*\.\ \ . * **..*.*.. .*\ !.*\** ***\ *   .  .\.#
#..*    .\.*.. *.@**......\..   .*..*\.*. \.*.**..\@\**.. ** *..**...* \  .*.    ***..*.  *\ .** @\.*.*\.**..\**   *\. ..\.**.*. ...*@.  .. *\......\ .\ \.*.#
# . * *** \  ..*.\* . . *..\*   *\**..\*\ .*\**..\.\  ***..  . ..... . . *\. . ...*. .\* \ *\ \....*.*..\ ..... **\.***    *....  .....  \. ..\  ..\ .* *..! #
#\. *. *\..*\*  * .** ...\    .*.**.\ . \.\*. .* .*.*..*...  *****\*** *\.   \*\  \*.. .  \... .**.. \. .     . .\ .*.. .  . *.**. *\ \.. * *\ \.* . ..!**  *#
#*.\.* *     ..**\*..   ..*.. \**.. .*  * .\ \*.\!.. ***\......*.. .*.*\*\..  .\..  *\ . ...*  *  *..\ .*\  \.*\*.   .*.  . \....... . ** \ @. .*.   ***\**.\#
# ** *..  .\* ..*..*. . .\*... ..  \*.  . *.\   .  *..*\..\ *\ \*.  .**....**\.**\.*. **. . .. . \....W ...*.\ *.**\**.. .**   *. .. . .. . *. *** *\..!.    #
#.**\*\*.* .   ..*..*\.*.*.** \* \ \.. .**..**\\\.**.\.   .*.. .* ** ** \.. .*.\*.   * .* \   .**   *..*.  .***. ..*.... ..\.. *.. .... .  .\....* *  *..  . #
#.*\.**.** \ .*.\.*...*.*. .  .. * .\.***.. *.* ..*... * .**.\. . .*..\.  * .***.* W..*W.\ * . ....*..\. . .\ . ..**\. ...* \*.. \ **.*\  **  .\*\ .\ ...\..*#
#*  **\..*\.  \\..\. ...... \.   \ \!*.*. . *\..\.** \ .W\...*.* \ .  .\* .    \ . .. .\\*..** ..** . @*   *...*\ \.*. \. *.*.* \\ ..\*.. *. .. \. . ***\ \ .#
#\ * ..\ . *\*. .. \.\. . *  . .@.\..*.. .*.. \    * *..\.  ... \  *!.*.*  \  ..   *** .... .***.@*  . . .*..* ..\  *  ...* .**.. . .*.**.!..*.\.* *  *  *.\ #
# ..*.\  \*\..  \.\ ..\.* ..\...* * .* !\..\.\  . ..\**  \.**. . \..\ **. . \ \ **.\. .. *\ \..\*..* .*.. * .*.* . * **  *..\.\ ..*\* \**.\* . ..  .. **.. . #
#\.\  *.*\.*. .* \ . .* . *.\ !..\\. .   \.*\..\  ...**....!....\ *.\@.**.*.*...\. .   \.\... .***.*  . .*. *.*..  .*. ..*. *. .. \    . .*  *\ *.   * \ *  \#
#**.*! .*.*.*. . ..\*..   * *.*..     *. ..*....\. \... . \ . *..\...*!..   ** . .  . *.*.\. \ *.  .\...\*  * .  **.. **...*...*\ ..\ *  ..\..**.. . . . .* .#
#. \...*.\.**.. .   ..*\. .\.\..*.* \ . *. . \.   \. \* **.\ !.*...W.\.  .  @* \ \.*.**..\*.** .*..** \....\.\ \*..  *.**\ *  *.* . . . **.. *.. \.* \** \.\*#
#\*..\ *.  *.*  ..   .* ....\*.!. *..@* .   .. \*..\*.* *.\*. .... .*.*. .** **.*..* ..*\.*\.\ ... .. ......*. .*\.*\. \ !\.  .\  *\   . .*  .  \.  *.*. .* .#
#.*\.. *.*\. *. *.\.*** *.\ . .* ..*. * ... * * .\.**\* *.\* . . *. .\!. ..\\*. *\. .\.*. ..*.. *\  \.*.***.\*  .*\.*.     \.\.  *.  **. ..  \..\ * .  .  *. #
#\.* ....*. .\  .\. ****.\.*.   **.\ .*..  \.\. .**....  *\* !\ \\** .. ***  . .. ..   .\  ...  \*\*..**\.*   \ .. .\.* \ *....**..\*.\. * *\.\ .@.. . . .*.\#
#*\.*.\. . \ * .*. \.@* *\\**.*...\. \. .  ..*..\***\. \.. .*..   .*.*@ ..*..  .  .  . *.. .\.   . * \.\. *..*.\.\*.*.**... .***. ... . *.\..**\ *..\*\  .\ .#
#.. *..  .. . *.W *.*.. .*... . .**\....*  **.\**.@**. \.. ..\*..\ .........* .\   \ \  .\.  *.*\. * .  . .*.\.\ ...!.\..   ...\ .\*.\.\. .\*.*. \..\* ..*.. #
#\. . *.*.\. .*\@\*..\. ...\.\  \*..\   \.*.   ..\*\.*\\  ... .*\*. \*\*  *.* .  \ .\.. \* ..\.* .\.**.\***    * .@\.\.\  \.** .....!*... *.  **  .... ..\*..#
# \  \  *. .* .** ..\.* .  ..* \*\*..*.....**.*...**\.* *. *  .\.** \*  .*..*   *\ ..\.. .\\*.\.\.*..*\*@*  ..\.\. . .\... ..*** \ ...***..\*  .. . *. ...*.*#
# .*.\. .* \*\ \.    *.   .*\.*..*.*.. ..**.. .*.* ..*. . ...* * .*. *.. . .* .\.*. *.\\\.*  .*.  .W...*..*\*.\.. .... .  ..*\..*.\ \ \ .\...\ .*  ..*  \ *\*#
#  \..*\.\*. **\... .* ** *.*.!\ ..*.* ** *.*.\...*\\*. *\**.* . \*\ ...*.*.*\.. .. ***..** .* **.\ .\** **.. *......*.\*.  ***.\  *. ..*  .* \*.\   \** .***#
# *.  * . \.\..*. . .. **\ *@ \.*\*.*\\ ...!*** .\.*.*  * *.\! *... *\* .*..  . . *\...\.*..\. ..\..  .**.***.   \**\\* ** *.*. .* *. \\.\.***.***...... *.. #
#\.\  \\.* *.*\*.* .   *.*\.. . @ *..*.. \.....\ \ ! * .**\ *. .\ * *** *.\ !. . ... \*  .**\*.*. .* . .* .*.*. ..** \..*..****\..*.\  \.  **.. .\**.    .*\ #
#  *.  ...**\*.\**.* .* *@  ** \. \*\.*\ .\.. *...*.\.\*..*\.* . \ ..*. . ** *.*..*.* . * .**...\*@!*   \. .\.*.\ \. **.!\ . .. *.. * ... .\..\ *..\    \.*. #
#..*.*. . . ... .*\. ..*.*.**!.*.. . .*...**..... *  * .  . *.\*.\.* *..\..**.\****..  **\ .*  ..*\ *  ...* **.*  *..\  * . ..*.. .\.*..\.\..\ *. .*.**\.*.\*#
#.\...\.\ ** .. \..*.*.  .\.\ ..*\ .  *.\. .. *   . .\.\.   .\.... ** ** . ...*.**\!\*\.. * **.* .*.  . * . .**. **\ . ..  \ \!* .\*..*..* \..*.*\ \*..* .\..#
#. *\.. * ....  .*\.  *. @@.. \ . *..\... .*.*\  ... .  .  .\.**.\...*.*  . * .  *.*! **.*...*.** . .  * *  **.. **.*.* \ ** .** \ *     . .  .**..W* W .*.*.#
#..\ .  ...*.*  .. . .*\  \. . ...**  .* ... ..**.\ .**. ** \ *\.\. *  *   *\...*\ *.. . ...***.. \ **. *.\..\   .*.\ \..  * *.@\.*  *..*\.@   *..  .  .*****#
# .@\... . ...\. \.*.\*. .  *  .  ..**@ .  .\.\ . *..*.\*. .. .. . *\ **. ..**  . ..\  * . .*\**\. ..*.      .....* .  .\.\..* *...  * \*\**  *.*  \ ......**#
#  *.\** ..* ** ..**\ ..\  .\  * **\... \*\*.. .*\.  \*.\  *\.\ \ ..* ..  .\. .  \**.*.*  .*.*\ \ .. .*\*.. *.. . . .   *\.. . .  . ..... .*\.*.\ *..*.\ .*.*#
#*@.. ..\ .\.*.  \.* . \ .. .\..*..!\*. .* .*\..* .\* . * .*  *\.*\\  * . .*...\...***.. ..**.** **\  \ * \ . .***.*\*. .....  .*..\..  \ *. ..\.**.....\**..#
#*.\     \.*..*.\ \ .***. ..  .\   * .*..*. .   ! . .  @\!**\ ..**.*.*..*..... .. \...\.. .*. .. ..*\.. ...*  .\.*\. *\.     ..*\ *......... .**. *\* \. .\.\#
#..*.*. * \  *\.\* ** ..\ .\\. .*\ *\ !.@* *.*...\ \..* ** .* ..*\*.*\.\.\..*.*. \....*.  ... \ .**** .\ **.  \*.\.  . *.. \**\ . *\  ... .. *.* *.* . . ..\*#
#  ..\  ..  \..*.\. *.*\ .**.... ...  @**. .\.@\..*.* .*..  .\ \.*\ * .\   *.*@**.**  .\ \*\ \ .!..! . .\ . . . *   \* .\ . ...\ **.\.*. \*\...*...\\ * * . .#
#  ...@\\.  .  * *....* .\.*\.. ..*\ \@..\  *  * *\. \*.*   ..* ..  . ***\ *\ *. ..  *.....* * .\  * *.\ *\* . *. **.\ ....\ *.. ..*..\ . \   ..\ \* .\ * *. #
#*.  .**\* \ .\..   \ \   ** *\*\@\.* *...\.\* .   *. *.* ...  . .    *..* *\**.  ..\. . ..\\*  *.....* . ..\.\*. .**.\. \...*.** .\.   .  ..   . ..  . ..\ .#
#...* ..\*\... .   *.*.\ ..*    *\ .@\.\*. \ **    .* .\*\   *\ * \* . . \.. .*.\*.*.\..\  .*. ..*..\ ..  .!* *.. *\*..*..* ..@.\.\.* ..\   .@.\   .\.* ..***#
#\*. *. .**.\.*\.  . .* .. .  \.*  **...\.* ...\*\\..\* ...   *.\* .\  .. . ..\. * .. .*.*\ .. .  *\*\\ .* \*.* \ * . ** *..\\. .* \. .\. . .\*.. \.* .. *.*.#
#\ ** * \...*\. .. ... \.\** *..\. \.. \. *.  *.*.*.  \ *..*.*\.***. .\ \ ** *!. .   ... ..*.**  *\.**.  .*  @. * ... **..*\ .*. \...*. *.  * *. *. * **.* *.#
#\. **.*...*.... *.     .* ..*@ .. .\...\ \*. .   .**\.*...*\.... *\*** . .*.**\ *.  .\..\\**\* *  .\**\* * *.**.. .\.. * **..* \.\...\ .\ . .*.*..\. .  .*..#
#.  .*.\.* \ ....*\ .   ***. ..  \.. \* .\ ..\ **.*\. .* *....    *... .*  . *\* .\.  . *.*.\ .\.\.. * *.  .*@...* . .*.*  ...**.****\..... .** . . *.*.* .. #
#\. *.. *. . \.\***.\ *  \. ! \ *. \ .*  *\ \....\*..  .*. . ..***.  *... .* **. .*...    ...\..***   ..* . **.**  . ..*! *. **\. .**.*\ \ . .\  . ..*.\. ..*#
#  ..  . .   ...\*..**\..*\!\@.*.\.. .. **.... .W.**.*\*..  \*.*..  *.*  !.  .\*  \...*\  ..*    *.\.* \** \ \ .*.* . *\.*.. \.\..*** . ...\. *. .*\ *.  *. .#
#** ..\   *..    *.*!*\ ... .. .... ..* .* . .  .*. *.*\.\*..*\..\ ..\..\ ***.. . .*...**\ .. \** ..\***.\  !\. **\..\...\...!\.. .\.* ..*. * . *.  *. \\.  *#
#@\! ..*.\\.**\ *\ . ..  .\.*.*\.. \*\  **. \  \*...*..  .**\ . ... .* ....*\... .*. ***. *  * .*.\*.***\....***.\*\ ..**\. **   ...*.\   *\.\**\ . .    . \.#
# .*\ *  ***\.  * * *  . . ..*..   ...  ..**\ * . . !  .@\*.. \*\*....*\.\W**. ** .* .\*. ..\.* ...* .*   .\..*\*\.*.. .**  ..*   *.. .**.\*\.*... \  *. ..\ #
# *.. *.*...** .**\ .\W .!...\  .***   ....* .*..*\...* ....*. **.\ *.*.**...  .*   .\.*. ... . . .   *\ *\.... .* .  *.*.\. *\ ..W**!**.\...*..  ... * .... #
# .\... . *\*\.\.*\\*  **. .**@.**.. .*\ ***. *..\*.*.*** ..*.* ..  . ****. \**\. .\.....* .  \**\.\..*. .  *\.* *   *.**    \  *.***...\. **\.*** .*... \**.#
#\ .. ......*..  *   \ \...\ !*.\*.\ *.  .*.\ . .*.*\ .\. ..*... * .*.\.*.* .\.** .*\ .\ .\    .. ..*.\. . *.\ * .\*   *..* .  .. ..\@\.**....*..\.\!\.  *.*\#
#. \.*\ .* * .*.**  **   \. ..\.*.. ** \!\.* ..* \ \.    ..\ .* ... * .*.\\  .   .\......**\*.\     \  .*   * ..\. ..*\ . *.\...  * ***..* ** . ..*.* *\...**#
#   \.  ** .*.\!.*..*.***.*   . *.....**\ *. *\  ....*... ..*...* * ..\.*\  \ .     .\*.*\. \*.  \**. * .. ....*** \! . \ **..*. *. **. \\ \. ......* . .....#
# .* . *....\*.\ .. .\. .\  . .... * \..*... .*\*.**.*.  *\*..**  .\*\...   ...*..*  .. .**  ..*. ..\. ..\* @  .**\ .    ..*\*.. *  \*  .*...**** .*. \* .\..#
#  .*. \.\. .. . *\. .**. .   .\ \!** ****  ..* ....*.\\.\..\\*. .. .     *. **.\**.\ ! .*.    ..  *.**\* .***\ .**..@ .* \..**  \ . * .\*\...\   \..*..*\* .#
#**.\. .* *.   .*\    *..   ..*...\.. *..* \ *  . * *. \\..  .\ .* *........*.\..*.....*\.\ *. .* \*..  .  ..**  .....*...   .. *. .. *.*..\\*..... ..*.\* * #
#.*\.@ .. .  . \\  * **.*.\**\*..\ .**..\. .\. ..*.*..*....\. .  .*\*.\*. .**.. *.@\. ** \*.. *\. ..   .\.  .*\ .\ ... \ ....\ *...*\.\*.*..\* *@* .*\*\\.@.*#
#.**.*   **.. ..*.\.\*. .* ***..\ *..@ .*  .* .*\.\..**.\.\.. .*. ..... ...***  .\. \..\ *@ \*. ....\ .. ...*.*\ *. ..*.  .    .   *.@*.    .  . . *... *...!#
#.\...  **.*.* *.\   *  **.*\*.   **   W.\\..*.* **   . .  \ **.  .*  *\ * .*. *   \.\\*.\.\ *.....**..... \*.. * .\*\..*.  *\. .. .*..*...\*.\* * .* . @*.. #
#**   . .**.*  . .*\.. *.*\*.. *.* *.*.* *\ .**. *.\. **.*..*.**\  .  . \.*. \.. ..**  *.   \.* *.*.*   .\.. ....\ .*.\..\. ... \.. .*\..** ... .. .\\..*\  \#
#*...** ....*\. .. * * \.\.*  .\.*.@\ **  * ...\.\\.. . .  **...*    ..*...**..* .\\.\*\* . ......* *  *.. * *..  ...***** **.\. .\. .*.  .** \*..* ..\ .    #
#\. .*..\ .. ... \ \.* . .*..\.  \\ .*.  *.*\..   ..\   ** ..W * ...* ....\.\.*\.*  * . *.* * *.\ .....\* ..\.* .*\....\. ..\*!\.   ...\ .****\. *.    . ...*#
#. **. ..\ ....  * * ..*... *.  ..\* \...\.. .*..*\**\...  ..  .*.*\. .\.**. .. .. @.    \.*..* *\*.*. *. . * .  ..*\*  * .\.\ ...** *.. .@*\*.\.\ \.*.     .#
#***.      *\ ...    *  .\*\\.  *  .*  * * .\  *\.!*. *.**..  *\ * .\* *.\***\ ** ***.....*.\.* .*.\*..    .*  .\***** .. ** .. .\*..\ .   *.* .\.*.**.\ \ . #
# *\. !*  .\..*.\ *.*\. .*..*.\**\. *  ..\\.**..\... .......!*.. *  **. \ ..*.**. \..* ....  * **\.   .*..***\. .\... .*  ..\*.\ **.\ .. .****\.. .**.*.. .**#
# ....*...*  *  . *.*  .  *.* .\.**\..   . ***  * \*   *.. ..... *\.*..\.\ ***.*. .. \  *  *\. *\ . *.    *.*.\ ..  \ .* **  \ .\** *...   ..\.\...**.  \ ..*#
#\\.\**  ...*..\ **.@**\ \. **\! .. * ... .. .\.\...*\.*. .  .\ .. ..** ...*..*..*\ ... .****..\. .  \. *\.\\ .\*\.\W.*.!\....\\  .*\..*..*\. .  ..*.\. .. \*#
# .\ ** ..  .. *.. .!!***\. \*.*.*. .*  ..\ *@*.  .\@. ..!..*  . *  ...  . **.\*\  \.. .\.**\ *.*   ..*..* . \  \. ..  .*.*. .\.  .*. ....* ..*. ..*.. \  ...#
#\ . *\.*.\* .*\  .. **..* .\...*... .\* *. *.*.*  *. *. \...**..\  *. .   .  .\.  * ...*\.* !....\ ..***.. .  **   *  .**...* ...**** *  .. *\*  *\ *\. .*.*#
#*  \.. *... *.  ..\ ..* .* ..\...   ..**. * . *\. . * *.\ . .* *. .... * *\ \**\\.. * **. .   . .. *..   . *.\  *. .\. **.*... ..   *. .*.*....*.\  .. .\ . #
#*..\     **\. *\    \ *\ *... ..  *.... *.** .. \...\*.  .*.\*.\\*..\**!*.*.* .*.\\   .. ....**\.\ .  * . .. .. \*.\   .\*..  .***. .\ .*\ \ .*.   .\. *W \ #
#*.... . .!** .*  * .. ..*..\..  *.  *   ..*\ ..\.* ....*  .  **. *  .\..*\.*. . .   .**. ... *.  *..\ ** .*  * * .\.** ...** . .*.\  .* . *.  *.*.. ** .\  .#
#.*. .  * *...**. .*. *  ...\ @. . .\ .* *\. .*.. \.*. .*.   *  ..\ \ ..*\. *.**.\ ......@ . ***.*. \ .*.  *..\.** .\. \.*. .\ . .* .*.  *.* \.**\..**.* !\ .#
#..\*\  * .\* .  .... * *  \  \*. . . ..\..  *.  ..* @.*.\.* *.....*... . .**\*.. \**\.\ . \....*.  ..@    .. . *..\ .*. *.* * ..*.*\. .*.\*..\  .*...** **  #
# ..*.\.*.. .    *\* . .\ .. ...... . ...\*   \\**.*..*\.. . . **\.. \ ..*.**.*. ..*** *. .  *.*.* . \.   . . *.. *.\.** *.**...**... . **.\ .*\  * ..*  ..  #
#.. .*  ..\*.* *** .\** *   .. *....\ .\*...!. .*\ *@ .. .\.....*..*\...*.. .\*\ **....\ .  *.**.*** . .\*@ .*\\...*.**...\.*\*\*\...* @..\ .*..  * *.* .\ *.#
#.\  .\. ..*. .\\.. .*.*.!\\*.\..\ ..  *.*.***.*.\ .\.*\ .\\..\*.\ . *\*\* . .\*  .\\....*\.\** *\**\ .* .. \  \**  \ .\ . *...*\   .* ... . ...\ ..*.. **...#
#\ *...  * *\*. . \* .@\\* \*... *\  .*.\*\.*.\.\.*.*.** * \ * *....** * . \ \ **.\  * \*\*.*\*\* .*  .*@\  ..\.\ \..* .\**. *\.*\! ** \...\.  @ \**..\**\. .#
##############################################################################################################################################################

Water 26
Flooding 7
Waterproof 16
Razors 10
Growth 36
