##########
#   #*#  #
#  #*.#  #
# # # #  #
##.##* ###
#L.. \#*.#
#.... *.*#
#   ..\*.#
# .*.\ ..#
#.    \* #
#..***. *#
#**.....*#
#*..*\ **#
#*  !@\..#
#. *.\* .#
#.\*  *\ #
# *\ . ..#
# . . *.*#
#*.\*... #
#*..*   *#
#**......#
#.*..\...#
#*.****.\#
#\F.*... #
#**.\....#
#.....@ *#
#6*\ \. .#
#\. **  .#
#\.\.*..*#
#.\ ...\.#
#*.\\  G.#
#*....\  #
#.. *\.. #
#.*   . .#
#*.*\*\\ #
#\\... * #
# ..*\ **#
#.**\.* .#
#\**!. *.#
# .* . ..#
#. . .***#
#.    **.#
#*\    ..#
# .*  ***#
#.*. .. \#
# *.  ...#
#\...**.*#
# .\ .*\.#
#\ .*.*  #
#*\*!\  .#
#* .\.. *#
#\ .@*..*#
#.*....\ #
#...**...#
# W .*\  #
#\  *..  #
#.* . . .#
#***.* !\#
#\.* . **#
# *.\@ .*#
# *\* ** #
#.**.W.* #
#.\  . ..#
#. ..  * #
#.\ *.\. #
#\... *..#
# *\. .\*#
# * *. .*#
# \..\...#
#**\ ..**#
#\.*. *.*#
#. .@\..*#
#.  *   .#
#*..*  * #
#\.*.**. #
#.\.***..#
#\.*....\#
#@\.*! *.#
#..***\@ #
#. . @.\ #
#*.***.*\#
#\.**\*.W#
# **. ..*#
#\.. *. *#
#.*... *.#
# ..**.\.#
#\ .\.*\.#
# \.*.*.\#
#\.....\ #
#**..\*.*#
#.. * \*\#
#\.*.. ..#
#.*.. \*.#
#*.    . #
#\*\ ..\@#
#..\.  .*#
#.   ..\ #
#* \   .\#
#*!. . . #
#.   \.*.#
# @* . E\#
#*..**  .#
#**\.. *.#
#*.  .\*.#
#\. * *..#
# * ..!\ #
#...****.#
#*   * .\#
#. *.*\\*#
# .\ . * #
# ....* .#
# .** .  #
# . \\\. #
#  ..@\**#
#\  .**..#
#......\\#
#.* *\.*.#
#*\.\  \*#
#.. *\.  #
#\ *.. *\#
# .\. .\ #
#* *..*.\#
#.\  *. .#
#..* .***#
#*\*...\*#
#.*.\*.*\#
# *. ..\ #
#*..** ..#
#**... \.#
#.. ***.*#
#. .\.\*\#
#*. *.*\.#
#..*\.\. #
#. .  . .#
#. .. .. #
# **...  #
#\*\ .** #
#.*.. * *#
#.  . \ *#
#. \ ..**#
#.  * ..*#
#\  .  ..#
# .*\*. *#
#\ .\*.**#
#.. .* ..#
# *. ..  #
#** \.. \#
# . .*  .#
#  \*.\..#
#**. ..\ #
#* .    *#
#\.\\* * #
#... *\* #
#*\..*.* #
#.@. ..* #
#\   *..\#
# \. .\  #
#  \! .  #
# *.  *..#
#.* .**\.#
#..  ... #
#\*  .. *#
#.\  .. \#
#....* .\#
#  .*..\*#
#   **.. #
#. .\.. .#
#   .  **#
# W*.\...#
#.*. **  #
#\.*...\\#
#..D .  \#
#.\.*..*.#
#. .*  . #
#\ .\ ..*#
#***.. *.#
#*.@.. . #
#*..*.*.\#
#.  ...\.#
#\.  .***#
# .\ * .\#
#\** *. .#
# .*\.\.\#
#\.\\** *#
#**.. .\ #
#\..\. . #
#   ..\**#
# *.\  *.#
#\  . *.\#
#*   * *.#
#*\.*\ . #
#..\*..@*#
#\ .****.#
#. ..\.. #
#\. .*\. #
#**..*. *#
#...**\..#
#.*..   \#
#.*.  *..#
#.*. *..*#
# *. .**.#
#.\.. *\ #
#\. \ . .#
#.  *\.  #
#\\*. *. #
# .. ***.#
#.. .\.. #
# ** *.* #
# ..\***.#
#**  ..*.#
#.**.... #
# ... !\.#
#** ! ** #
#.*.** \*#
# \  *\..#
#*. .***\#
#*\*.!.*.#
#.. .. .W#
#...\.. \#
#** ..  *#
# \..\*..#
#\.*. ...#
#*..*\...#
#.  *.  .#
# *...   #
#\*..\*. #
# *@. *.*#
# .!... .#
# .\ \.**#
#*. .\ . #
#*. *. \ #
#.!..\\  #
# ***  . #
#\ .\* * #
# *  * . #
# .* .\..#
#*..  *B*#
#..  ***\#
#*. \\.. #
#...\. . #
#*.@.** .#
#*\....\.#
#.  ***. #
# *..\..\#
#  ..  .*#
#.\ \. ..#
#. *. .\.#
#. .. *..#
# *.*.\*\#
# \ . *\ #
#....\*..#
#  ..  \.#
#* \*\  .#
#**.\ ...#
#.* *..\*#
#\...**.\#
#. \.\ * #
#  .**...#
#\.*..*.\#
# *  . @\#
#..\  *. #
#*  ...  #
#.. *.*\.#
#\* * *.\#
#\.*...  #
#. *\ . .#
#.**.*\. #
#*\.    !#
#\*.. .*!#
#..\.*.*\#
# ..*... #
#. **.   #
#\ *\ ** #
#**** .\ #
#*...\..*#
#..\ .* .#
#\** .. .#
#..\  .. #
# *! .*. #
#\\..****#
#*  *.\ .#
#.\*.   \#
#..*\*\..#
#\ **. .*#
#* *.* . #
#  *\.* .#
# **  *.*#
#* .  * .#
#.*. !. .#
#*\. * \.#
#. .*.  \#
#\* .   .#
#..***.* #
#\ . .\..#
#  .   \ #
#.*..\* *#
#H. ..* .#
#.. \  ..#
#.\...*\.#
# **  *2 #
#\.\.*.\.#
#* .!** *#
#.. .* R.#
# . .\ ..#
#**  .*\ #
#\ *. *..#
#..***. .#
#. \. .**#
#\. \.*.\#
#  .....*#
#.... \ .#
#.  .. **#
# . **.\.#
#\... .\.#
# .. .. \#
#\ @ **  #
#* ...\.*#
#\\  .\ *#
#****..  #
#*\*   *.#
#..* ***.#
#\\.\.!*.#
# ** *.*.#
# *.\.*. #
#.**.*. .#
#\....* .#
#*\.. **.#
#\ .   *.#
#**.   ..#
#.*!*. \.#
#*!**  *\#
#*.\* .*.#
#\... .* #
#..*  *..#
#. * \**.#
#*. .\.* #
#\.**. *.#
#  *\..*.#
#.\..... #
# **..*  #
# .   .\*#
# \ ....*#
#\\   .A.#
# *. \.*.#
# * *. * #
# !***.*.#
#\\*** *.#
#.*\.*\.*#
#... .* .#
#*.\  \*.#
#*  .*.\.#
#*.  ...*#
#.\ .  .\#
#***  \ !#
#. .*\. *#
#\.*. * .#
# .\* ***#
#.\ *** \#
#*..* . .#
#**. ....#
#..*\ * *#
#.. *  ..#
#\.... * #
#.*\** . #
#*.\..  .#
#\@.\*.\*#
#.*. **5 #
#@* **.*\#
#.\ *\\..#
#\. *. *.#
# * **. .#
#..*\..@ #
#\.*..*..#
#\*. \\.\#
# !*. .  #
#.\*.  ..#
#\ *. .* #
#* *\  * #
#\.*. ...#
#* *. *.\#
#..\\ .\ #
# ..\..  #
#\ .* .. #
#*@*. *!*#
#*..  ..*#
#   . .*.#
#\ * . *.#
#....  **#
#  .*..\.#
#  @.\ **#
#\.. *.. #
# * .* ..#
#* * .\ *#
#**..\. .#
#  .***!.#
# \..   *#
#\*.   @.#
#. * .** #
#..*\... #
#  ** * .#
# .\**.!.#
#  ..* . #
#\  *. . #
#  .  *. #
# \  ..* #
# ....\.*#
# \ .\ **#
#..**\.*\#
#. .***. #
#* ...*.*#
#\. \**.*#
#\. ..\..#
#. *.  . #
#  ..*\ .#
# *\ \.\!#
#\*.\ @ .#
# .**.*\ #
#..\ \. .#
#\..*. \*#
#.. * .\\#
#  .*\. *#
#\4*..*..#
#*..... *#
#*... *..#
#\\..\. .#
#. *     #
#*.. .*. #
#*. .\.**#
#.*.**..\#
# .*\. \*#
#. .. ...#
#*\*  * *#
#**. *.\.#
#..* * C\#
#. . .!..#
#.**.. \ #
#.*.. *..#
#\*..  ..#
##########

Water 122
Flooding 8
Waterproof 8
Razors 36
Growth 1
Trampoline A targets 2
Trampoline C targets 6
Trampoline B targets 6
Trampoline E targets 5
Trampoline D targets 6
Trampoline G targets 6
Trampoline F targets 4
Trampoline H targets 5