##############################################################################################################################################################################################################
#                                                                                                ##                #.#                                                                                       #
#                                                                                               #* ###           ###*#                                                                                       #
#                                                                                     #        #.**  .# ## #  ###..#*##              #                                                                       #
#                                                                                    #*#  #   #* .#*..##.\#\##  \ *..#\##           #*#                                                                      #
#                                                                                    #\*## ##  #  .*. ##**# #. ###\.!\.  #          #.#                                                                      #
#                                                                                  ### *#\*. ##*.\.**\* *.*\. \##..\*  .#  #     ### *\###                                                                   #
#                                                                                 #**. ##.*#.*.#.** . .\..  *..#  ***.\.###.#   # * \.#\\*#                                                                  #
#                                                                                 #*.\.#\..*\ ....\ *   .*  .   .\*!\.\*\. \ ###* . .*.  *#                                                                  #
#                                                                                # .* \*.\. .**. ...  \..***.\**  .# *.**.*.\ .###** *..*.\#                                                                 #
#                                                                               #.. *#. *.\. \*\.   .*\*\  *\*.\*#\.\**#  #.*. ##*. *....*#                                                                  #
#                                                                               #   **..* ** **#. .* ... . \ ....***.\.. .* # **.*. .*. .\#####  #                                                           #
#                                                                            #  #.\*#  \ * . .\.. *.***.. *\.**\ *.\**\* \..*...#.* ** \ ..*!*.## #                                                          #
#                                                                           #\###\     ..#*.\...\**.\..*    *** *. .\**# . .*..*\*\  .  . *. *#\.\.#                                                         #
#                                                                          #* #\ #*.**.... * \.*\..\*. .*.*\.\ .* ** .***.\.* .\*** .**. \.  *\ **.#                                                         #
#                                                                           # *.  .\...*....\...  ** *.\* * *.*  .**  *.! * * @...**. ..* .*.\.#.. ##      #                                                 #
#                                                                         ##.\*#*.! *\ *\... .* * *.\.. . \ ..*\ \* *    \\\. .*.**.*  \. \.\ ..*\..\##   #.#                                                #
#                                                                        #**.. ##.**..... .*\..  *. .* .* ..    ** .* .*.   \ *\ *.   \.*..*..  ..  ##*####. #                                               #
#                                                                         ##*\.* \*.**.\..**......\  . ** *.\ .\.***.* ...*  .\.   *\.. * ..\   #* *##*#* # #                                                #
#                                                               #       ###. #\**.**. *...*. ..\.\.*  *.. .*..*. .!* *. .**  ***  \. .\ ..  .# * \ .#...*#*.##                                               #
#                                                        # #   #.###   #..##*!.   .\ .. @.\. \ ...\.\.* .. ..\.\ .*\.... \..*..*.* . .**.. \.\\. \\# * ..\ \#.#                                              #
#                                                       #\# # #  #. #  # *  ##.* * .. *.\* . . ****\. *** \ ...*. .. **..*.*\**.**... . **. . .. .#.*.\.   \ \#                                              #
#                                                       #*#.\#   .  *##...* .**. .  @\.   *\.*. **..*\..   \.. .\*. *.\..* . ..  .!  ... .*  * \ \.#.# *\.\.. #                                              #
#                                                    ###.* *#.\  \.# #. . *. .**\ *.... *...*.\.**\ .. * .....  .\ ..**. .     .*.. ...** *.    .*.**..#*   ..#     #                                        #
#                                                   #.\#*. ##\. #.  * * .@*\*.... **.. ..*.\. ... ..\ * .\.. * .**. \....   .  **.\**\ .**..\...*. ..\. ! **.. ### #*##                                      #
#                                                 ##**#*.*   .\.\.* ..\  * ... ...**.*. ..\* . \ *.* ..* ... \ *\.*  ..\  ..\.* .*.**.\..**.. .*..\..  **\.* # #.\#**\\#                                     #
#                                                #*#**!..! \ \.\@... ***..*.     ..  ** \. .\  . . @. .\.  * .* .... *\ . .*  .\**\.  *   ..* .** ..* * *... \###.\*# #                                      #
#                                                #.#.*.\.*# . ..* . .....\* *   .. \!*. . .\. ..  ..*\. .. ....\*. \. ** *.  ** .. . *\.\*  *.* \  .. \ * ..\.#.# #* ##                                      #
#                                               ##*#  !*** \.* ..*. *\  ..*..!\ * *... **  *\ \.. .*\!.  .  ..\**\ * ...  .  *. !..\*@*\.\ \. ..      \*.****\\*\ \...\#                                     #
#                                              #\*..*# .    .. .*\*.* *. **\*\. \ .. .*..*\\...*   .*. *.. . *.**.\**  .*\   \.*.\ *.\    .. .. .*.* *....*.*\**\  \ *  #    #                               #
#                                               ###..\ * ... .*.* .\. ..*..*.   . \.\ . *\ .. *. .*...****.*.\  \..**. . \...  \ **.\..  \.. ...\* . *** .\  .... *.!\ *#   #*#                              #
#                                             # #.. .* .  . @.* .\.*. . ...   *. .\.. . *.**. .\.\.*. .\. .***.* .\ ..  . **.. \*!.  .  *  . .. .\ \* *.. .\.  .\*.. * .@## #*###                            #
#                                            #*#.## #*#  .  **.\ **. *  \..\ ..   *\.. .. . * * ...\ \*\.\.\..*.*  *** *\ \.*  \ .  .* .\*. ..   .... * \\. .** .  . ..**# # *\. ###                         #
#                                            #\ . #..**   ... ....*. .\.*.\...   \..* *   **\ .\ \  . .* .  .@.*.  ...\. .  !... *   *.. * **.*\. *    **......*     . .\*\**.* .#\.#  #                     #
#                                           #.. *\@\. #*.****.  \.. *...@\ *.* *....  *..\* !*.*\.*\...**..  **.* .* *.. .\**.\...\*.*. . ..*...*\  .\**\  * * * **\* .  *#*. *.# #. ##*#                    #
#                                           #*# ** # .*\.. ......   . ...  ***.\.\  \ *.\.**...*  ..    *\ \ * \*. \.*\*\**\.*    *.*.*. \*.. *.   .* ..*.\.  . \*\ .\ \ .!*..* *##  @..#                    #
#                                          # *#\*. .. \  .* * **.*\*.\*\  .*\. * .**@.\.**\.\.\*@\ ***. . ..*....\.* ..* .* *. ..**...*...\\... \ * .  ... *...* . .*.*\* **\@D\*#*. . .#                    #
#                                          #*.**  . .* .*\.\*.** .*. .\.**..*\ . .**.\  \**....*.*** . \ \ .\.. .!. * **\ .*\..*.*.*  * ***.\ . . *  \.\* *. \ . ..***\....*   .\... .\*#                    #
#                              ##          #*# ...#* ** ..*\. ...\*\...  . \ \.\\.* *..\. * *\\.\*..  * *  ....\ .*\**\. .*.***\....\* \*.\**\ .. . .. ..*.   .\  *..*.\**\ **. *#\W*..#.# #                 #
#                             #.@#  #     ##..#\.*\   . *\..@..**.*.** ... .* *.\..\   ***. @.. *.*\ *.\.* \ *\* . .*..@* .   *..**.\  *\@\..***.......   .  \ .* . \.*!.\* *.\.. \ .....## #                #
#                             #\*# #*##  #*#  \*.*.*..\ \.*..***. \... **\*!* ***.**  \.\ \ . \*... ..  * .W.W*.!  .\\* .* .\.****. .\.*.*..* .*.\*..  .**.. **\.*....*! .. . .* \*.* * \. *##               #
#                            #\*.*##.#.###**\.\*\*..  * \ ..\ ..\*..*.\.\     .\. *\*\* \.*. *.. . \ *@.*\* \. . .  *.*.\.. .** ....!. *\...\. . *... *...* .\..\.*.*... *.... .*##.. \   .*. #              #
#                             #*\#*#. \* **.  W..**** .*. .\@*  *...!.**\****\.  .*....***\. \. *\.* \ .*.\ \.. * .*..* *\.*.   .\..** \.*\ ........ .* \*.@...* . .\  . .. .* \.\.   !.  ***##     #        #
#                          ###\*..... .#\#.\ *\ ...** \*..   .. *. ...*...*\...\  \ \ ...**.   **.\. .* .. \ *.\*....*!.*  *.   ..  ... .\  \\.*\.W\ \...* E  .\ **    ..   \*.!. . \* *.*#**.*#   #*#       #
#                         #* .#..  \* \***\ *.#\*\\**.**.\@. \.\..\.\*..*.* . \\. ..*.  *.. .\... *\*\. *@ ...\.*** \.. . .\ *!\*.** *. ** *  \**.* ..\*.. .. . *.. *     ...\ ..#.*.\#\*\  ..#   # \#       #
#                        #\.*\ *......*.*\ *.... .*. .. * \* .\ \ .* .\ .\. .*  * .   . * .**  *.....**..@\  *.\* . .*\ \*  *. *.* \ *\ .\..*..****.\  .\.\ * \ . *..  *\* .. .\...*\ .*.\.!\*# ### #        #
#                     ### **.! .**  #.\.*... . .\.*.***. \. **...  .* ..* **\.\ *. \  **.*..*..* * .\.  \... .\...*\*.   . ...*. .  *.. \ . .\.. *.* **** .\.**  *. . *.   *.*..  ..** ...*. ### ..\.###     #
#                  # #.*\ .#\.\.. ** . ** .* \.**. *.   ..\\..\. * !**..\\...\..*.* @\..\.*...** .** ... *\.\ . . *...\*.  . ....    .\*..\. . ..*..\ *....*\.*\*. *. ..   . *..* ....\ \..** ...*.   *.#    #
#               # #*#\#.#...#\*  . . \\..  \\. *\ *. *  *   \. .*.*   \ **....  ....**\!*\.\ *\. **. .* . ..*. .*..\   *. \ * *..\     ....\.. . .\ .*..\. .* .\*. . *\  .* *\...\*.# .* \ ....\ .*.#*###    #
#              #.##\#*.   *   . .  .*\.*..  .  .*.*\.\.*..*\. *   *\ *  .*  ..* .\..\*.*..*. .  *.*.. \\\. .\.\*..\   *.**  .\... \*..  *\..* *.\ ** .. .  .*. ...  *\*  *. . * .!*... .. ....\*@*.#\*#\ #   #
#              #*# *# * **.\ *. .. *..\   .. ....... ...* **...  *....\..* .*.   *. ..    **..****.*. ..\.\... \!.  *.. **\... . *.*\. ..*. . .\. . . \* .\..  ..\ *... ..* \*\*..*.*..* .***.**..\*#*##.#   #
#              #* \.#..**..!..**   \*\ .** \*.\   \* * **. . *\.. *   . \.*.\..*..*\*.*......   \ .*.\ ... .*.\.*  *.*..*.. .\... ** . .  @  ..*. ..\... .. *.*.   .  \. .. *..*  .*\ ..\...\* .\  #\..\  #  #
#               # *..*** \ ..\**\* ..\\.*.\.*. .. .*\*.*.   .**\. .   \. \*.*\ @.*..  **.  \*.  .\ *.. . .\*. .*.* .\ .\.  *   *. .* \ *.\.\     *  *.*\ \*. .* *.** \.*.***. .. .**.   !.  ...*.*\##\ #\##  #
#             # #*.*.#..\.* * ***.# .*. .   *\*.*\*.     **.\.... ..**. . . * *\.. * *\*.. .. . \*...*. .. .\ \.   ..\.. . *. *\ .  ......  ..*.....  .... * .* .*\**.\**..*   \ ....*. \  .   .\**.. \.*  # #
#            #\#*.\..! \ *.\***\* *.*. .. * **. .* *.! .\*. *. .**.  ..*.. .*. .*\ .***.* *.\* ! \.**. ..* ****..*\.\  \*   * ..\.. .. .* \  *.* \***.*\.\.*.*\ @**.\  .. .* *. *.*..\  *  .. *###..\..*.*# ##
#           ##*.*#\**\.. ..***\..\.\.... .\ *.\ \..*.*\. .   *\...\.  \..  **** * W*..**..\.\.*.\.  .\ \   * .. **..*. *\ \ .  *.***   *\ *. .\**.*..** . .* @ ...\ *.** * .\ \  *....*\..    *. W.**  . .*.*#
#          #.#*W   *  ...**.\.. .**.*..**.*.  **..\*.*..*  . \ *.*...**\. \*.\.*..*. ..*.\.   \     *.\  ..*. . \     \...!\.* .\  *W .\*..**.\....\ ..\*\*. \\.... .* ... . .* ..\.  .   .*.*\ #\  *\.   * .#
#       # # \@#*. \ !\  @\.\ .\ . ... * .*...* \  .\.\*  * . *    *  ..  .*. *\.*\.*\**. .\.  .\ . .. . .    *  .* *.*.....**.\*   ..\ *\ .\.   .**.*. .. *   .  . \\. * *\.  *. ..*.*. *!*. . . .\ .   *\ \*#
#     ##*## \.. #*\ \ \ .! **.\ .** \.!. .* .*\*.. .. *.*.\  . .  .* *\    \.\ *\* . ....* .  .. \ ***\ **.  .\ .**\     . *..*.\  *   ....** .\*.*** . .. .*\...* **\**\ *   . . ...**..   .. ... *. *\ .  ##
#    #.  ..#  .##*.**.  ..\..\*. .\ \.* . .**\ .*  *W  \. ..\..... ..  . *..* .*..\.. *\ ..    *\\*\.\. .\ **.* \\..**   .* *.. .\ ..  \ \*.**\.*..**. * .\*. .  *\ \ .**. \**   \.  .......\ .*.. .*\*.  ## #
#     ##*..  . #\. #.\..**.*\..\ *. . \...*.* .*.. .  *.\.@ ....*. ..* *..\ .**.* *.  *..*\*. @. .** ** . ..!*. .\.*   @**  . ..\* ..*\....\....\.. **  *    . . *.* .....  ..*.\.    *.*\. .. .\.* *.\. .* ##
#    #\ *.    #**.\ .. ... . *\*.**.**   \*. *....\.\ ...\. ..\ .**.\. **** .  .* ..**..* ..\..\**.. ... * .\*   * ..... . .*.   \ . .  .  .   . *.. .*. .. .* .\..\**   ** .* *..*\.  *. *. *.\.\ ..* * ### #
#    #.#\...****.. .*\ ..  . \..*.\ \...  *...* \..**. !*... *.. \..\**.* .** *\* .\*..* . @* *...*   . **  *.  ..\..  ..\.** . \*  \ . **\.  *\.!*\..  ..*. .   *  .\*\ .. *** *. *.***. ** *\*\*.\ ... ..###
#    ## .*\.*** * \ *.\ \.\. .  *\* .\ **...\ *\.*... .     ..\  . \.\* ..*.* ...\...\.**  ***.* ..*   ... *.* . ..\  .** * ...*.\..    .. .*...* .\.\ . .*.\   \..  *.** .*..*\* \....* \.. . **. *.*. . .# #
#   # #  \.**# ..  *\* #..* ..*.\*\  .\. .*\*.\  * * ..   \.*** **\.**\  *.\. * ...   ..\   ** . @ ....\*.*...\!.*W*.!.@*\..\.\.. .\ . * .!.*\.*..\*.**. ... ** .\ .*\.....\*.@  \. ..\..** \  **  \..\\.  ..#
#  #.    \ .*    \ .*.  .\.  ..*\.. \*.\..\.\* .* .\.  *\. .\.\ .*\ .\*..\*.***.*..*\..     \* .. * ..**. .  .**** *..\. .. .. .   @.  . .** **  \ *.*.  *\.\ * \..*. .* *\..\.*..\\.\.\ ..* ..\.**.\.  ..*\ #
#   # ##...*. .. . *.\  \.  * ..@ *\. * *   .*. . .* **..  *.. ....\*.\* .....\ . *.** \ *..**\*....*.... .*. ..\... \.     * .   . \. *\.*. .. \...***    *. ..*.*. *   * \\.*. ...  .  *.\  .*..*  .*.  #*\#
#   #.\***.*.  .\ .. .   *..**     .. .*.* * ..  . \ .  .  .*\  .. **..*\    \   . .*\\.\*..\**. .@.*\ .* *.!.\....\ .** . *. .. *\. .* . .  . ...*\*..  .\.*** *..\ .\.\.*\ .!  .\* **  . !**\*\..#...\...#.#
#### .*.*\*.  \ *  \. .. ..  \..   ..  ... .  ..... .*. .*\ .* . ..\.\.. . *.\*\ *  .*\. . .W...**!* .. * .*  *.* \. \..\*  \ ..*. . .  \*  *\.* ....* .  * *.**\ \.\ .*  . *@\. ..*\.* \ *..\.\ *.*\.**\..!.#
#..#  \  ..@*  .*.* \\ ..*\*.  \ .. ..\\*  . \\.\ *\** *.\ **  .  ..\*.****. **  ..*.****.*..* ...**\@*.*\ * * ..* . ..*..\ ...... **@....\*..4*  *....**\.*. * .*.*....*.  ...**.\..*..*.. \. **\.*.... * . #
#*\.\* * *.*\ .*.\*..\ **\...\..... .***W*\  ..  .\...\..!*  \.*\...  .****. \.\*\*\..  * *. ...\..\ .\*. ..\*.. * ..\ .* *..**.. ...\ *.. * \*.... .*..* * * \. .**\\ ..* @\ \*\\***.\..    **.. ..*.. \ .\ #
#*# .# .!*##.#\*\ ! .. .\.9  . *\*  \...**...\\..\.\ . *.** ...  \.\ ..**..* . *.  .*\. .... *.**\    ..* * .. **.\.* . * .. *\ \*..\ ***....W. .*  \* .  . .! \ \.\.. \\   .....*.\.* .** ***.    \.* .\.*. #
## ## #*.###\ #.. .\.. .*..* .** . *.*  **.**  *..\ * \ \.. .\* \.\*.*\. .*.\\\. \...** **\.\**.* * *.. .\.\*@\..*.\. . \. .*.\ .*..   ** ..\\..*.  ! * .\ *. *.* \  \\.. *.** *\.\.\. ** ... .. .. *.\.*.*.*#
#      # \.### . *   ..**\.\   . * .*\ \ **\. *.*  \*   **   .\.  ....\..\.* @   .** W. *.*\* .*.. .\ . ..\*\**..\ !.. .@\ . **...*   \.*..*.\. **  ** *  *.*.\** .*** \ ** ....... *. ....  ..**\. **  ..* *#
#      #  # ##**.*\*....* .   ..\.  .*. \.*. ** ..* *   .\  ..\*..** .* * **\.* .*.. . .\ \..  ... . .   .. *...\ **.\  . . ..***.\ *.*..\**  *  . .\*** ..  . .\*...\ .\.*.. ** .  .\*  * *..* .*\  *\   \ .#
#     ## .##* *  .*.*. .\  @.  \  .\ .*. *.* .*.* *. .*\. .. *. *\*\  .\. .*. .\ .*..*  \ . \**..\  \ \**  .\* ..\ !.*...\....\\*..*.\. * ..\ * . . * .....   . *** **.   ***.\\*..*  . ** .. *\\\.\  .... ..#
#    # #\\####\.. ..*\* * ..\*..*. ..\...* *\***\\*** . ....**.  ..*..   *  . * .*.\ .. ...  *\. .\...  .*  *.  \ *\2*\.* *\.  .\**\...*\  \*\.. .\ .\*.*.\ .*\..*. . .. *.\*@... *.!* \!\..* **\ *.* ...  \ #
#   #*\ ..#*# .* **.*\*....\**..* .* .  .* *  ..  .*.*.  ** ..\.\*  ..\***.. *. .  .. **  .*\ *  .\.\* \ \  .\@. .*.\.  * *.*.\ *....***. ... *. **.... ** . \ *\\*** .. \*.*. ..... .....  .**...\.*\ .** . #
#    ##\.  *..\. .**. .. .\ \****  @ ** *.\.* @*... . *\*.*. *.* . .\. *.**\ . .  .*..... \.... .*...... *\. *W.***\.\\.. ...   *.. \.\ \.* .*. *.*\.\* .*  \. * .*.*. *. .*  .* *.    *\*...*.  .**. *.**   #
#      ##\.!#\ *.*..\**\.*. ... * .. *...**...*.*. * .\ * * .. .\  .*.\.*.\.  \ \. *..*@\ \  *\ . !\\ . \* \ * \...*..\*.**\..\*.* *..*.!..  .*@.  .* ! \... \ . \* ... . ** \*  *  .*.\  **\W.** *.* \ \. ..#
#       #  *\. ..\..\...*. \.   . ****.*...\ ...\  W    . \.\*....\*  * ... \ .   **..*.*  . *\.***.*\.\*.\. *\**. . . .*.* . ***\*.  \*.*.****. * * * *. . \ .. *\ .. .* *. ..* ***\**  *.* *\..*. *.   \*  #
#       #\...L.\ . *.*\**.. \.\ . ...... .* .*\ ..\... ***..*..\*\.\.... .\  .\ \ . \.**\** ..  **. . .. .. * .*.*  \* *.*\..*.*.*.*.  .**...\*..*.*.. .\\**  .\      ..*. .\\\..**.*\.**. *\*..\.\ .. .*.. *#
#      # ##.\ .    \...*.\*.  .\ . \ . .*\*  ..* .* ..\*..  \ . *.. *.  .. *.** .*  .. .*. \ * .\.*. \ ... .\**.\..\.\ *.*..** . .*. *\*\..\ ..* .\.*\. **....\ . .. .*.\***...  ...\ *.*\ .    *\.* **.\ *.*#
#   ###*##**. *..*..*.\. *\. ..*@  .   .*.*\* \.... . .**\...*  .*.   .*.\ **\ \   .  \ .* .\.\.**..\  *.*.  .\ @.\*.*...*.*.*.\  .*.\ . .*..*\..  *** *...* .* \  .. .*... .** @.*\\..*..\\ ..\**. \\.*  \ \#
#  # .*  ##..##\ * **. *.*.. *.\. ** \ *  *... *\.. * .** *. .\  .\** .\ .\...   .\  .!*\.. .\..*.  *..* *  *.*\.\. *@ .\.\*\.  *. *.* ..**. * \* . ..*\*. \*.\ \ .. .\.. \ ... .***\.\...**W* \*.* . .*\.\\.#
#  #*.\*\\.*..\  ** **. \. .\. .*.\\.  .....*\***.*..\ . *.**.\\*.\*. .*. *. \**  \.  *..\. * ..\..@**.  . . ..  *. . ... *.*  ***   *.*..\.*...*.  *.*.. *.**  .*. \. ..*..\ . . \. *..... . \..*. ..\ . .. #
#  #...# # .  .#\.\ *.\. ... .. ....\\....\..@.\.* *\.*  . . ... * . \..\..@.. .\ . . \ .* .\ .*.*  *\.*. \.* **.* .*.. ! *!*.*... * ..*. *..**.. \ .\*.*\.....*...*.  ..**..  ..*\* *.. .   .. *.      .. .*#
# #*   .*.\  *.   *..*****\ ..\. ..* *  .* **. . .*.** \.. * .\ ..  . .. . ..!\ *.\ . .**.\   .\ .  \*..*\! . .\ .  .  *\***.. ..\.. \..*...  . .\  **....\*  .. .... *...*\  ..@*.... \.\ .  .\ *\* * \@\@*.#
##.#*** .*#.\ \. . .@...*.   **@*\*\...*..\ . * *....  *.\...*.*\*...*.  .\**.. .**.\.\*\*.. *..**  .**. .\W** . .\*\   **.. *\ . @*\.*\.\\ \*.    *.. *.*.****..   \. ...*. .*...\\ .* . \ *.* . *.\**.*.\.\#
#** *.*\#   * ..*****.\*\ .@   *.... *.*. !.. . .\.** \..*.*..** . . .\....*.**. **.*..@......  *** \.  .\*.*..*.**  ..* ..\   *\..\.\.!\ \ ..****.*\  \ *...*.* . \.  *  ..*\.\ **.  \..\ ...\.. ....   *  *#
#\.*.*.  .**..  .. *. .... .* ... . .. *.  . ..  *.\*  ** **\..*.*.\.*.\* \..** **.\..*@.*.  *..\...**  \... \.\*.\ @** \ \**.\. *...*\*..  ..\.. *\*.*.  ***..* .* . . .* \. \  ...*... *@**.*!\\*!*\ **.\ \#
#*\.*. . .**. \.\\ ..       .  \ *  .**. \\* **\.*\ . . . . ....*.* *...** *..* *. ** . \..  ... *\*  ....**.   **. \ *. . *** ..\*.\*.. \..* * * \.... ..\.\\ .. *.* .\ .\ *\ *.*. .\..  .*.\. * . .** . .\*#
#.*..** . *\*.. ... \. .\*\ .**.... . . \ *.....*... . * *\.. .  \* . .\.\ .*..... *\ .. ....\   !. *.*  \.\ .. *\*. * **....\  *...*...* .*..*  ..\  . . \...**.  \   *\..\*...\*\ *\  . ..*. . ** \.\..\**.#
#\.  \*\. . .\* ** ..*......  ... ..\.* . *\ .\ . \... **\.   *   ... . ..* .  * *.*.  .   .. *. .\..  \...* *. \*** .\.**.. * ..\*\..\.*  \.*.**\* . \.\ . . \.  .. .....\**  . ***. * . .*.\.. .**...*   .*#
#\ .. .  \  ..***\ \ . * .*  .\ ....**.\ \.** .\. .\**....  . \  \\. .*...\.***.\.*. ..  ..  *..\ * .  ..\ .\.. .\.. ....\ .  .*\....\ ..  .\ *.. \  *.  * . *.*.  ... .* .*. *.**.*.*\ *. . .*......*..\. . #
#* @.\. *..  .\*. . .* .*..   *.***.... .*... .. *. . *.** *.\.. .. *.\.\   *.\.**.  \  . .\.*..*.*. \.\**. *.\ \.\.\ ....  . .**..   .*\.\*  \.***..* *\*** ** .  * **\..* .*.  .*. ... \*..\.**.. **.*** *\#
#**   \.\ *.\. . .*. ..  .W\* .**.  \*. ..\.\ . *.. *..\.\ * *...  *. !\ **\.  ..*  *\*   .**. ...*...\ .*.  *. .  . *\ ..\ *.* \..  * .**. \.\.. *  ....*\ * * *.\* . .* ..*.\  . *\.  ..**   ...\*.\*...\*.#
#*\..\.  ...*  \**..  *\**. .  ....*.\* ... .* .\* \.  . *..  . *.\.  .*..... .  **.*\. ** .. *.\*....*\.     * . *.!*..  *.**..  *\.   *!. .   ..... \ *. . *.  . .\  **   .\*...\.  . \..*.*  .*.\ . .\*.**#
##    \ .\W* .*... \  .\.* ..***.\ ...*. .\* .. \.  *. .*\.. .  * . !.\..*.. .. \.... . . .   .*.....  *..\. ... *.*\ ....*\ . .. ..\  *.* ***.. *.\.  \*.\.*** .\. . \.* \.\ ..*.  ..** * ...* \*** . ..* .*#
#\  .*     . *. .\*.*  **\ .\..\**\ *.*\ . *\**.* *..\* . . .\**\.   **..*.*.*.. @*\...  .\..\..\ .*** . ..\.*\. . ..\  .!. *   *.\*.\ ..\...... \.* *.** ....\....  \ .** \. * \. .... ..\\ .. .. .* \* *\. #
#* \ * .\.*  *\W! .*....\.*\.*   ...*.. *...**.  \.* .. .*...*..  .\*.*.*\\....\ \.!\..*\  *\. *..*.\. ** .**\* \.\**** ..  .. .\ . *.\  ..*...W * . . ...  . .*.. ..!  *. *. *.. **\\  . .  \  *\. .*...*. *#
#.. \  ..** .* .\  .* * \..... . ...W*.\. ..  . .. *   . ..*.\.\*.\.\...*.. *. * .@   \. .*.\. . *...  *... \.. .  .\..\ ..*. .*.*\ **W  *\*.. .*\..*.. **.* .*. ..  \\*.  *. .\.\..! *  \. *..*.. ..*.. *. *#
# \..#  .\***.* . ..**...*  .\* .\.*****\*  .\. W.\!*\.*.\*.* *. *.*\   *.\ ..\.\**..  .. .*.\*. . . *   *  . .... *\***....   ... ..\. *. ..      . . .... * *.*.\* .  ...* *\**.   *..*.\.  C.. \* .\* ... #
#\.  . *\.\.\.   .\...*\ . .  **. .*. *\..  \..**\.*... * . .*.. *..... .\*. . ....  *. . .*.* *** *  ..\.\*..  **.   . .. .*.* ....*.. ..**..* * ...\    * \  .  .*  .*. .\*\..\W*\ \. . .*W*\!*  .*.\. . *.#
#@\**@ \*..* ***\\ ...* \ .*..* ...*.\. .. * *\.. .\.* ..  * . . . \* \. *. .....\ ..** *.**.*\.\*\.  . *\*.... .....***\ * * .*. **@* \.@..**@\. . **.\  \. ..**. . ..\.\...*.\ .. .. ..\*...*.* . .**.. .* #
#! ...\* *.*   . \ .\. . * ***.. \  \* *@. **. .***.@*.\**. .* . * . *.\ .. \.\.\.@..*\.****.** . \*.*..*..    \**  *..** .** ****.*.\ .\ ..\ .**. ....    *!.***.   * . .\  \.*.\ .    .*  \*.**\.  ..!\*   #
#....\ ....\ ..*.*\ ...***....*.* ..*. ....!\.\.A.*.*.***\.  **..  . \.  *..* *  ... .*  *.\..*.\ .. **\..\. \*..  ..*. **.*.**.\. .\. \*\.*.. . .*...... .*..\.* * .. *.* \..*....  . **\. .*. .  . .* .\ \ #
#   \.\\.* * * * ** **.\ .  \ . \   .*\\  *.. .*.. .\... .\*...\  *  ...*..*\***\..  \..\ . . .\    ... .*.. ... *\ .*\.*.\*\....\*** .\...\..\ **.. \. \ \.. * .**\** .  ..  .*  \.**...  ..*\\\.  . ..* \**#
# ...\*.*.. .\\. *\. *\. .* .\. .. .*.  ..\! . \. * * ... .** *...**\ *\. ..*\.*\  *.. . .*...*.\ .. .\\.*.**.   .*...\... .   ..*. *.  *.\   \.**!*..* ..*\ .*.*.@.\ . \\..  *..   .\..\.*  ..*** *..*\*..*.#
#* ....**.\. .\**\.  . *  *\  .*\.*.*. *    *.  **. \. *\.*.\ . .**** *  . .*.\.  ..* .\. *  \.*   \  \.*\ .. \ * .* .  .* *.*\ \ * ! .*\**\.\  ..**. * .\*. ....  ***  \.** \ .*.\\*. *\.. ***\...\. ...\ ..#
#.*\.  .  ..*  *... **   *.*\ \. \W.  ...*  .@  . *  *..**!*..*\*. ..   * **... \.@\.\*.* .\*..  .*  \ ** .\.  ..  . .@.*\ * ....* * *.\. . . .*  ...*. ... *..\ *\\...*  .\ . *.\**.. ****.*..*. **..\\\...*#
# *..  . *\  .*\!.\ * *.\.*.W .. ..\ \ .\*.\....*....*. ..\. *.*.  \  *.. .*.  \\.*.*...\.\.\*.  ..\*\*.. .. *\ *.*\  .*. ..\.\*.\ .\...\.  . .\ .\. ....  . *  .**.*.**..*.*.\. .\**. .\*.. *\..*.*\  ** ..*#
#*. *. .*\@ *..!...***\ * ..\ *....  .. .\ .. ..\.  *.*..    \ . \ .\ .*  ... .*\....!. ... **  . **.**..**. **. .. \ ... ...  .*.**.\.\.  . \ *.\ .\.* *.**.* ....* \    *  .**\ *\.*..**.* \.. \.   *.\  **#
#*. * *.*  .\ ... .**\. * ** * ***. \!\***. .  .\* ..\...... .  ..\\ ...\.\ *. \*   \ .*** . ..\.*. \** \.. ...  . *.. .**... ...*..\.. .*...... .** .* **..**.  .......  .\...* *\.\.  .\\....\ .. \.*  .* .#
#..@* ...   ..\ \*.**. \. ..*. ..*\ .\.. .*\  \  . *..!\ * .  ...*\..  .*   ..\W.. ..\*.\. .\*  \. .. . . *\  .. **\ **.\*  * .* .*\ .. *..*\.*!  *.\ *...\ *.* .........  .!. *.**.** . ..\..@. .* .*  *\. *#
#\.!. .*. *\    .\*..  .!. \...  *... .\.*.. \...  *. . .\.    .* .* *..***.\..* *\\.*.. .* ...    .* \ .*..** \*** ..\.\.*.\\ .**\  .. *. ... *\ *    ... \*. .. **\...\\.*   ...@\ .  . .\*..*\.*\*.\..\  .#
#   ..*. . . *.    *. *    . .  *..\*\. .*.  . *.\ \.  *.*   .**. \..\.\***@*.\@..\  .\.. *   . *.\ ..\.\*. ..*.\.*..\** ...*** \.!***. * . \. * .\ *  .\\.*.\ *.* \.** .. . * . \**\.*..  W.  . ..* \.\ \.\ #
#\***\ \ ** ..*.\ *.. .. ***@  **.\ . .\..  * ..\ .  *.!* * . **.\.. *...\.\*... ..* *. *. .*.\.*.*. \.*..*  ***.   \ *.  .\ ....  .... .  ..\ *\***.\.\.  @\ .*.\.\*.\ ..  **. .*. * \....*.. * .**..  *.**.#
#. *\*.\ ..*. \....\. \ . \..\*.\.  .*.. . **.\ *\   *.*.\.  \*...*\.. *\. .. **\. \*. ..** . .\..*\. \ *.!.\. .\ . \.* .. \  .  . ** \  * ...  *\*. .*.. \*. *.\..*\\.**..\* . \.* \  .\.\*.\ .\..!*. .*\..\#
# \** .***.*  *\   *.  . *  . \ .*.  *.** . *.* .\   .....*.* * *.\ . *    * *.\.  .. \* ..  .*..\.***....* W .* .*..\. * *.    .\.@*... .\....\. .*. .  ...\ \\*.  .  *..  .*.. *.  ..*.*..\. **\  *\*.\!. *#
#  ...  .*....**.* .@.* *.  .!.*.\*.\*  .  *\.\   .  .*  \.   . \* . *..* *. ...** * \.. .* ... *@.\ ..*. .* . .\  *... .*   *.\** .*.\  *  ..*  \* *..\  .\...*.. ..... *\  \. . . *.*\ .. .*... . * * *   .#
#. * *. ...** *...  **.\.*.* \ .\ .\ *    .* .  * *..\   .\..\ ...\.\. .*\.\.*... *\    .*.\ \ .\..*. \.* *.*  ***.*\ .*.*.\\*.*..* . . *..  *\*\..*. * *.\ .! ** ..\.*. ...  .\ \....... ..*.*   * .\. . * \#
#..*... .\\**\*.**.*.*..*.....  \ .*\. **. *  *.\ ***. .  *.*... \... ...  ..* .***. \*  .....*\   .* * .***..** ...*.***.....*.. . \@* .  *\.. !*  . **.\** *   . ..   ***\* .. .* . *\. .*  . *.. ..\..*. \#
#\\. .. ..**...\ ..\ ..\ . \  **   * .\.*\*..\.*. ** *.  *** *.\ .@*. !  ..*!*  **.\ *.. \ \.\..  \.W\* .**\* ..   . *@ .... ...*\.* \** . . ...***\  \ \ *. \.**.*\   ...*.. *.  ** \ ..*...\. \. .\ *   * *#
#. .. .*...  ** .   *     ..\*    \* *..\ ...... .****.**\. \.    .!..*\*.*.\.  .*.. .  *...@. *...\.... \**......  *..\.\.\.. .....* ..\ *.*** *\  .. * ..**. .  *\*\. .*.*\ *\\  * .  .. *\ .*. * ..\.\**.\#
#.\*   \ .*\\..\\\  \.**.* ...    ..*\. .*. .\\** .*....*.* ...**\ ***\*.  .  .  *\  .... .*. *.*.....  . * \ *   *.. * ..*..   *\ \*.\\*@*.*.\ .   .\*.\ ..* *\ *.*... .* .**....\.\  . .\.  . ..**.   ... *#
#.   .\!  \*** ...**.*  .. ...\   \  *.*..*.**.*** .  * .. * *...* *..* ..   ** ..*\...*..* ..\**..*.*.   *!*\....*.  **. .. .. . ..*....*... *\..***..* ..R* .  . * .  **..\. \...\.\*..*.\. .\  ..*\.. ***.#
#\. *** *. .*.*.**\...\*\.* \ ...  .. *.  ..\*...*   . . *.* * .\. ..*.    .\.\  .\.\.\.**.\\@. * *.\..*.\ \.. @  ..**..*@\.**.**\*...   \.\. *.* ..**.  *..* \ \...*.  \.\  ..*.*\  ...*... \.*  * .\ .  ...#
# .\..* *.\..*.\ *..  *......\*\. . \ . \  ...**.*\ . .*..*** *..* *...***.*.     . . * .   **\\.\. ...* .**.. ..  ..*  *  \.\  *... \.**. .* **. ..\  . *. \.. W. .* *... . *\!*.....  . ..*     ***. * . * #
#**.\...*.*..    . . .  * *\..\..\*.\ *. .  \ ** * **. .. .\. .\*. *..\. . *\*. .\**..\\@...\.*\ .\.  ..!  . \*  \   .\*\\*     \  \\.*  \ .* \.*.*...*....   *.\*  * *.*\. \.**.*\ *  *\\. \  **.*.** . ***.#
#..\ *\ * \. **@***.* *\. \..\. .\ ..\.\ . \ **.*.!**.\..\\..\. ....*..... ..\..\.**. ... . ..*. . ......  * ..\.. *.*....*. \ ...\ *.. \..\.** **\*  .. .\  ..*.\****. *..\. ...\. ** .**.*..  .\..**.* ..\.#
#.. . *\.\.* .@\*..*. * **.\*  \ *.*... \ .**. **. ..*\.** ***. .   . * *\. \.***\ .*\  *    .\. .@ . . . .\ \*.  .!\*.\. .. .\..\ .\. ...\ *\*\  \.*  \* *..*..*.\...\*   *W .\*!  ** * * . ...\ *.. .***\ \#
#... ..... ..\..\  ......****..*.. ..**\..!..\  .\ .*.  .\...!. .**  ..*. \ .*. *.* * ..\\. \ .\ *.\.. \  ..  *....**\  \ .\.*.** . .*.  \...  . *.\**  * .*\* ....***..*..  . *.\@..\.@..*..\.\ ...\.\......#
#\   .    .  * *. .\..*\ \.*.\.*.\  ..*.\ *  \\ . . \.*...\   **W.  **.*.\   *\.. . . \. *\.\.** \**   .. \.... .\* .... @..\.*.  *. *.* .\.\ *. .*.*  *\*\..\.*.\\ ..** \ \ *.\* *.*.. * ..\**.. **.\ \* * .#
#....** * *..\..*.\.\ .....  *. .* * .*.... ..   \\.... @\.*..\.. \* **\  .*\\..**.*.\.**..  \ \..@W*  *  * * .**... .\*..   .!.\..  ...\ * . .  *.*. ....* \.**  .\* .    .\.\.*  *. ..*.*\.\.   \*. ****\\.#
#\\.\ *\\..\ *.*** .. .*..\ ....*. .*\. \\ ..  . !\ * ..\  \ ..   .. *... ***\ *..*.\ *.* \  .\. **   * .\. * ..**.* . . .... ...*.**\ .. .  *.  .*..  * ..\.*.. .**. **\ \ *   . *..\.*. .   ....\*\...*\   #
#*\*  .*\.* .@.*.. *\*\*. .!..* . .* \*\*\   * **. .*..\*...* ..* \ \ *...... .\..\... ... *.**.**\.*.*...\ . . ***.*.\ .*\ * \ ***\ *.  .\ .\*.. .\.. \ ..\*.  . .*..\\ *!@\. .*..     . ** .* * . ..\ \ .*.#
#\*..*.. ..*\...*  ...*...\.*.. . *. \ . ...\\.*. .*\.\*..**** \.     .**.*. .\. . *   .......*\. .\.**.\. *.  .*.. .*\. *\\. . ..  *..*   * ..*  .\**..\ .*. .   \* \  * . *\ \** \ *.\.\*\. *..!**\.*\.**  #
#\  *. \.\** * \. * . .*    . .*\..\*.* *.*      ...\*.*..\... .*.. * *\* \ .. @. **\ *..\** ..**\* **\.*  *.**  *.* *@*. ...\. \\*  .\. *.@*  *.*. .* ......\. \ .  .\\...  ...**.**.@ ..\  .**\..*. *.**** #
#...\..* .* *\.\ ..   ..W**..  ...  .\.........\ \\  . .*..*.\   .*.....  .*. *.* ..*. .....\  .**. *\ *.. .. . *\ *.\.  . *\@*\  .\..*. .* . .\. .\.***.  .  .**.\ .*.\. * . ..*.. ... *... *.*.. !* .*..\ \#
#\*\**.. . .\* .\. ..*\. .**\ .\ *   .....  .\ *.*..*  ...*\ *\...  .\..* ..\.*..  ..** .. .... *. .. *...  . . .  **. * . .*.\* *.* \\ . \ .\   * . .\   .  .\!...*.\**..\   .\**.*  .  *.\.\.*.\.** .!*.!@.#
#.. .*** .* ... *\. ****  ...* . ..\ *.*  ..*.....  .   \ *. \.\. *  ..\.  .**. \.*  .. *  ..\  \ ** *. *  . ...* .\.\..\\ ..*.!**\.\. ..  *..  ...  *... .\   ..*. . .*..*.  \..*\..  *.  . \.. .\\*.   *  *#
#*\ ..   *.**\*\...\\.** *  ..  .****. @*.\*.\  .**\..*  ..\*!\*\\.\ . **..  ... ..  *.   *..*W  .\*   . \****. ...* . ..*.  .\*.....  *\.\.. .. ... .  ...  **\*.\ .*..* .  .....**..\. .\ *.\ . *..\ ..* ..#
#*.. * .\**..*** \..**.\..  ... *...  \**.*.*  .*..* .* *.\..\W...*. . . *\*.  \   . .* .\.*.*! \..  .*....*.    ...*..**. \.\..**. . *..@*   \..\.. .*** . ......!\*..\ .*  ..*****   \  *.*..**..\..* **   #
#\    . *.....*\\. ... *..*  **\...\ ..\*.... \. ** \*. \*. ...\ *... \* ***. \..** \   ** .\..\.** \...\ *.*.**** *. @.....\*  .  .. .*\..***.  *.\  *.\!  \ \@..  **  .*W\.* *..*.\..\*.. **.*.\. \ . .  \*#
#* *\.* **     **..    .*\......*\*\.*. . *** . .*.*\**.*!* *\* \..* . \ *...* \.*.....  *\. \.. .  .*!*. \...\..\. .*.\ ..* .*\*** .  .   .\. ...** .***.   ... \.*.*!\..  .\....*..   .\.\..*. * *.* .  . .#
#*.      .\..W .\*   \*\ **. .  . *  \*. \.** ...****** ... .* \.\*\.*\ . *\ ...**.   **.!* .. \*  .\..*.\.*. .\\   ***. .. .*...**\.  @ . . *.. ..*. *\.\ . .*. \.\...  . *. *  ..**  \.*.*  *  . . .   .  \#
# . .*.*\.\\ .\*   .* * \..*..**..\.. . .. . . . .. *. \  *. \*.  . *  \  . .  .. *** \*... \. .***.*\.\..*. .**..   .*.. \..* \.\*. **!*.\ .\ .\ .\....\*. . @ * .... .\. .. *.\..**.*..\ **\!.*. *... *\...#
#  * .... .   .. * ...*\ .**\..* .*\\..\*.\ ***  *\***@ . ..\ .*  * .. .. \ \   *.\*....*....\*.. . * \  *\   .\.W.*\  .*\.\ .....\ . \ .\ ....\.\*  *  *.\  ...**  ..  *@* .\. ...   **  .... .* \.. * \... #
# .*\   ..** . \*.  ***.\.*\ ...* .*\ \ .  . **!** ...* *.   .*.\.**\ .. . ..\.***\. @    \* . .\**..*...*. .* .*.\. *..... .** *. .*.  **.   \. .*..\.*. ...  .\..**  *.**\. .*  *B\  .  *..   * . @ \ * ...#
# .\.   \\.\. ..\.. .*.** *  . .*. \ ..  .*. \*\ ...   ..  *......*  \* \. ... .\* \*\.*.\.\ .  ...**\  ...\.* ..  \ *.\ . **.\ . *.\*..\  ..\..*.\ ..*. .*  *.  .\*..\ ...  * .  .\*\.  *..* **.*\..\.W .\..#
#*.*\.**..  .  *..**..*.*!*.*\\\ .*.*.* \  . .. .. ..\**\. **.  .*. \ ..\.\*   *** ...** *. .    ...\!  . .... .*.\.*  .  .....\*.    .**.\*.*\ *. . *...\.\..*    . . .*.. .**\. .\.   *. * *\.**\\.\.*\.  .#
#.*   @.  *   * **\.\\.* *.\**  *\ .. * ... \!.\*...*..*.  *\.*\  \ .* .*.**. ..*.. . \.  .  . .**.*....\ * .*  *.  . * ** ...\ ..*  **\..**.* .*. . . \ ..  .\. .\ .\*.**\* ** .\ .. . \..**....\.\...**. .\#
#*.\ *.\ . ..  *.* \..*. W.*.\\ *.. **.\  .   \*.* . ***...**\... . **..\.*.@. .\..* .. * . * ....*\*\* \.. .!  . \  .** .\** *... .*.\ .*..... . .***.** *\*  .   \.. \.. . . ...  \ .*. *\.\  *.\** .\  .. #
#*  .\  . . .* **.**\ . .**.*\ *.**.*..*. *.\\ ...\..**..  . .. .\.  **.\.*\**...*..!*..\* \*.. *.*.*.... . \.\..\ ** ..\ ... W*\.*. ..* *. *.*\  * .*.*.*** .. .. .*.\.\*...*  .\ *.*\..\..*.\ ...*.     ..*#
#.*\ .** .\ .  \*. . .* *.***... *. .  .*..\* \.\ . *..\*.. .\  .  . *..* .** .*\. *   \..*..*\. \*.. .   ...!\ \ *.* .*.*..\ **. *\..\* .* . !   . *.*.\.*. .\.. * *..\.   *.. *\.....\ *\*.... .. @   ..  .#
# \...*.!       .* ** . *!. .. .** \  \.* .W.   .*@***\. *.*.*..**\* . ..\* .. .\.\* * . *. ..*... ** * ...**** \.\\** *\*  .\..... \   . *  ..\.  .. *\   ..*.** ..   .*  ..* \\...\* *.* .  .** \ *.\\* *  #
#*. \*..   *. ..\. .*  ..**\* .\*.\ . * *... *.! ...\*. .\.*  *..\ .@   \ *...  *\.*......** .*.\.\.. *.\\.W\.\*.\..* @........ \.\ .\*.. \ . ..* .\ * . . . .***. \* . ..\ . *. . *.\ .*.  ..\ . .**.  *. ..#
#. \.\. ..** .\\ .  *    .\.\.  ** \..\.\.*@..**\*....\  .\.. **.  *. \ .  . @.***\.*.......\.. . *. .\ . .!..* .**.**..   **   .\.*...\\.  ** *.. ..  *.*.. \...!*.**.*.\ ..  *\ \*    ..  **..\ *..**@W. .*#
#\ .*..\\\... .* *\..  ..*\.**.*.* . **\. ...*\.*...\ . *  . ..\***  \  * . ...\**  *.*\.*  .. .    .... *.*..* \...**.    ..\ ...      \* \*\.. .*\ .\* ..   *\.....*...*..*..\*.. \*.* \*..\ *.*\. .\. *\*.#
#* \.*.*\ .*. \ \.*\*\* .. .\.\**  \ *....* .***. .*. .*\..****..*..*..\\\ \ \    .\* .\ \  @......*\*. .**.....\* ..**.!\**..  .\ \ *.\. * \.* *\* ***.***.*\.*.*....**\*\* *\ * .... \ ..\ *\!** *..*.*...*#
##############################################################################################################################################################################################################

Water 155
Flooding 17
Waterproof 13
Razors 20
Growth 30
Trampoline A targets 9
Trampoline C targets 2
Trampoline B targets 4
Trampoline E targets 9
Trampoline D targets 4