###############################################################################################################################################################################################
#*\*\*\*..\*.....\.\\\ ** \*. ..\.  ****.**  .. \ .  * *.*\* **....\....  .  **. *.\ * .**. . * \***   *.*..\.   .   ..\.*** .@!. \ *. ...* .*. ..*..\ .. * * .. ..  *\ . *.# ..#             #
#* .*...!\ .\ .\.*.**  * .@  \*..*. .*.     .  *.**** .*  **..*.... \    \ *\..*.. \..\*..   \. *. . .**..* *..   . \ \.\. * ..***. .\. . ..\  *.*..\.   \*\*..   **.... ..\* **#             #
#. \..\** .*.. ...*.\*.. ..\\.* .*   ..\.. . *...*...\*. ...*    \\.   * ..\.. . ...   *.  .  ..\. * ..\ .*. *  *\  . .. \**. . .. .....**.  ..... \.** .\\ .* .!**.. ..* *.....#             #
#...\ \.. .* .  \. **\ .* ..**.\  .  .  .. \..!**.... .*.  *. .\*. .*..@.\*..\.. \  .*..*.\!*.  .* \ .*..\..*.* *..*.  \ .\..@\\*.. \.*\*.\ **\ *  .** .. * *.  * *@ ...*#...*  .#            #
#\. .! ..  ..*. .. \*\ **..\..\...** **. ....  *.**.*  . \*..\ ...\... . .** *. .*..**.......  .\. \\ ....  .*. .*.\ \ .*\.. ..\** .  .*..**\**   . \ . **  **....*..   . ** *# *#            #
#.* *.   . \*.* \.* .* \..**... *... .** .. .*\. *\ .\ *.\**.*\.. .. *... ..*  *\. .*\   *\ \*\*   . *.\.* .*.. .*   \.* \ .\ ***.. ..*\\.!*.\.      \**\..\* . \*. . *..\*. \ ***#           #
# \.  * \...\. . *.  . ...*. * .\...\.   . \**.!*..*\*. *.** ..\*.\ ...\*...** *\. .. .....* !\*.* .*..** * ..*.\ \ . ..\ *. .*.  . *\. * **\  .\ ..\. ... . \  .. ** \....  ##.##            #
#   *\ ..* *.\***..*\ .@*.. \  **\.\..@ ... .\!.* .. @\...\..\**.  \ ***.. ..**! *  .*.\ * .\.*. .*.. \... *\...*..* .  .**.  .* .  \* .. ..  . ..   *\ .. * .  *...* \ \ .\#  #              #
#\. . * .**. *.... *.\...!*\.  .\*  . .   *. \ \\ \ *  *.. . ...A  .....\ *\....\.* *.**.. \*. .* ..  . **\W.*  W.\  \. \*..\W.*.\\  ** \ ....*..\ ..  **. \.. *. * ....\ *@#                 #
#...\.\*.*\   .\* **. ... .  .   .*\@ . ***..*** .*.. \**  * ..**..*\**\ .  *\**.\* @@\  . . *\*\.  ..  . .......*.\. * ..\.* .\ .. .\   **. .. *  ....... .*   ...\... \..*#                 #
#\.\. ....** .. \.  .. ...*  .* *.\.*  .*..   **..*.\ .\\\*.* ***..****..   . . ..*.**.\*   *\   *.. \ *   \**   *.. *.     *.\ .\ ** ** .*. .. .\ \ . * .. **.*\  . .  .*.###                #
#* .*    ..\*..*.  ..   *. \  * ...*. * .* ..*. . \ . . *.*..*..\.**....   \@  .\ . ..  \.. . **. *. ..*\.*...  .**.\. .. * \.*\ .\.*...  **...*..  **\.. *\.*...\* .\  *..#. #               #
#.  ...*\  *   .  \ \ * .  ..... . .\  .\.***.\**.. . * \*  *.\.   \.\ * .\.\ \ ...   .. .\ .\ ..* . @**. ..\*  . .. . ...* .\. .\  .   . .. @* * * !..*. * . .  .\\* .\. .#\#                #
#*  *... .\.* ... .*\**. .* .*\ *\ . \\*\*.    *..*..*\*.. . * **... ..*  .*.\.\ .  ..*.  .*\.\ ... \**\.*.. .\.**.. .   ...*.  .@..\*!!!   ....\. .  ...\ . *\\.. *.  *\... #                #
# \**.*\.  .*. *.***..* .\ ... .*  .\.....  **..\ \. ..*   .. .*.. ***.*.\.\ ***\.  ..\*..\  ... . \ \\  ...*.*.W..* .  .\* .*  ... .**..*\  .\...**  \ *.* .*..  \*\*.* #.\#                 #
#* ..*    \. .\. ..\*.*  .\\ *.* ** * .*\.*..*\ \@.   .* \. . ..    *.*..!\.*.!\  ..\  ..\* .\.***..*.\ .\**.... *\    ** \ .**.\... .*\. ..\*. ..... . . . .. .@\.\.*.. . #                  #
#.*\ .. .  .\.  \ ..... . .**. *\.\*.\  \ **\ *\ *.\ .\.*.*  *.**..*.*. .. *.*.. *\*. *.. ..   .\* *  ..  \*..@*@*.**...*\  \.. .  . ... * * ..**.* . *   .*  * .    .\\* ..#                 #
#*. .\ \. \ .\  ..*. * .  !\.....*..\* .\.**...\..\    .****. \..\..*.\   ..\.*!\. .\ *. *..**\...\.**!..\.*. .\.*.*..*    . * .*...*. \ ..\  *\.  . **  \...\.. \.\.\ . . *.#                #
#*.. ** *\. .*.. \.. . *.. * *.**.*.*\ ..\.. \. ..**\ ......*\  \.**... ..\. *...\ \..*.\.  ..* .*  .** .  *! ..\. !*..@.  . .\. * ...\. .*.*. .*\*..... *...     . ***\.!...#                #
#*\*.\ \...*.\ ..  * ..\ \*.\*\.**.\... .* *\...  *\ \ ! \  ....  \..\  ..****.* * .. .\* \ **. *.  **\   *.* *\.*\ \****.    * ..*..* *.\.*.\. * .\ \.  ... \.. **.... .  *\.# ##            #
#. .* .*. *. * ... .  .\.. \ .. *...\.. @. . *\..*\ *..   .\.\  .\. *...*..* *.  \.... *.* ....** *  *...\..*  .*.*... . *... .  \.. . ..* !.\ .* ... ..\.\  .. \.\. ... *.*.\##..#           #
#\ *\ .\.** .*. .* ..*...*.. .\*.!     \. *  *.    ..\.*\... *  ..   \ \.*\.\. .. **   . . **.**.. * * \\ \..!.!\.*\*.  .\*\\ .  .* .*..*\ *.* *..*\*   . .   .\.*.  *.* \*  .## *#           #
#*\\ \....*  .. .* . .* *. .\ *.\@.\. .  \*  .*. **. *\ . ** ...*. \ . . ...\ \   ....* **\\.**.\**  ....*  *\\ *  .\\.\\..*** \.  \....***... *\ ... . .* ***.**..\ *.\  *..  \ .#           #
#\*\.!\. *. .  ..  \. *.\  .**.\..\ .\.\.*. *\*\ .*C*.!   .. **\...     .    !..\....**\..\*\.  ..* . .. .\ . .\.\ **  .*\*\.\ \ ..* ..*...\ ... .  ....   ...** .* \... *\.*. * ###          #
#.*.*.   *. *. . ..**\. **..*.\*  .\. ..*...**    *.* .*\. \\@*!.\ **\..  .. * . .*..*.***..*.* \.. \..  **...* * \.. .** **..\.. ..\  ..* .. \* *\  ..  *. . \.\   . .*....\ .\  *\#         #
#\**. . *** \..*..\ .* \*..**  . *\.  \..  *.*\. \..*.\.\*.. \.*  ....\ .. .*\... . @...\  *.*.   .\.. **.. *\.\..\*.\**. * ..*\    ..*  ** .  ...  !    .  .*** . \. *! *.\.. ***. #         #
#\ *. .*\.  .  ** .     .   *..  \.  . **  .*\...*  **. .. .* \** *  \*  .\*.*  . *   *  .@.*..*\**. .*.\*.*... . .... . *. ****..*..\\  ..*\. * .\.\*** ** **...\..\ \  .  * ...*...##       #
#..\ .*. \  *  .* .    ..  *..\.*  ... * \*\\ . .* * . .  .  \ .. .\\  ..\ . . .. ..\*!  \. * .*..* ...*.\.. . \   . *.* .\ .*.\...  @.  *\   ..W .  ..*\..\...\.\.\....*  ..* .  .  .*####   #
#*.\*.***. .* \  *\. .*  **. .**\ .\..** \...* . . * ....**.. \.\ ....\* .**...*.*. ..*\*. *.**.  \ .\..\. *  . .*  *....\ ... \**. \.\.*****..  .  .. \!.. \ .*\** .*.*.* .\.*\ .***....\.#  #
#*\.*..*. .*.    \.\*. *.*.\W  .**.*. \.\ . .. \. \** .**..*. .  ... *  .*.*.*\..\**..\  ...  *  ...**\**\.\  .. . \* ..\.  .\..*\.\.* \*.\.* * . *\ .*.* **. @*.... .\\ . \*.  ..*#.\ * . #  #
#*.*..    .*.\ *......\ .* .\   ..**...*.\*\...\*.*.!*. * \.*.   \.**.   . .*..**.*\*.!\*..\.\. .. *.\....  .    \ \* . ...***. ..\*.. * *.\... *****  \**.*\ .**\   .#   \. . .\\! .W .# #   #
#.... .  . .\ ..* W* \* .\** . ** . .\..  \*\.**.\...*  . .\.* * .\.* *  . *.. *. .*\.* * ***.\.***.   . ..* . ...\.. @   * ....* .\ ..  *\..  \**. .**.*\ .** .*W\* . \**.. .     *\*..##.#  #
# ..\*.. .* *.  *\  \ *. .**.*  .. . *\ .*W*. .* . \. . .\     \ .* .*. . *.**. .* *.** *.... . .\*** * *\. ** *     ..*\ .\ ** *.\.\..  .*\    ....\.\*   *...  *.\.*..\.**\ .  *\... **# \# #
#*  .\*  \. .. * ** * .. ..*..\ @..\ . .*.  . \.. .. \* *   * ...\\.  * ...*...    **\. *..**.**.*\*.\* .*@.*... ...\** .. \\**  .*. .* *@*.*...\....* .**.\  .. *\    \..\. *  \.*  *\#.*\#  #
#\*.\..*.  . * . .. .  *\*\.*\ *\.\   . . \  ...\**. ..    \. \.\**. **   . .. *\*\ ***.!.*.. * \. .*.\ .@*\* *..  .*..\* \. .  *\ \.***\.*.*\ . .*\.*. ....*. *.  .\  . ...\@**.\.  .. ..*#  #
#.. *\...*. * .* .*..  **.**.* *. .*.. *  .* .  ..B. . * .*.  \....*\**.\.    \.\.*. *..\.\*..\ ..\ .  .  .**\\* \*\.*..\*. *..  *.  *. .\.\  * .\...* *\*\.. ..*. *..**\  .*.\..  * ..\.* #  #
# . .. *.\ \.\...     \.. *....*\  . *  .*..  .5***.*. . .**\. . *.. .***\  .!..\*..\..\.* *  .  .. . .*.*... *\ . .\ * *. .*.   !\* .. \. \.\\..*.....\.\.   .\ . .\...  * . *. .\.   *. .####
#  .*.\*.. .\.*\.\.\.*.*. .\\.\ *  ...**....* . .  \.* . *.*  .. .****.\.*.  @..\.\. . *  *..*\ \**. ..\ *.. .*. .\. *. . * *\ . . ..\*.. ... \ ..* *. . ...\ *\  *..*   *\ ..  ..*..*..*\ ..*#
#**.!* .   .... * .  .\ *\*   . .\ *..*..\\ ..*.*\ . .\. *\ . ..\ *\ @ ***.   .\**  . . .\ **. . *    *. *.  .\.\.  ..*.\.* . *.  .. .! *\\  * .\ .\@ .\*. .. **\ ***.* \*..\..**..* *.\#*\.###
#*\ *\ *  *. . .\  \  *\*..\.\ .. ..**.*.* .  ........  *  **.*...\   ...\* . \..\**..\ *!.\.  \.**..*...*.* \. .     * \..\  * ....** \..*. *   . ....! \......  * *..*.**.*.*.* .#...##..#  #
#.**\...*..\.\\.* *...* .\  \ . .\ .*  .....\  \. . .\ ...\.**\..  ..\..\ *..\.\.\.*.  ... ...  .*..\ *\*\.\ . .   .\ ..\ .*\ .    \.....\*. .\*\..\ ..\..\\..*\.*...  . .  @*...\.\. .# ##   #
#...*\*\.  *.  \.  .*W\ ...\.  \.*  ..* \**.*  .  \ .  ..*. *\\ *....... @.  ...\  . ** *\* *   **...* ..*\*.    * .   ..\ ....  **.*.  *.**.. \. .* .. ..\.\*.\ *\ **.** .\.. .!*.\..*.#     #
#.\. *. \. .\ .\    W\*   .  .. .  . *...*.\.!\  *\\.** * \    **@.\.**   *  ...  .* . *\ . * .*\\... @***..\ \@  .  * .*  * \.  *.\*.  . .\.*\.\. **.  .*.\ . * .W  *.* .*..   .*.*. @.#     #
# \.*.@*.. \.*\   !**.  \ .**\*.\...\   *  .....*.*!... . . *  ...  *.*.*\..**.*  \. \   \.\*.*..*.    ***  . .\\**.\. *. ... . .\.*.*.. \.......**.*.*  *.   *\. .  \**. \.*.* .*..**. *#    #
#.*.***. ..  * ...*\*.   ... **..* *\ ...\.* ..\.*.*. *W*\ \*..  .* . .\.\ \\... \    ..\!\.\ *....\*\** * \  \*.\..*. \...  . .   . .*\* .*\ \ .\.\.\ .. *.\ *.\. . *..   * *.\ . .**.#.#    #
#\....\*  . *\.  *.*.\ *...  .\... *...  . \ \\*...** . * !.\*.  .*@*\\  *...\* .*. \*  .*. .*\***..* *\..*  .. .  ... *.\**..\*.*\.\ ..\     .*.*  !.. .*.\**. @!   ...*.*.*...*. *.**.###   #
#. . .  .. ..  .\.*\....*.* * *.*\... *.\  .*. .\* *. . . \..*. .*  \! *  *   ! .\..*.W.*. *...**\.   ..\.. *.  .. *.   @ ...*.\ .** ..\ .*..*  .* \.*\. . ..* **.* *  !. .*. .*....#  .  *#  #
#.. .  *. ..\ * ..* ..*\*.  * . .  ....  \*.\*. .*@.....* .\.*  .*.* *.. **.**** .*.\ \ .!* \.*.\.   . \.***.* ..*\..\...!\ ..\  *\\ *\*. .\.*\*  .. *  *\..*@\ ..*\!\*\.. ...*.. *.#    #.#  #
# ..**..*..*  . \.*  ..*.. .\.\  ...* . *..**.*  *.**\\ \*\. ..* *.* . .. *.*....\. **. . * . .  .*.*..\*.....   ...*. .**.   *\ . . \*.   .\.\...** ..\.*\ ..*.\ \ *...\ **\ .  .*#* ##*##   #
#\....\.\ ..\ .*  *..\.@   .. .. .. ....*  .***  ...**.. . .\ *..*\. .\.* ....* .*\ *..  ... *.. .*.\ ... .\  .!.\\ **..*     *  .\*  * **..  ** *.**..*.*..\*.  .*.. **..\ .\\.\ .! .# #     #
#  .. * . .**.  .\.  . * *! *. \. .* !\  .*\\ @ **. .\ *\** . * *..*.*..** *\... . *..\  **.*...* .. \ \ .*.**@W. *\.\.** .\. ****.***.\ *.*\....*\ \ ....\ ..  \....\\..  ....\!\ . *#       #
#. \\  .*.\..  *   \.....*\ *!..\ \*... @ * ..\*.*...*.....  . \*.*..\*...\. \*...  ...**.* ..*..   \.. .  *... \* . *.\*\ ** .\ *...\*. .\\  * \ **** .. \*\\ *.*\.\.  .\* * *.    *#        #
#.*!. *.*\   **.   .\.\. *. @...* .* *  *\...  \.*\ ** *\\.**  ...   ..*\..*\. .. ...  . .*     .  **  . . .*. *..   *...  .. **..  **..* *..\*...\..\\ * *.. W*@*  .. **..* \.   * \# ###    #
#.@**.....\. \.  . .\......\.W*...*.***... *.\*  .*..**. *\.\.\.*  .\    ... .   ...\.*  ..\. ..\. .*..   .** \*...** *..* \..*\.\* .**\.*.*\**\* **\  .*\.*.* . .. .  *****.  . \.\#.#. *#   #
#* .. .\   ...    .**.  *.***  .\*.**\..   \..* *..*.*\ .. .*   .  *.*.  ..*.  .  * .....*\ \.**.*\ ** **. *.  *. ..  *. \   \*..*.. \. *. \.*\.* ...\\\*. . *.\.*.\* . .*.... .. .***.. .#   #
#*.\\* .**\. .. * **. !\..*\*\  *. ** \...*...  *\ *W**. **.\**..*.*** \ . . ...  .*. *.\.**.... ...**.\.\.***.. *.. .*  .* ....\..**...*. ..  *    ..*.. .\ ***\**.. *\.. .\*. * .. .#.*#    #
#.*    .... *\....\\**\ * \ *. .\.\.*  *.*... *... . .\...   .\ ..\*\. @.****  .**W *.*..*... . *  \**. *...*  \  *.* . *\.* .\**\.*.*\*\ .   .. .*    .\   \ .\***.*.\*. ..*\   . . *. #     #
#.\.\* .*.*  .. *  \.\. *\. **\*    .! . . \...\*  ..*.*.\. .* .*....* . *\.*  \ .*\.\  .. .   * *.... .** . \*.  *.* \... *  ...  ..\ ..* .\..\ .\. .*..*\. .  ..\..*... .  . *\.***!#\\#    #
# *\.. ..*.* .. ....  .*..\*\ .**\*\*   *  ...*....  ** ...* *  ... \..* *..  .....** ... .\ .@* . *..*..*   .\***.  ..  ...\..\ . .*. \ * * .* ..   \**..*** .\ .\. \ *.* @.* ...**.*  #     #
#.**.* *.  \   .  ...  * **\*. ...*  .* ..*\.*!\.. ....  .\. .*.*.... .... \ **. *.*.*  * \.  *. . !.\..*.\*.**.....  . *.\ .. \ \.. . .\* *. ...*.* ... *..* ***.**. *. *..\\*.  .**.\.#     #
# .****.. ...*. .** ....\*..* ..*. .\ . * ....  .*   *\.. .***..***   .*  * ** *\*.. *\* \. ***     ** *\* ...*  *.  \*\... *  . .* **.**..\  .**. **\ .\.\.. *..\.\!**. **....  .*. .###     #
# ..\.. ..*    ....   *\*.* *\..***..**... * \.. .  ... .  .\ **!*\  \*\*..\\. .** \* ....*. *\.  **...*** .* *. **\*   .. .. * * ..*\.*.* . . *. ...  . .  . ..\ * **\ ... .. *\**  .\# ##   #
#.\ ... \** \ **\ .. \ \* *      .......  .* @.*  **  . ..\.. .\ .. . \\.*.. \ .**  *  *. .. . *. ...\* . ..*.*..* ....   *\**. !.*.***.*..    .\* .\ \* *    *  *\...*  \\ ***. ..    \*  #  #
#. \ . .*.*.  .*..  .. *. . .\. *  \* \.  \.\..*.\.\**...* .\** \*  ... \.*\ .* .** *  *.*.\ .\***   \. ..  .**\..\..\ .* ...... *.* *....\ \...*.. * \.... .*..\.*\  . *.  .\.    \ W\...#   #
#.\  *  . ..*.\..\.. .** .   .\..\. .   . . . *. ...**. .. ....* . \.*..**.  ...**. .* ..*\**....*..*.* *\ .!.\.\  .* *.  \ \ \...\..*.   ..   *\.  ....@..*.. ....  * \..*  . \.....   *#    #
#\*. . . \...*  ..   .*.*  ..\.*\  . **. *..\* ..\ \ **   ** .\.\  ....**\ .  . .*..*\   \ *..\\..*   ..\  .\.**  \.. \   .\ . .*.. \*.   *  *. .. * .*\\*. .... ***\.*..**  **. . *#..  *#   #
#....*  . ***.*   \.*....  ** \ . \  *.** . .*\ . .**  ! \ .\.  ..*.*.**..** **\ . \. * . .. ...* .*. \*.*.\. .*. .   .***.*\\*\.*\ ..*.\ . ***.\* .     \ ... **... .**\..\**.. !*.\ \. #    #
#.\. *\\. .*.**W*..***\..* .*  ..*@....*. \ ..*.* *.. .\    * .\.\.\.  *.\\. \** *.@  *  ..*.*  ..*    **..**....\ *  *.*.\..*. ...  \. ..\*..*..\**.  .*..\.  \. .*** *..*..\ \ *..*#. .#    #
#\* * .* .\. .  *. *.* **. ***  *.*.\...\..\**. * \  . *.*.@. .*.*.  .\..*!.....\..**.. ** *..*  ** * *\.\* .\ .\..*.\.*.* .\...\ \*\.  ..\* \.**\..\.*. .*. .@.*  .*. .\ .. **. .**# #\*#    #
#***\  . ..****.  .*.\   ..*.   \... \    . ...\**. *. **.*.**\.*\\*  \.  .\ *\.*  *\*  ** ****\*.. ...  *\ ..\ .\.\ *.*..\ ....*...*.\\.*. \...*.   \..\.. .*\ \ .\.*\ .*\! *\. * \#  ##     #
#*.. \ *....*\. *. \ ....\\\ ...\ .\..  ..*!.  ...*. \ \. **\.\ * .*\\ \\  . *...\ . . *.. . * .\. *  .*....*\ .. .. .*. .!  *@ !*. *.*  . ....\ .\\*.**..\*..*.*\**** *\..\  *\..*#          #
#..\..@.* \..\* @ ...\    *.. .*. *    .* *.* \*.\.. ....*...*.*.\ .\   *..\* @   *  **.*\. .\...*.\*. ...* * **.. * ..* *\.*.. \   ..\..*\   * .*..* *. ..* .\ ..*.*.\  \..\ . **#.#         #
#** ..**\. * .. ..*\\  .  .. . . *.  ..*\ .\.  . .\.\.   *.** \ . ***.*\*.* .. .\.  . *.*..\*..*.\....* @*.*.  \*.  \  \ *. *.    ..  !\@.  .\.* . .  **. . .*  \ .\. *  .\  \.\.\*.# ##      #
#**. \\. .\ . ..\  *\   ***\***.**\.* \*.. * *** ** * *.*\...\.**. .*...**.@*... \  . .  \* ..\.\ **.\.  * . .\.*..\  .*.....\**\ .   *.. **..*.. ....*.** ......*!*.***    .. . ..!.# .#     #
#..*.\.!.*. *\   .*\*....* ***.*\ . .*..*\*. . ...   \.*....\. ..\  *   .*\*...\.. * .   . * .\..*\*.\.. . \. .\. ** *\.*.\2.*..  * .  \. **** ....\ *. .. *\....* ...*.\   *. * #*...*#      #
#..\!\..**  . *..*  @*\. *.*.\. *..* .*. .**\*** *.  .*.*...*\.  *..*. . *...**..\**\..\**.*.\*\ ......*\. . * *  .\... ..   ..*\ .\ .* *..\. ..\ \...  . \.*\  .. .\ .* ...\ *.!## *.#       #
#....** .. ..**. . *... \. \. *\...**\*....* *  .* .  .*** \.*\. .*.**\ \\*. !* ......\.*!\\*.\.\  \  \****\   . *..** ... . .. . * .*...*\*\.. .  *\....*....  .... * .*** .... # ###        #
#.*.**\..\*. * *.***..\ .* W. \......** .\.!   . \  .    \ . .*.\*.\....***\ *\  \ . .*\*\..* . ..  *...*.\!. . .\ ....*..* * ..*.* *\  . .**.. *.*.* ..*.\.\.@*..\......#. \..**#            #
#*.* .. .. \.@ .\* .\   .*.....*  .\*** \.. * *\.  * *.\\.\.  *. *.. .W   **. .*.  *  . \.\ *\  *. .*\   * *..\.*.*  **.\.* .\. .*. ... *..\W*  \\*\..   *\*\ \\*  . .  \.. #####             #
# \*.  \! *.\ . !*.\*. ...  .    .  *\ .*  *.\. .... . **. . ..  .. .\ *.\ * .*.  \.\  *  * .. .* \ ... . ..*\ ... *.*\*.  .@!.*...* *. .***** *..*** .\ *.. *.*.\.* \....\.#                 #
#... . *\ \*. .*.. . .**   * ...**. ..*.* *.. ***\* . .*.    ...* . .* * ... *.* .! .  .  ..\ . . .  .*\**  . . .\.\\...\.*.*. . !\....\..\..* ***.*. . ..@ .* \* .* \ #*.####                #
#  .  *..**.  .*. ..  .****. . .**\\... ....*\**.... \ \.* ... **. \  * .\   .** *  *\**.  *..    .\ \.*..*. \..\.\.*\*\ *.*\.  **@ *. *  ...\*..*.*...**\.... ..*@...* . ....#               #
#\.\..\ ....  *... **.....* *.  ..*...\*** .\*..**.\\...*.  ..*.*. ..* . ...\*.  ..**.* .  *...   .\.  ..*..  ..*.  ..\..\ .\.**.!. .\ *....\.. .** *..**. *..  \*. \**  . *\#                #
#.*** . . **  *.*\*.\ \  \  \. *\ *.\. ***..**..*.\ *.\ . \. . .*.\ *.*.**..**\..  .*. *  W.*.\ *** *\  \* *\ \ ** !..* ....\ .\.\.  *. **   *.* *  ** .**\...*\..   ..#. .##                 #
#.\...\*\... ..*.**.\.  ..     . \* .. ....\.*** **.*\..  \..\. .\ **\**...\...* \\*\  .  \. ..*.@.\.  \.. *. ..\.   ..\** \   **.  *.. * .. .\.*.  .\@ . ..**..   *\@.# *.\#                 #
#.*.*\ .  . ..\*\.\..**.*... .*. ..\.. . .\*  ..** *\ \*   \.\ .\....*..*.*....... **..*..*..  .\* * \.  \.** .*     \**    .*.**.\.*..\.\..\ . . \. \*\ .* W*\ .***.... ..#                  #
#..**\  .\   * ..\.*  * \   . ... . .     .\  \... . \.*..*. \!.*. ...\ .\*.  W*  .**...  \**.*\*... .  *.*...   .**\*.  .\*  .\. ...   ..  *.  .**. \.*...\.*...* ***  *.*#                  #
#... ....*.\ * . * * . \.\\. .... ** ..*.\.  *   \  \ . . !*    \ \....\  *   . ..\\**.\   .. *****\ . \ .* \ .\**  ...\  .** \  .\ .\ .\.\ @\ **. \*\..\  .*. .** ..*. .###                  #
#\*   . .  .*.. ..**..  \.\\ \*\  **. !* *\  .\.* .* !*..\.\ \.\.* ..*.*. . * *..* \  .. . .  ..\.  ..*  ..*.  .**. **   . *\ ...*.@  .   ..\. .*\ \*\ .!. *..* .. *#  . .*.#                 #
#@\  .  *. .\.*** .. . . *...*.**\.. . * .*. \   *.. \.* .\** \ .**.\...\ \...\.*.*.**\     \  .  .*\@**..... .*..\ !.. \!.\.....*.*.... * . .\..*\.  * ..*  .*\  ..**. \ .#                  #
#..**. *.. \ \.* .** .\*.. .**. ***.*  **..  .\  *.\..*.\\ ..... *.. *    . * *\*.  ...  .**.**. * . ..*.* \. *.. . \.. **.*   **..* * * ...\ .. *. ...  ..\.* ..  *.\  ###                   #
#   **....*\*. *...\*.*\\ *\.*  .*. . @\...    .*.** ..\....* *\*.*\.  \.\....** **.\*.**\*. * . .*.  **. ...   *. **. .\.     *\ .\.. \.. .**..  \ \.\.*W\ \.**.. W*.\#                      #
#* .. .\\..*.\\..*\*\. *. \. . .. ..*...*\ .*    . \ *. . \.*\!**  *!...* .. * \ .\\ * *...  .   ..*\*... .\.*\.\. .\. ..* \.. \*.\.  * . * \. *!\.\..... . . \*.\*..# \#                     #
# \* .\* .. . ..\.. ..\.**.  \      \......\.\.*....* ..        .\..    . .\..\.  . \* *...\ .*.*  \. *...\ .**....*. *..\ *.\ . \* ..... .\ \ .  \ .. **. \  ..\*.!.\*#                      #
#.\* **  *.\ ...**\*.*.  . ..***.  . *\**\.**...\. ** .*.\ *.  . @* ..\* \ ..    \*... ** \.*.* *  .*....\.  *...*..* .. \ * * *... *..* ***...*.. *.\  *   *\ *..* ..#                       #
#* *\\.\.  *.\ .*.*. ..*  .\.**\.\*....*.*.. .\.   ... \.*.\ ..* .. *  * .. **  *..**. .* ..*..\. ...\ . .. *...\.  .\* .  .\ .**.\...*\\.**\*.. \ .  ... \.*... .\.  #                       #
#\ * *\ *  \.\***\ \ **..\.*\*!. ..\ \\... *.  .\* ..\  \.\... *  *.*.\\ . .\*..* .. .  . * *..!\ *\.*.\. *.. .W. . \..* ...!.*..*.\  .\\ ** *.  . .  \ *\**\ .\.*   #                        #
#  .. . . \.  . .*\*..*\..*  *. *.\.** \..*.  . *** .. * .  *\*.   ..*\. .. * * . .*    * .**..   \*.*. . .*..\.  . . \ . .***. \....\ . \.. ...\..   ..  \...\.*.* .#                        #
# \**. * *..*@ . .*\..** .. *. *..*.*  . **\ ***...\ \ ***\\**.*  ***\ . \.*.*..\ .. **.**..**\*\.. ..* .\.\**   *.*.\..*.**....*. ***  * *..**   *\.   . ..   # ..##                         #
#. ...** .  ..*  *\....*.!\.W* .*..\* \**...********\*\..\  .**\**\***\ ..*.     .\. **!\.. .. ..*\*\*.\ ..* .\ ....* . @ .\ .\****  ..   .  \* @.\. \ ...  *\. #\LW##                        #
#**....*.. * *. *.W.*\. \   *..\. **.  *.*.*...**.. *\..\*  ..\.... .\ * . .@.\*  *. . ...   ..* .. .... *\ * . ** !*  \.. .**\.* .   .. * .\. ***. .. \\.  *.*  .\.* #                       #
#**.*.**. \.   \.  *.*..   \*.\ .*.\*\  *  .\.\   *.. .* .\.       * .** .*.. ..* ..*  \  *.. ..\\.. ..\ *\ ....*. ** ..  ....***.. *.\* .......*\*. *. *.. . .*.\#   .#                      #
# ...@.  *.\\*...\*\..* .  ..\..****...*.  .*\ *\*.. * .** .*\* \* \..\***\.*  .\@   *\.\..**  \.  \  ..*.  .  *.. .... *\*  *.*\*\\*\ \. . \ .\.**.  *\.\ .*. *.   \*#                       #
#*  .*\ **....\.**  . * !.     .*\*. .* *\ ... ...* \*.*..*  *.  \ .*.  * . .... . .**.*. **  \.. \.*\. .  .\ *.\*\*.   . .\ ..\ * .\.\..*. ..  .\.. .*\.. .\.\.\ . .*#                       #
#. . .* .\.  .\\*.**. . *   !...@**\\ ...*  .*. *....*\*   .* \... .*.\.*\... .  *. \*..* .* . . \*.  \* \.  ****\..  ..* *** * .* .*\@ \...*.        .**.* * ..**.*.#                        #
#* . \.  ...    ** \ ..\. \*  *....\**.\\ .  *\ ...****..*  *\.@..* .  *\ \ .\.*.* . .*\.* ... **.*\ * *\*\**.*\ .. .\... .\. .*.***  *.. .\. \.  * .*    *\.\.*.# *.\#                       #
#  .*.**\   *.   . \  *. .... . \.... **  * \..**. .*.*\ . \.\.. *.   *.\ .** . \.. *  ..*   .\..\**.*...**..  *  . .... .\..\...*.*** ..*\\*   . ...**.**. *.\.\ .###                        #
#\. .. ...\.\* @***. \.  . .*..\  *  ... \  \ *..*.*. ...\.  .. ... ..*..  ..\ ..\. . **\.**\. *.*\*\* \*..* .*.!\. . ...**  . .*\ ..  .*.*..*.* ..* ...#*\  *.*\.#                           #
#* .\*. \** .*..\**. ..\ .*.** .*.** .*...\ . * *... . .\.  .\*..*.* \\ . .*  *. ..  \.*...*. .*\! . .....\.....*.\. .  *. * \ ..*  *\  ....@.* \...*. *** \ ...  ##                          #
#. .!*.. *\....\ \. .*  ..* ** *. .* . **\ \*..*.** ***.** .\..  ****. . **. .*   .  **.*  .*..* ..  .* **.\.**\ \*.. ..... ..\\..   !*\.\.\. .    \  .... .   @*..@#                         #
#\   . .\*.\.* ***\ * ..!*.\. .. ...*\... *.\ \ *. ...* .\    *....*.. . *... *  *..**.*.\*   .*@  \.**\.* .\...  * *..\*\* \.. * .\.\.*\  .\.\*..\.\.  . *... \\**.#                         #
# .*\* . .*.\.. ..  .  *...!**.\*. \\ .   \. ..   .\  *\.*.\.. \ ***\.\ \    .*. .\ .\ *  .. \.*.\ *. .  .\. .*.*!* .. ..*.* . *.*. \ ...*.*.**.\.**.. \\*..*###*.\*#                         #
# \* *  \**..\*. *.  ...\*\*\.\.. \. *.  *.  .*   *.....*.*..\  **.. .**.\**. *  * . * . .*. .*.*.\. \ * .  *  .*\. \.* @. .* ...*.\!*\.** .*** ..**.* .\..* .# ## #                          #
#.**..   **@ *.* *\...\ .....\\ . . ..* *. * .. * *\\    \.  .*...\ . **.   .\\ ..\. .**\..**.* . *\..**** \.  * ......*\. .. **\* .  .**\. .*. \.. \* \ *##*.*#  #                           #
# .*.*.* .*.*  .*.*\*  \ .!...W.*.\  *@ .   . . ..*. . ** .. .\.   *   **.*  *  ..* *  . * ...*. .. * ..\. . *\    ..    .\   .**.\**. ... .*.....#  .   .  ..#                               #
# .**.... .**  *. .*..  **\*....*..\  .  * \*.\.\ \ * . .. *  ..  ..*  *\.. *.*.\.. *\.  *\.  . * \.\.***.\\  *.... \ . .. .\ *.....\@.* *W..\* \.  *\* *.#\# #                               #
# *. .*\ . .. ..\. *.  ...  . \ .  ..*\...  ..* * @ *. *.* .\ \*  \   \* .\ * *\*. *\.*.*. .         .*..**.\..  .  .  * ...**... .**.......\*\ .* .* *!...## #                               #
#  \. **.\.  *  .  **....\.** ..**..  .. .\ ..... . . \* . ...**. . ..\.\ .\* . . *.* . .\ *.*.....\..*.**.. \.\.*.\.\..\*.**. \* ...  .... *..**.* **\. .. ##                                #
# ..@..\ .  \. *\ *.\.**@.\ .. . *\.\. *.   *.*\    *.. .   * **.* .*.*.*\*..  * **.\.*\  *.. ..  *\ .. ..\.\..*..W     **..\ **\*.  . \..    *.  * W. \..# ..#                               #
#***** *.    *...\.  .*..\*.  . ....    .*..   .\*. . .\**@.*..\**\*.\....*.****  *\ ..* ..\**.* * . * .. *\ .\* .\.\.  ..* ...**.\ *  . ...*.\ . ..*.* *@   #                                #
#\*  \..*.. *.\.**.*.\**  .*..  *..\.\*\ ...*@.\.  ** *....    *.. .@.  . \.** ..! \ .\. **  ...\.*\*.\   ..\ .\  .. *.  * *.. .*. .* *** .\ ...*   *..*.. .\#                                #
# .\... .*  *\   **.@ .**\.*\ **. .**\.. \*..\* *....*\. \.\. *\\.  \!\.\.*.*. ..  *.. ...**...*. ....*\!\   ...** \.**\ .W*.\* .*  .*.\    ..... *\* .. #*\#                                 #
# *\*\ . * ** \ \*.*. *\.* .**.. !. \.\ ..\.*.\..@     *  *....**.\   .*. ...\ . **..\*.  ..\**. **.....\*.*\* \.. .*.* \.*\  *\ . * .* . .**.   **.. .\.# #                                  #
#.\. .. **\.  .** \  .\*\..\..\*.*.* ! .*  \ ..* *\..  *  *. * .   \\.**. ..  .  **. .. \ \ .\.\.** .@ .*.@*..* ..* .\  . ..*\* *..***..** . .*. .* \!\#**\#                                  #
#.*.\ . ..*  . ..**. *....... . . .*   .\ \.\.\.\... \*\.*.\*.W.**. ..*\  .\  \.  .*.* . \.***.*.*** . **.*.* @.. .*. *.  .. ......**.\ *\**.  .**\.  .W*##                                   #
#\*...* \  \..  ..\*\...\ *.. \ .. *    *.*  * *** . *.. *. .*. .\..*.* \*@.. ...\ *.\ **. .*\*. .. ..* .*.\* * ***. . ..  * *....\.. *.. \*. *  **. \ **###                                  #
#.* . \...  * *.\. *  \  ...  .  . **.* ...\....\*.  .. \.\\\* .\ * \@*\... *.   *...   . *  \.\. @ .*. .*. ..\ ..**\ * * ..      *.\..\ *.*** **\* ..\.# . # #                               #
#   . ..* .*. .. .  .  * \  . \.  ...***. ...*.\ * \** *\ . . *\**.\  \ .*\ . .... .**. \..\*  *\*  *..\ .\ \.* ...\ .. \.  .** .....\ .* \....\**.. * *\  ..#*#                              #
# \   **.. .*.  *.*..\ \*. **.\  . .***.\\ \.*  ***..* .!* *  .*\*  .   \.*.  *** .\**.  .. .  *.* .  ..   *   . ..* .  .@.\.\. .*\*..**.*    .*\  *\..* .\ #.!.###                           #
#\ *.\*.. \*. .\..* \   *..*\.*\.* *.*...* .*...*...\ .. . .* .  .\.. \ ...  *. . *.. *..   \ *. . . \ **.**   .  ..   . ..***. ..**\ .* .\   .\ . .. .* .* *.*##*.#                          #
#!..  !  * * \ ..@**..*.*. ...   \***. . ** **\\.\* * * *\ **  .*..  . .*** \* *  . .*..\* *.*.* ...\..\. *\. *  *  .*\.  *.\ .\*. *.\... .*\.*! *.*\.*.. ..**..*\.#                          #
#    .\ *\.. . *\..**\*... . * \..*\**  .*.*.\.. .. . \ ... . @ *..   \*.....*.*.    *.. .\\*...*.*.\.  *\\ .....\*.*.   \*.  *..*..* \   . .*..\*. *.**\  .#\##\##                           #
#\... \.\ *  \.\  **. **.... .    . ..\.....  * \.\*..  .  .*\**. *... * *\**\*.  .   \\ .. .* *.  \. ....\ ... * \.*\   \* **\\**\ **.*.  . .\**\\ **.\..\ .#  #                             #
#.****... . *  ..**. *..      @  .* . ** ..*.\. . * **\*. * . ...\.*. .. *.\@..\** * \** *....*.  \.*\.*.\ .\*\**..\..   .. \..\...\*.\*.\...\ *.  \*\   ###* #                               #
#...  \. *. * \*..\. .\*... \*. *. ..*.. .**.** !\.***... .. .  ..*.    .! .*..***\.\.\.  . ..*\.\*.\.*.*@\.  ..\  *.*..*.\..  .\*\*.\. **  #* . .\.. .\ .    #                               #
#\ .*. *.. **.\.W*. \..*.*  .\  .  *\\.*  ..**..**\..\ .  \ \  \ \* W\.... ..\.***. ** ...* **..*.\ ..*...* \. .  *. \ ..\.\\  *.*.  .*\... ..* *... *\*# # \*#                               #
#. \ * . . *.*** .* .\*...\  ...\ * \ .\ .**\.  *.***.*\ * .*.*.*...\... .  *.**.* .*. *** .... **\.\.*. *.   . ... !..\..  . \.*.*.*.*  \ .\ * .\\. #*.\# #..*#                              #
# * ** \**.*  *. .. *. .       \\ .... .*\.\.\. . .*\\**.***. ** ....*.*   .** . * ..\..  ** *....*.  ..\.***.*\ **\\ * ..\.. .....*\*   . *      *#\ **#  #*.#                               #
# .\.* ...**. *.  .**. *.*. \.  .. ..\. . \   . . .\  .*.\.**  .. . *. ..*\.*.*...  ....\.*\ .\.. .! . *..**\ .*.\\!.*** .. *.  *.*.*.\*.  *..   ...####   #*.#                               #
#.*\\***..**\ ...* \... .***\.\\  .*..\.  *.  .R.. * \** . .   ** *.\.***@ *\*.* \*....  *. . *\. ..  ..*\.\\. ..\.*.\*.\***.  *\.\ . *.  \.* .. *\*#       ##                                #
#  . ..\.*..  .*..  .**. .\.!.* . \.. .\ ..\....!*..\.. *.\  * \   *.* .\.\.@.**..\.\.\  *.*. . * .\..*.**..*..   **.*\* .\.\. . *!. *.\.* *  **#..#                                          #
#\ ..*. ... .\*.\  ..*. .\.\ \W\**. * *.*.*. \. ...\.**\ ..... ..*.. . \.\*..... . .!.*.*..****\ .  . . *\ .... .*\  . **..\ * *..\. *.. .\.\*. \.\ #                                         #
#...\*  *\ . .** .   * .*..**.* ... ..* * .*\*\ * *!..*  ..**\\....! . .  .*   .  \*.  *  *\..\ \*\ .**  ..*..*.  .*\  **..\.\**** . * \*  . *\\..##                                          #
#.\ .\  .**..*. .   \ .\. *.... \..*\.*\  @*.*..\*\\...\  \* . \ ..*  \..** .\.*\*.*.. . *.*..   \...\.  *\ . *\  .. *  .*. ..\ !. . * #\.* *..* ..#                                          #
# ... ..\.*.*** \. .. ..*.\*\* \. \. *..  .* ! ... .**\.*..**..\.....*   \*. . .**\.* \*.\.*  . \ ** *** . .*\. ...* \.\*\  . * .*.  **\.*\ *\ .##*#                                          #
# . .. *.@\*..*  . *. *... * **. *.. .*.. \. *.. \\... .. *.* \. \.\ .*.**.*.  .. * ..\.\* ...*. *. \ *.\  \\ ..*.*.   ...* * * *.\ \** ...\ *\ *\#                                           #
# *\@....\* ..** * ..  \ .\.\.*. \.\  . .*.* .\  . \ \*.  *.. *.\ * . * . . . . ..    ..\* . .  * .\ ..* . ....  ..*\.*\ ***... .  .\**# .* ####.#                                            #
#\\*.**.. \ * ..\*.*\*.. .  .*.\!*.*.  **\  \.*.*  .\....\. .\.*..*.*..*.** *\.. ..**.**..!**\......\.*\ *   \.\*.*\... .\\*\\..   \.## # .*!#  #                                             #
#.* \.*\ . **@ * . .*.*\ .*.*. *.*.. *.*..\. ***.\.\  *..* *..\.*. ****..**.\.\  .*. * \ .*.*.* *  ......*.   *.*\*  ...\.*..* .\*.#\.*#*. #.#                                                #
#\ ..*..*..\*.. .  .*...\ ....*.\.\.\  *   .  ..* *. \***.!.*. \*.*....*..* .*.*  .\ *\. *.\ \. * \ @ * .\   *..**\\  *.*.* *.#. #\#..# # \##                                                 #
#.   \*.@*..**.\ **.\.. ..* .   **.\.**\  *...* *\.\. .. *..\*  * *. \ *.*...\..*\ *.*  ... . ... *\.  * *.*.. \.. .  .\*\*! .*.# ####  # ..#                                                 #
# .***.  . \. *. .\..*\   ...\! . * .*  **.\**.\. \.**\.*.\@. \ \ ..*.*.*.*. .  ..\. .*\  \\.\..\ ...*.\ .*.\ * \.\ \..    . . \** .#    ###                                                  #
#* ..... \...\.... **.. \  . *. . .*..\ \.***\**.**\**  \* **.\\. \ . **.\..... .\.\ \.*  *.  **.     .* .@.  ..*  .  .. .**.\. .*\#                                                          #
#. .**.\..\ .@**\. .\.  .*... .\..*.* .*  ... \. .\    ...\. .*.*.* .* . ** \ ****.   * ..**.*..... \* **.. \..\. .*.* W.\*...\#\.#                                                           #
#. * .*.*\**\*.*.  . ...\ .*. *.\ *.\ *..*  \.*\..... .* ** . .*... . **\ .\*\*..*. *** \...*.\\...  *\.... .\*.!\*.\ *   ***..**. #                                                          #
#\ ..*!   **....  .*.\  ..\.  ..* .\*....\.** **. \ .* * ..  .*.* .\.  .. .*. ..   . * ..  .......*\ *.\*.\   .......* **\.*.* *\ .#                                                          #
#  *.*.*.*.\. * **...    .* ..    * *.* .*..! . **\.\..\\ *** ... *  *.. * \ * \.  \*.. .  .. .  *# ..\ ..  *.. *\.*...*.. *.. .#.\#                                                          #
#\ .**  **  ...*   ..*.*... @.\*  .*\..* *.... .\. *. \    .** *  *\ .   .  .*\ .  ..\** .*\. .* .*\*.*  .\. **.\*\.   !* ..  ..###                                                           #
#. ..* \*   ..*.. .*. * ..\  ...*..\*.\ . *.**.\. *.* **.\  *.\.\ .* *  *  .*. *.. ....*\..\** !*...**. *  *.. *..* . ***. .\ #*#                                                             #
#.*.*.. .\*.*..  ...\*\  **   \.*\\*..*..\\ \**\.\\*. .*...\...* ..**\.*.* \.* *\* ..* ..* \ \  *#\...\.*. * \.\**\..*\.* ...  *#                                                             #
###############################################################################################################################################################################################

Water 122
Flooding 9
Waterproof 13
Razors 7
Growth 7
Trampoline A targets 2
Trampoline C targets 2
Trampoline B targets 5