#######################
#        ####.#       #
# ##    #.. .*L #     #
## *# ### ..\ ##\#    #
##\###*\##\**.* . #   #
# . .##*\\ .*\ *  #   #
#*#.*#..#.  . ..  .#  #
##\*.\.... .\ .\*.#.# #
#**#* * \. ** .*.##.*##
#. .*.*\.*.** . . #\. #
#\  . ..**\.*\ .. \.. #
#*.\\....\ ... * ..\* #
#.  *W\ \..\.\ .**\.. #
# ..\.  .  .  \ \  \ \#
#. *.. \   ... . .  @*#
#.\. *  .\ . \  \.\.**#
#*.*..\   .\*.\*.**.*.#
#.*\ .**.**..* **.\*.*#
# ** *\  *. **\*** .\.#
# **   *\..* *.!.. *  #
#...\. *\*.*\.  ..@\ @#
#* \ *\  \  *.. * . . #
#  ..\*\   \.\!    .*\#
#.\*\****\ .****.\* . #
#.  * \\. .*..\.\..\*\#
#. *.\* .\.. \*.@ \.**#
#*......\..\*\..*  . *#
#. *    ***.. ... \. *#
#\*... ..*.\.\   . *@.#
#.\*\. **. * .  ..*.. #
#**\* \.\.  .* @ ..\.*#
#*. .\.*.  * . **.\.**#
#* *.*  .  .*.@***. ..#
# . *@ *  .*. .*.  .\ #
#\ . .*. * .* . .* . *#
#** * .. \ \.   .* * \#
#** *****.** ..\....*.#
#*. !\.\. . .. ...*...#
#.\*.*. *. \... \ *.*.#
#* \..\ * * * \*  ..*.#
# \\..*.\    \... **.\#
#.  *\ .\. .**.*\*..\*#
#\  ***.*.. *...*.\. *#
#.  ..* **  .. *\*. *.#
#.  ..****\.\ .* *.*..#
#.   *..* .\..*....\ .#
#\ ..\ .. .* *!  \  *\#
#    *. .. . .*.@.*...#
#.. ** ..\. \.*..\.\.*#
#\*\..*.\.. ..*    *\.#
# *.* .. ....**!*  . .#
# .*.\..!.*. .*.. .\..#
#......   ..  ...\ \ .#
# .*  *.\\..**\*\.@ \*#
#..*\.*...* *.  ..**  #
#..\. .*\*  ...\.\.* *#
#..*  \.*.\ **  .* \.*#
# \.* . .*.**.\ \  .**#
# . . \ .  *... ..\.\.#
#... *\*..* ...  *.*.*#
#..\ \.\ *.\. .\ ***.\#
#.\.   .\  . **.*..* *#
# .* .*   .\ .*.** .*.#
#\*.  .. * .. **.\. .*#
#* *\* \*.* * ... ..\.#
#*\.\.*..** *\\... ...#
#\ *..*** . *. \. .   #
#*......  \ *  . \. . #
#\.*....**  ....*. *..#
#*..\*.*.\. .\\ . \...#
#... ..  ...\ \....*. #
# .\ .\ *..**.\..  ...#
#..\.  .* ......\\. \ #
#\ .*. .*  *\\*. .*. *#
# ***\ ..\. *...  \**.#
#*.. .\\ *   ..  ..* \#
#..\**.\....\  .   . .#
#\. *. .**.\****.   *\#
#* .. \**.** *\ .   @ #
#.\.*\ *.*..*\.\   .*.#
#*. .*.\ ....  *.  *..#
#.\. ... \**\ *\*.*.* #
#..   .. ..\ *... . *.#
#*  .  . . ...\ ....**#
#. ..\  . *.* *** ....#
#* .\..* ..**\. * *. *#
#   *  . .\. .* . *\..#
#***. ....   ..\ **.  #
#*.*\* * ..*   . ...\\#
#.*\ .\..  *...***. \.#
#*... ....\.\.**.*...*#
#\.*.\...  . .*\** . \#
#* . .*     .*..... \ #
#*. *.*.. .*\ ..**...\#
#* ... ..*  ** . *  \ #
#*..*..*..***\*.\     #
#..*.*.. *.*. .! **.  #
# .**.*.*  ..  \ ..\ .#
#\..  *.*\...\. . ..  #
# *.   *****\.*.@  .*.#
# *.. .* \.*..  .*..\.#
#*...*\ . *   * . ****#
#*.\ ...  .. ..\ . \ .#
#\..**\*. *  .***.*. *#
# .* !*.\..**.\.. *\ .#
#@\   * .. .*. .....\ #
#..\...    \ .\* .\*.*#
#  *.*  . *. ..  . ...#
#** W..*  *.     \\ \ #
#.\  .*.**.*\\. !.\ *.#
#.**.** ***.*.\*.\. .\#
#*.*\.*.*.*\.*.. @   *#
#   .\.. ..\..\*** *\*#
#\. ..*\* **\*\ *.*. \#
#.. .\@.* .\..*.\*.\..#
# *  *..@** @\. ..... #
#\* *.*!..\.. .**. * .#
# * ...*\*  .*\.. .\.*#
#\.\*..  .*..  ..  ! *#
# . \.    *. *\   *..*#
# **.**. \.\.**.\\ **.#
#..*.\*.\. .\*  ...*..#
#...\   .*. .\.*. \*\ #
#     \ *..*...* \ . \#
#\ .\..  .*.*\ @..    #
#*. .  *\ *.. *.\ . *.#
#.*.\ .\ \...*..      #
#*!..  .*.... ...**.. #
#  **.*.@ ***.*\.. *\.#
#**...*\.**..\.*\*.*. #
#\.*.... .**.*.**\*. *#
#*.\***.\ *.\ *.*\.*\.#
#*.* .   .*....\**....#
#* .*.* ..\    .*\ .\*#
#.  \ *.*   ..*.**.**.#
# * .   **\*.*. W .** #
#  . .. \*\. .* **. *.#
# \  ... .** **  .*.**#
#...\. .\*..!..   *.\*#
#\...* *  .*.\ ....* *#
# \ .. * *.*** *.  . *#
#\.\.\..  ..*..*..* * #
#.. * *** \. .\* *....#
#. .. ... .. **...   .#
# *.....*.\*.*.**\..\.#
# \ .\... .\ .\**...  #
#.. \..\*\  ..*...* **#
#  ..*...* *.\...*.  .#
#* .*. .*.*. ....*..**#
#...**   **.\ ..*.**..#
# . \ ..\*  ! . *. *  #
#*\ .\. * ***.* *  .\.#
# . .**  ....*. *..*..#
#\   ** .   ..  .  * .#
#.* \..   \.*  !.. * *#
#\.  .\.* . ...  .**..#
#..  * \*.  *.**.**...#
#*. ..\ .  *...*...  \#
#.\*.* \ .*\.\** \* . #
#..!*... \*.@**  .**  #
#\ ..  .*...**\.\ \\ .#
# *.*. *...**\.. . . .#
#\... \*.* *** .. \   #
#   ... *\ ..* . **   #
#*\ *.  .. . *\ ..\. .#
#.*..  \  ..\. .. *.  #
# ..* \. .*\.  *.*. .*#
# .  \.  * .**\\.*.. *#
#\ * **.\   \. *..*. .#
#*...*.  .\..  **\..  #
#**... !*\...*..\\* ..#
#*\.*.*.. .. . . \**\ #
#*..*\.\*\... *.**.   #
#*\   . \..\. .*.**. .#
#\*.\*\*.\ ..  .\..*. #
#.\* ..\ * *\  **!..**#
#\..\ . ** . . .*.\. *#
#  .*   \  *    *...*.#
# \   ..*....** . . .*#
#. .\!.\.....\*   ..*.#
#*\..**.  .  . .\. *.\#
#\  .\ ... . .\ ...  *#
#\.  *\  *.  .\. .*\*.#
#*\.*..**...* .  *.\\*#
#..\.. .W.\*\ .\ *...*#
#.\ .\ .*.*.*** ..\   #
#    * * ***\..... .*\#
# .* . ...*. \. .\ \. #
#**\.\ * ..\  .. *\  .#
# \.\ ** **..*...\*.  #
#..*.*.*... *\.*...\.\#
#*.\\. .W  .\.*     * #
# *    .  .**..*    @\#
#** .*. \\.*.....  .* #
#\. \.   \\.*   \. *\*#
#. ... ***  .!*. \\ .\#
#   \   .***. * ..\ . #
# *. *.* ..*..\  . ..*#
#*. ***.*@\*\\.*.*  .*#
#..\**\ *.*..!  .*.  .#
#\  .\. ... \.\*! . **#
#....*\  *.@.* * ...\\#
#*.\    *\.* . .   .  #
#*  ....\* . .  .** .*#
#.* .*.\.....*\ ..\.*.#
#*.* .*.  . ..*. \.\W #
#....*..  .\ \**.* .  #
# \.***\*. * ..*.\.\*\#
#\. ...... .\ ...* ..*#
#*.  .\.\  \* ..\* . \#
#** @*   \ *.  * . .*.#
#\* ..**\ **  *... \.*#
#   .**.*\. .\ .*\\. *#
#**..*\*.**\* .   .. *#
#.. .. .  * *\\.\*.\ *#
#  . \  . \*..* ..  \.#
#\   .\. . .* *. **...#
# .*.* \  \.*.  *.* *\#
#\ .*. . .\ . *** ...*#
#. .* **. *.. .*.\...*#
#\...*.. * \.. * . \**#
# *...*\.*.....  .   .#
# . .*  ...\     *.**.#
#  . .*.*. .*\..*. * *#
#.**. .*.  .... .  ...#
#@\... \ \   ****.** .#
#\...* . **\.. \.. *.*#
#.*.*. ..\..*.\ \. \ .#
#.. ** *.. .. .*.  .*.#
#.* *..!.   \\*.  \.* #
# \ . \ *\..*..*. . .*#
#\***. *.\. .  .@*\ \.#
#..* *.** .\\. ....  *#
#. ..\@*..*.  *...\\.!#
# * . .@. .. .***.**\.#
#\*.. ** *\**...\ !..*#
#*.@* .. ....* *. .. *#
#* .  ..  .....** \\..#
#..\ . .*.    *.**. . #
# *  . *\** \.. \*..* #
#.. .....*.. ..*..\ .*#
#*\ **. *  \ . . ****\#
# . .*....*. \ \ . *.*#
#  . ..  *.**!W. . .  #
#..!.**\ .\ **. .\   *#
#* .\\@**   \*.\ **   #
#*.\   *. *\. *.W.*\  #
#*. *\..  ** ..\*.. ..#
# *.*.*\ .*.\ .  *\..\#
# * \ \ ..*\. \.  .\ *#
# \*...* *\*. W*. \.*.#
#\!.\ *!.\ W.  ..*. .*#
#.  ...   \. ..*..  ..#
#.*.. W*.*... .....*  #
#. .  .* *. *... **\\ #
#.*. \..**. . \ *\ \. #
#\.*..* .\ *  \.** ..\#
#.\**.. .*.*\. ...***.#
#...**\  *...*\  *\.. #
#*.\..  \*..\. .*.**. #
#*\  *.*.. * *  **\. .#
#*. **..*. *.\***.@.\ #
#\ .... . W\**.\.\  . #
# ..   *\ .***   .\ *.#
#\ .\* .*. ...  **..*\#
#.  ..\ ***.\.*.\*.**.#
#*..* .....\ \...\*\.\#
#* *..!**\  . ..**\ .*#
#* *  *.. ..*. * *\ .*#
#.** *.. * *.. . .* * #
# *\**.W *\\. \.\.\*. #
#....** \..*.*.**..\  #
#.*. *.**!*\*.* **\ **#
# . ......**..*... *..#
#* .  !\. ***\. .\. \ #
#.   ** \*\*.**  ** .\#
#  . *.. \...*. \. \. #
#.@  .**. *.  .\ . .* #
#  * .W*.\. .*  * . . #
#. *.\**..***.\*... *.#
# ...* *.**.*... \.\..#
#\ \*@ * *. .. ... ..*#
#...*..  ***    \.* *.#
#*...    *\\ \...*  ..#
#..***...*.. .* \*.\.*#
#.*.....*****.... . * #
#*. .@.\*\ \. .\*.\.\*#
#\....*.*. .*\. \  \  #
#.*@.*.\.  *@..  .\ *.#
# .....*  .*.**  .* \\#
#  *\A .* *.*\. ..\ .*#
#..  .  * **\.\..\ \  #
#  .. \*** *.  *  *...#
#   ...\.\\.* *\*... *#
# ...*.@*   ..\*.*.\..#
#\*. *.! \ .\.*...**..#
#*.* . . .\ * .*.*.*.*#
#.*.!\ ***.@.*\**   \.#
#*.*.* *...  ..**.. .*#
#.*.\.  \ ... ..  *. *#
#.*   .    \ * **.**..#
#\* .\ . . 2\ \ *\.*..#
#*.\..*\ .... .. **. .#
#....\.*.\*\  \. *.*.*#
#** * *\ *. .*. .*..*.#
#..*\\. . .\*.   ***.\#
#**..\*.   ..****. * .#
#. *.** .. ..* \** . .#
#.*\***..\.\ * .*.\*. #
# .*.\* ..*.**\.. * *\#
#\*.\ \ *.. . ..*..*..#
#*.....*..\. *..    ..#
#@**.\.** .. *\   . \.#
#\\* . *.  .\. *!.* ..#
#. ! . ***.\.  . .*.  #
#. . * *** *.\*....   #
#. . . \. ....\..**\.\#
# ..*.\....\*\***.*.\ #
#...... .*. ...*\.*  *#
#..\..*  ..  \  . . .*#
#.\*. .\*.   \ \  *.\*#
# .\*.. ... . \..\**.*#
#.*  .  \..\...* ..* .#
#\.*. \** .. .\*\ \*.*#
#* * . \*.... \.\. .  #
#. *\ *.*  . .  . . **#
#*..*. \.\  \\**.\  \*#
#....* *.. \...\\. @..#
#* * *** .  **  \\ .  #
#. .*...\.* *.\@!\   !#
#  **.\  .... .\ .  .\#
# *.. .\. .. .\.  .. *#
#.. \ ...\ ..*.\ ...*.#
#. ..\*\ * ******\*\..#
#*  * .   \\*\.*..  * #
#. *.\.\...***. .\ *..#
#**... ...*.\*..  ..  #
#*\*\.** ..  **. ...\.#
#..\ ..* .\ !*.\. \**.#
# *.*\!..  *..*.* .*.*#
#.. .. . ..*\...*  \..#
# .\ ...\*..... *  @ .#
#\  ***  ***.\ . .\*.\#
#*\....*\*.*\.\* \*\\.#
#* .  *.\..   .*. .   #
#   \.  .*\ .*!**.  **#
#\..*.\... . @*... . .#
#\* \**. .\ *\.\ *..*@#
#.*!\*.....\..\.**.*.*#
# .  .   ... \...\.. .#
#\  \* *** \ ... * \. #
#\ *..\.*. .. .  .\ \.#
#.*..*. .*  ..  . ...\#
# . . .*...** .* .** *#
#\   ..\@.*. * . ... *#
# . . * .  ..\ \ .*.  #
#**..\. .*.*.\ !.*.*  #
#. .\ . \  .\ . .*\. \#
#*  *  .. * .. .....  #
#. ....\**\ ..\.\..**.#
#*.\@*. .* **\... ... #
# *\... .. .*\.\ * \*.#
#..... . .. *.\.*.@\..#
#. \*.  .   *  .**.  *#
#**.! **  *. *....* *\#
#..\ ..\ \.\ **.***.**#
# ...\* ..\ ..\.*W@\\.#
# ****.. \..\. .**\@  #
#\*.* *\*.\ ... . * ..#
#..  .\.* * \..\*.!.*.#
#....\..\  .. ..... .*#
#* .*. .*.\\.\ ..\ . *#
#.@ ..\.\...\*. * ....#
#.*. . \* \\  ..*  \  #
#*\    .@*. .    *.. *#
#. *.*.**.. . .. \ *\*#
#* *.\..\  .*.**.. *.\#
#*  .*. .  .. ..\.* ..#
#* \\.\ \.. *. . ...*.#
#* *\.. .\.*.. * \**\*#
#\ .*..   ...  ..\*. .#
#. \. ...*\.**  \.  \.#
#*\.**.  @*  \  . .  *#
#...   .  .    \ \  . #
#* . ..***\ **   .*. \#
#* .  .\..*  .\.. **\.#
#. ...*.*   .* * * **\#
#\  . .@\*  .\ *.*. ..#
#  .  \....  \*.*.*  .#
#.\  . \.\\. .\.\ *\* #
#..... .\.. \ . *\. .*#
#. @.   *    .****  .*#
#. ... **  \* ..\!*. .#
#\\..  *. *** @*.@* .\#
#.**.*  *....  * .**  #
# ..  \* \..* **. *...#
#\. *..\  ....\.\..\..#
# ....* * \*\    ..*..#
#.. . .*. *. .  *.*\.\#
#\ \  .*. .. *  . .  .#
#.*. * .\...\.\  .   .#
#*.*.\. ...*..      *\#
#* . @* . \. . .\**  .#
#* *\...  .. . \*.*. *#
#..*  \.. *    ..\.**.#
#\..\.    . .@.**\ .*.#
#*\ .*.. . .*..*.    *#
#. .*. *. ***\  *..\*.#
#\.\* ..\ \*.*.. . *@.#
#.  *. * * . .  \...* #
#\ ..\ *..  *.  .*.** #
#.. \\..\. ** . ..\ *.#
# **.. .  ..\ .  *\ . #
#. *!*. ** *...\.    \#
#.\\.  * . ...... *\*.#
#.*.....*   . \ *  **.#
#...\\ *.  *. .*\. .*\#
#\.\.*...\ .... *  *\.#
#*\ .\.. .. .   *. . *#
#\*  * *. \  ..*.*.\..#
#..\*.\..... ... \*.* #
#*.\*.. ***.. **\.\.. #
#\ **. \***\  .W*\* .*#
#..*.\ ...\@ .*\. . .*#
#\ *.*\.   .** .     \#
#*.*...\.*.**.****\ *.#
#... . *...*.... .  . #
# .*.  .   .. ...*\..\#
#*.***   *. * . ..* *.#
#.\ ** .\\**.\.\..*..*#
#.* .**\.* . . . *. \.#
#.\*.*!..\  . .  .\.!*#
#. *\!*.*.\   .\\.*\*.#
# *. .* \ .**.\.***...#
#\* . .\  *.\* \.*\ . #
#*....\* .. ..* *..  .#
#\* **.\.* .   ....  .#
#.* .**.\..   .*  \. *#
# . .*.\  W  . ... *\.#
#. *...**\* **\*. *\ .#
#\\  **.. . .\.* .***\#
# *.** *..*. **.\...* #
#\. .\. ...*.\\..**\ .#
#.\  ..  .**.*\. *.\* #
#....\ .\...\\  \**..*#
#**\....   * *.\....\ #
#*\. .\.*..*\.. ..@. \#
#*..\.. .****\ .. .* .#
#* \*\. *..*\  *  *..\#
#*.* *** *...  ..\...*#
#. ...\*\.**. * *.\ *\#
#.\*\ ..***\ *\***.\ *#
#*.. \ ..\ ...**.*\.  #
#.* ... .  \  .**. .. #
# .. .\ \ ..*. .....  #
#\..  **.\...  * . .**#
#*\ * ..* \. .**\ \\*.#
#\**.*\.\ ..  *.. .. .#
#*   .W\ \**.*\. ..\..#
#*.*  .*  *...*. . .**#
#. .*  ..*. !\.\*\  \.#
# . .*. ...\**@ .*.* .#
#* . **   . *..*\*..\.#
#.*. ..* *.\ \ * ....\#
# .*..\*.\.\.. .     .#
#\ ....**** .*\*\. ** #
#.**. \.\.*.  ...****.#
#  \. . .*.\ .*.*..\..#
#**.\* *** .* .. * .. #
#**.*  .\* ..   **\. .#
#.** .\... .\ *\. . .@#
#.*.\ ..* ***\. ... \.#
#.*.***.. *... .@.\. .#
#\ .\.  .. *\*. *.. \*#
# .  ..W *\.@...\. . .#
#*.**.   .**.*\! .  .\#
#....\ .   .*.* * . *.#
#. ** .*.     .*. * \\#
# .**.\.*\... *. *. .\#
#\ .**\*****   .*..\..#
#..\*\.* .\*\** .* .. #
#*\*\ **. ....  .* *..#
#** \ . ...*.  \   .  #
#**\*\** *\.\  . * !\ #
#*.....  * .. . *. .*.#
#*.  . .*.. ..  . \ ..#
#......\*** \.. @.. \.#
#\* ..\ ... .....*. *.#
#..  !. .*.\.    .* **#
#\  . .*\. \ . .*\. * #
#  ..*.\. *\. .**.* * #
#*.\   .* **.*..\..  .#
#***  . *.** *. ..\ ..#
#*.\.!* .*..* . \ .*.*#
#.**\ *. .**\ *..*\\W.#
#\... .  .....*.\*.*. #
#.*\\  .\ \**  *.**.* #
#.. . *\ . *...  *... #
#*\ **..**.\*...\.\.*.#
#*. ...\..* * **. * * #
#\ .\*..\*.*.  \.   !*#
#...*.@. . *\ *.\.\. \#
# .*. *\\. .*...  ..  #
#. .* ... \ .\. *    .#
#..\. . * .. .*\*  .* #
#    *...   \ . . .*. #
#..  \ @   !. .... ..*#
#@  \**.*.* \  .\ . ..#
#.*  .. * \ .*.\. ..**#
#..\  *..* . *\...* ..#
#.\ \...*    .*\ \**.\#
# ** \ *.. \ .*  *..* #
#***...**\....*\ **...#
#*\.* ..*.*...*. * ..*#
#* ... ..*.*..  ..\.*.#
#.* \**\    \*.*.\..\\#
#..\ .\ *.... . **  .*#
#*\  \ ...     ..* \..#
#*..\ .\**. * . .  . .#
#.\\*. *\**\. .. .*\..#
#* \..*.\. ...\* \* ..#
#.*   *\ **.** * .....#
#\. **..    *.*. .\   #
# \ \*  .   ...   *  .#
#... .*  \..*\ * .. *.#
#. .*...\. \.  **\ .**#
#\*\\..*.. .* .**. *..#
#*.*.. \..\.*...\..*\.#
#\. \*. .   *  .  *** #
#  \*\  \.\*. ..\\..\.#
#*.. .  .* *\  \. ***\#
#** *. **.\...\. *.***#
#\\.. .\.****. **.*\ .#
# \. .. *..**.*.. \ ..#
#  .. * \ .*.    *..  #
#\..* .    .*  .\* \  #
#..\\. . .\*\\. *  ...#
#\  .**    *   *  .  *#
#*\..\*. .**\ .\...  \#
#..*\..**.*.. . **..*.#
#...  .*.\!.*.*\.**..*#
#\.*.\.*...  .*.\. .  #
#..\*. .*.** *\ \. ...#
#*\.*\ .. .*. ...\ *\ #
#\* .* . \.. .*\ @ .. #
#   \.. .. .. ..\.  \.#
#..  *  *... *\. *.  .#
#*.\*.  .\\..    * *  #
#..**..* **** ..*.!. *#
#..**.\ *. *. ....*  .#
#@*. \*.  .\ * *\ ..*\#
#..\ . . \..\.*.*.\ . #
#*\***.. .*. . *\\.   #
#.*  * \.**. *..    .*#
# ***.\. *.*.*... .  .#
# ..\...*..*\**..\*. \#
#.* @* .*..*.*  *..*..#
#...*** ......\*.   *.#
# *..*.\*....* ..** * #
#\..*** *.\... \ *.*\.#
#.\...*..*..\ ..\* .\.#
#*..\ **.. .* .**.  . #
#. \ *.!   \.  \...  .#
# *.... .  \*   .\....#
# .*..\. *\..   *.  *.#
#\*.\ . .. . .. ...* *#
#*. *...  .*.\. !.\. .#
#.  . \ ..*\.    \ \. #
#\** .  .****\  *.  \*#
#*..\**. W  .\. .*. . #
#* *.\.. *\**\\.*.\* *#
#.*\*..*\. *.\  .\. .\#
#  .  *.. ..  . .* .*.#
#\ .. **\  .*.. .. \\.#
#... *.. .*  .* . ...*#
#. .* ...    *.  .*  .#
#. .\ * .\  .. \ *. \.#
#.  *..*. .***  *\  * #
#.  . .. . .\. \*.**..#
#*...*\. \* .\**..**\.#
#. \**\. ** *\.* \....#
#\.   *  ** . ** ..*.*#
#W\  \* . \.  W .\ ...#
#\ * ....  * \..* \* \#
#!.*. . *!*..***\. \*.#
#    *.*. ..\*. *...\*#
#.....\.  .\... *  .*.#
#\ *\*.\* *.  .**\ * .#
#. \.\..* .\  \. ..** #
# .  ..**....**  .  **#
# ... \.*   . .\ * *\.#
#.!* .**\\  *.  *...\ #
#\.*.*.***\... .. **\*#
#.*\ **..\!** . \ .* .#
#\\*.*.. *.*...\ * .. #
#.\.*. \..*.\ \.\. .**#
#***...* .*.  *  \.\..#
# *\*.*.* .. *. .\   .#
#..*.*.\.  * \  \ *\ .#
#.* .** \..* .. .**.*\#
#\.\.\* *.*..**   * . #
#.\..*. . *   .\ *\\ .#
# .. . ....  * **.... #
# .\**. \..\ ..\.*. \ #
#  ****\ .\..**  \ * .#
#.\.*..**.* .\*\  ..*.#
#*\ \. . .. \*\ .*. ..#
#..\. \.\ \..! .... *.#
#  ..\  .... .  *.\.*\#
#\*. . .*.. \ R.*.*\ *#
#. .*\**. .. .....**..#
#.. .* *.\  *\ *...* .#
#\.*\. .*.**\. .**.***#
#*\.*\.*  ..*.. ..*..*#
#.*** ... .**.  ..\** #
#\. .  \****@*.  *.\. #
#..*.. .@...  .**..* \#
#       .\*  *    .. .#
# .\..\.\ *. .*.. .*\ #
#  *.***.*. . . .  ...#
#\ . .\.... .*. ..   \#
#.*..\*.\\.  ..... ...#
# .** ..  . .*.  .*\ .#
#.*.. ... * *****\**. #
#######################

Water 173
Flooding 12
Waterproof 16
Razors 37
Growth 32
Trampoline A targets 2