###########
##.#      #
## #      #
## @##    #
##*\#.# ###
#\. .*##.*#
#*..#**L .#
#..**.#..*#
#. **..#**#
#**.\.  *##
#.\ .. *. #
# . ** . .#
# ..\.*\*.#
#* ..*. \ #
#. .\* \..#
#\.  *\. .#
#... . * .#
#*\.\*\.. #
#\.*   .  #
#... .@\. #
#  .*\... #
#. \*... .#
#\.* .. * #
#.*.   ...#
#*.**  \*.#
#\ \.* ** #
#.\ \.*.\\#
#\ .  .\ *#
#. ..  .!.#
#*.. .. ..#
#\.\.* ***#
# * *.\**.#
#.. .*!*. #
#*\  . .\.#
#  ..* .*.#
#\..** .*.#
#* \.  \.F#
#  .\\. *.#
# .\ *  ..#
#\. \..*. #
# *.. .   #
#\* \ .*\!#
#..  \*. *#
#..   . ..#
#\* .* .* #
#**  .  . #
#*\ \..*  #
#2 *.!\. .#
#  .*\. ..#
# . .***. #
# *. \E..\#
#\. * ... #
#  ..* * .#
#*\.*.\.*\#
#\.***..**#
# ....  .*#
#.. *..\@.#
#.\ .\..!\#
#...*  **.#
#\ . \... #
#.\ ..* .\#
#*.*..* ..#
#. . .\ ..#
#* ** . .*#
#*  ..!* .#
#.  ... \.#
#\.*.\.   #
#\ ... ** #
#... ..*.*#
# .*. .* .#
# \.** . .#
#. ..\ **\#
#\  **..\*#
#..\. .*..#
#\**.   . #
#.*.  .*..#
#.*... .**#
#....  .**#
#*  * .*\.#
#**...*.  #
# . .\  ..#
# . . **..#
# *. . .*.#
# * .*    #
#\*\* *.*.#
# \\. . * #
# .* *\\. #
#  .. .. .#
#.*  D**\ #
#8**@ *...#
#  \.\ *  #
#*.   .  *#
#.   *** .#
# .  *\..!#
#.\  .*.*.#
#.. . *\ .#
#.!\ \..  #
#  * .\.  #
#  *.*. . #
#.... @*. #
#**\ *. .*#
#*.*\.*\\ #
#\ * *....#
#  *. .** #
# ...\...*#
#\ .\!.\ .#
#* .  * .!#
#..  *\ .*#
#\ .\ . **#
#   . \..!#
#. .   . *#
#**   \ ..#
#..     ..#
#* * . .**#
#*\.*\.  .#
#..\\*\...#
# .. . *  #
#.  ***  *#
# .\..  . #
#    @ !!*#
#* *\.*..*#
#\..  .* .#
#  \ *.*  #
# *.  ...*#
# .*..\ * #
#\**  *\.\#
# ..   * .#
#\  ** \ .#
# ...@\. \#
# .*..*...#
#\   .\* \#
#*     *  #
#.*  ** **#
#\*\.*.\.!#
#*..*.\ *\#
#.*\......#
#*.   .\.\#
#*.*. ... #
#.*.\. ..\#
#   ...  .#
#  * ..\\\#
#* \\  *..#
#.  !\ ..\#
#*.*  **@*#
#. . \*..*#
# ......**#
#...*.  ..#
#1 * *.\. #
#.*.   .*\#
# . * * ..#
#\...\..*.#
# * ..* **#
# \*\.*...#
# . .  ***#
#. .  * !\#
# **. .  .#
# .!\.. . #
#.\.  ... #
#*4\ .\*..#
#.***.*. \#
#.. ...* .#
# *   ..  #
#. !*... !#
#.**.  . .#
#\.*. ****#
#. .\\!***#
# \.\. . *#
#\.* *   \#
#.\  .* ..#
#.  *\....#
#*\.  \ .*#
#\ \*..   #
#  \ .\** #
#  *.**\  #
#. A*.*   #
# \.*.. **#
#.*   ....#
#\* ..**.*#
#.\  .. **#
# .\ \*.*.#
#\\  .\.*.#
#*\\.\*\**#
#. ***\*\ #
# **.* .**#
# .\*.. .\#
# \ .* . .#
#*.*\.. ..#
#. .*\.\  #
#\..*C\.  #
#..*.\\ ..#
#...  *  *#
#*.*..\ *.#
#  \.*\...#
# ..*\*.. #
#\. *. .\.#
#. .*.*   #
#***  .  \#
#....* \* #
#. * ..*.\#
#. . . .. #
#..  *\  .#
#**\***.\ #
#....* *. #
#\.*.. ..\#
#* *. \ ..#
#* .. *.*\#
#* * \ ..*#
#\ \  **.\#
#.*. .\.. #
#\*.* *   #
#  ** . *.#
# *.. \.. #
#\*\.    .#
#..   * .*#
# *.  .. \#
# .@ .! . #
#\ . . \.\#
#**  * .  #
#*\*\.  . #
#* ..\ *  #
#**. *.*.\#
#\**.\ \*.#
# *. ....*#
#*.*.**.**#
#***\ *.*.#
# .\ *\ ..#
#\....*\@ #
#    \! ..#
#  . * *.*#
#\..****. #
#*.*.\ **W#
#.\.  \.  #
#\ .  \. \#
#. \   ...#
# ....    #
#*. . .  *#
#.* .   B.#
#.  .*  * #
#.*\ . \..#
#*.*.  .*\#
# !\*.. ..#
#\.*.*\. .#
#...*..* *#
#..*  .  \#
#..*.*...\#
#\ ..!. ..#
# *   \...#
#@** .... #
#***.*  .*#
#. ... *\ #
#  . .\\* #
#  *\ ... #
#* *! *\.*#
#.*  *...*#
# . *\. .*#
# .**.*. *#
# *..*\  .#
#\..*.*** #
#. ..*..\ #
# \. ..\..#
#\ \.\   .#
#*.\ .* *.#
#** .\ ..\#
#..**.@*  #
#  ..*.  *#
# \  * . *#
#. ... *.*#
#*. **    #
#\.W .... #
#..  *.\*\#
# *.\.!. !#
#\.\  *  *#
#.\. *.* .#
#\.*..\***#
# *.*.  \*#
#..!..* ..#
#..**\.  .#
#* *\ .\.\#
#\ \ * . .#
#*.R  .  .#
#.\.@**.  #
#\..****\.#
# \   ..  #
#...*.  ! #
#.. ...*.*#
#** ** * .#
#\\. . .  #
#.. ..  . #
#\. *... .#
#  \ .. ..#
#* * . *.*#
#.***  **.#
#..*.** \*#
# \..  ...#
#.... .*..#
# * ....\*#
#**   . !*#
#*   *   *#
#*. *\  .\#
#@\.\.*\ *#
#\  \.* *.#
#..\.\.*\\#
# **  ..\ #
#\.* *. **#
#W*  . *.\#
#...\ .\ .#
#\ \. . \.#
#** . .*..#
#.\*** *\.#
#* \..*.  #
#...*..\ *#
#\ *. ..\.#
# *.*. \..#
#\.***\.\ #
# .***.\  #
#\*..*** .#
#*.\*.. .\#
#\ **.\.**#
#.*. **W*.#
#\.\ *....#
#*..\ .  .#
#  ..* .\ #
#\.. *.   #
#  *\.  *.#
#\ ...**.*#
#\.*.. @..#
#*\.@* !  #
# . *. *  #
#\*. * .3.#
#.. .* . \#
#.*. .\.. #
# ..* .**.#
# \.*  ..*#
#**..  ...#
#..*. \  \#
#*. .  ...#
#\.*.* ..*#
#*.\ .\* .#
# . **. \ #
#  .*.... #
#..\..\\..#
#   * \ . #
#.  . ..\.#
#*.*.\ .*.#
# * *..\**#
#\ .. ..*.#
# \.*   ..#
# ...  *\.#
#..\.  \* #
#\ *\* .!.#
# \... .\.#
#.. \. .  #
#****\. \.#
#  ...*   #
#\.. *.*..#
# .. ..\.*#
#.. ..\ .*#
#!*.**. *\#
# W.@. .\*#
# *\*   \.#
#*.**. ..\#
#.***. ..*#
#\...*. .\#
#   * * . #
#..\. ..  #
# .**   *.#
#\*\ .*.**#
#*..\*@*  #
#.* \5\.. #
#   .  .\.#
#..**\.\  #
#.\.***\  #
# .*. \  @#
#.. .  .**#
#. *  . ..#
#\.** ...\#
# ..* .\  #
#*.* .*.* #
#\ . .\.*\#
# \. .  \ #
#.  ..  .\#
#*.   .*\.#
#**\*\  *\#
#.. ..\..*#
#.\.* ..  #
#.. ! *.\ #
#.  @ . ..#
#* \*\*  \#
#*..*.. ..#
#. ** .\.\#
#. .@.*.**#
#.. .*\.**#
#  **. .* #
#. .* *\..#
#* *. ..  #
#*** ...  #
#\.*\  \*.#
# .\   !*.#
#\. * * . #
#* . .\   #
#.\.* * *.#
#  *.!.*  #
#*  .. .. #
#\. **..\.#
# .*.. \.*#
# .* .*\..#
#.  .  .. #
#*\.. *.*.#
###########

Water 0
Flooding 0
Waterproof 8
Razors 49
Growth 14
Trampoline A targets 1
Trampoline C targets 5
Trampoline B targets 2
Trampoline E targets 3
Trampoline D targets 8
Trampoline F targets 4